94.23.42.196 - - [06/Apr/2020:11:32:57 +0000] "GET /wp-login.php HTTP/1.1" 200 7144 "-" "Mozilla/5.0 (X11; Ubuntu; Linux x86_64; rv:62.0) Gecko/20100101 Firefox/62.0"
94.23.42.196 - - [06/Apr/2020:11:32:58 +0000] "POST /wp-login.php HTTP/1.1" 200 8204 "-" "Mozilla/5.0 (X11; Ubuntu; Linux x86_64; rv:62.0) Gecko/20100101 Firefox/62.0"
94.23.42.196 - - [06/Apr/2020:11:32:59 +0000] "GET /wp-login.php HTTP/1.1" 200 7144 "-" "Mozilla/5.0 (X11; Ubuntu; Linux x86_64; rv:62.0) Gecko/20100101 Firefox/62.0"
94.23.42.196 - - [06/Apr/2020:11:33:00 +0000] "POST /wp-login.php HTTP/1.1" 200 8053 "-" "Mozilla/5.0 (X11; Ubuntu; Linux x86_64; rv:62.0) Gecko/20100101 Firefox/62.0"
94.23.42.196 - - [06/Apr/2020:11:33:01 +0000] "POST /xmlrpc.php HTTP/1.1" 200 401 "-" "Mozilla/5.0 (X11; Ubuntu; Linux x86_64; rv:62.0) Gecko/20100101 Firefox/62.0"
134.209.53.244 - - [06/Apr/2020:11:47:33 +0000] "GET /wp-login.php HTTP/1.1" 200 7144 "-" "Mozilla/5.0 (X11; Ubuntu; Linux x86_64; rv:62.0) Gecko/20100101 Firefox/62.0"
134.209.53.244 - - [06/Apr/2020:11:47:34 +0000] "POST /wp-login.php HTTP/1.1" 200 8204 "-" "Mozilla/5.0 (X11; Ubuntu; Linux x86_64; rv:62.0) Gecko/20100101 Firefox/62.0"
134.209.53.244 - - [06/Apr/2020:11:47:34 +0000] "GET /wp-login.php HTTP/1.1" 200 7144 "-" "Mozilla/5.0 (X11; Ubuntu; Linux x86_64; rv:62.0) Gecko/20100101 Firefox/62.0"
134.209.53.244 - - [06/Apr/2020:11:47:35 +0000] "POST /wp-login.php HTTP/1.1" 200 8053 "-" "Mozilla/5.0 (X11; Ubuntu; Linux x86_64; rv:62.0) Gecko/20100101 Firefox/62.0"
134.209.53.244 - - [06/Apr/2020:11:47:35 +0000] "POST /xmlrpc.php HTTP/1.1" 200 401 "-" "Mozilla/5.0 (X11; Ubuntu; Linux x86_64; rv:62.0) Gecko/20100101 Firefox/62.0"
127.0.0.1 - - [06/Apr/2020:12:02:39 +0000] "POST /wp-cron.php?doing_wp_cron=1586174559.4195449352264404296875 HTTP/1.1" 200 - "https://www.datos.asia/wp-cron.php?doing_wp_cron=1586174559.4195449352264404296875" "WordPress/5.3.2; https://www.datos.asia"
192.99.149.195 - - [06/Apr/2020:12:02:39 +0000] "GET /wp-login.php HTTP/1.1" 200 7144 "-" "Mozilla/5.0 (X11; Ubuntu; Linux x86_64; rv:62.0) Gecko/20100101 Firefox/62.0"
192.99.149.195 - - [06/Apr/2020:12:02:40 +0000] "POST /wp-login.php HTTP/1.1" 200 8204 "-" "Mozilla/5.0 (X11; Ubuntu; Linux x86_64; rv:62.0) Gecko/20100101 Firefox/62.0"
192.99.149.195 - - [06/Apr/2020:12:02:42 +0000] "GET /wp-login.php HTTP/1.1" 200 7144 "-" "Mozilla/5.0 (X11; Ubuntu; Linux x86_64; rv:62.0) Gecko/20100101 Firefox/62.0"
192.99.149.195 - - [06/Apr/2020:12:02:43 +0000] "POST /wp-login.php HTTP/1.1" 200 8053 "-" "Mozilla/5.0 (X11; Ubuntu; Linux x86_64; rv:62.0) Gecko/20100101 Firefox/62.0"
192.99.149.195 - - [06/Apr/2020:12:02:44 +0000] "POST /xmlrpc.php HTTP/1.1" 200 401 "-" "Mozilla/5.0 (X11; Ubuntu; Linux x86_64; rv:62.0) Gecko/20100101 Firefox/62.0"
216.244.66.239 - - [06/Apr/2020:12:16:07 +0000] "GET /t430_rep_fru_26_lcdpanel/ HTTP/1.1" 301 - "-" "Mozilla/5.0 (compatible; DotBot/1.1; http://www.opensiteexplorer.org/dotbot, help@moz.com)"
37.59.57.87 - - [06/Apr/2020:12:16:49 +0000] "GET /wp-login.php HTTP/1.1" 200 7144 "-" "Mozilla/5.0 (X11; Ubuntu; Linux x86_64; rv:62.0) Gecko/20100101 Firefox/62.0"
37.59.57.87 - - [06/Apr/2020:12:16:50 +0000] "POST /wp-login.php HTTP/1.1" 200 8204 "-" "Mozilla/5.0 (X11; Ubuntu; Linux x86_64; rv:62.0) Gecko/20100101 Firefox/62.0"
37.59.57.87 - - [06/Apr/2020:12:16:51 +0000] "GET /wp-login.php HTTP/1.1" 200 7144 "-" "Mozilla/5.0 (X11; Ubuntu; Linux x86_64; rv:62.0) Gecko/20100101 Firefox/62.0"
37.59.57.87 - - [06/Apr/2020:12:16:52 +0000] "POST /wp-login.php HTTP/1.1" 200 8061 "-" "Mozilla/5.0 (X11; Ubuntu; Linux x86_64; rv:62.0) Gecko/20100101 Firefox/62.0"
37.59.57.87 - - [06/Apr/2020:12:16:53 +0000] "POST /xmlrpc.php HTTP/1.1" 200 401 "-" "Mozilla/5.0 (X11; Ubuntu; Linux x86_64; rv:62.0) Gecko/20100101 Firefox/62.0"
103.83.5.41 - - [06/Apr/2020:12:31:54 +0000] "GET / HTTP/1.0" 301 - "-" "masscan/1.0 (https://github.com/robertdavidgraham/masscan)"
195.154.114.140 - - [06/Apr/2020:12:33:01 +0000] "GET /wp-login.php HTTP/1.1" 200 7144 "-" "Mozilla/5.0 (X11; Ubuntu; Linux x86_64; rv:62.0) Gecko/20100101 Firefox/62.0"
195.154.114.140 - - [06/Apr/2020:12:33:02 +0000] "POST /wp-login.php HTTP/1.1" 200 8204 "-" "Mozilla/5.0 (X11; Ubuntu; Linux x86_64; rv:62.0) Gecko/20100101 Firefox/62.0"
195.154.114.140 - - [06/Apr/2020:12:33:03 +0000] "GET /wp-login.php HTTP/1.1" 200 7144 "-" "Mozilla/5.0 (X11; Ubuntu; Linux x86_64; rv:62.0) Gecko/20100101 Firefox/62.0"
195.154.114.140 - - [06/Apr/2020:12:33:04 +0000] "POST /wp-login.php HTTP/1.1" 200 8061 "-" "Mozilla/5.0 (X11; Ubuntu; Linux x86_64; rv:62.0) Gecko/20100101 Firefox/62.0"
195.154.114.140 - - [06/Apr/2020:12:33:05 +0000] "POST /xmlrpc.php HTTP/1.1" 200 401 "-" "Mozilla/5.0 (X11; Ubuntu; Linux x86_64; rv:62.0) Gecko/20100101 Firefox/62.0"
54.36.150.4 - - [06/Apr/2020:12:46:52 +0000] "GET /wp-content/uploads/2013/03/black.widow_.slide_1.jpg HTTP/1.1" 301 282 "-" "Mozilla/5.0 (compatible; AhrefsBot/6.1; +http://ahrefs.com/robot/)"
45.122.223.198 - - [06/Apr/2020:12:49:00 +0000] "GET /wp-login.php HTTP/1.1" 200 7144 "-" "Mozilla/5.0 (X11; Ubuntu; Linux x86_64; rv:62.0) Gecko/20100101 Firefox/62.0"
45.122.223.198 - - [06/Apr/2020:12:49:00 +0000] "POST /wp-login.php HTTP/1.1" 200 8204 "-" "Mozilla/5.0 (X11; Ubuntu; Linux x86_64; rv:62.0) Gecko/20100101 Firefox/62.0"
45.122.223.198 - - [06/Apr/2020:12:49:01 +0000] "GET /wp-login.php HTTP/1.1" 200 7144 "-" "Mozilla/5.0 (X11; Ubuntu; Linux x86_64; rv:62.0) Gecko/20100101 Firefox/62.0"
45.122.223.198 - - [06/Apr/2020:12:49:01 +0000] "POST /wp-login.php HTTP/1.1" 200 8061 "-" "Mozilla/5.0 (X11; Ubuntu; Linux x86_64; rv:62.0) Gecko/20100101 Firefox/62.0"
45.122.223.198 - - [06/Apr/2020:12:49:02 +0000] "POST /xmlrpc.php HTTP/1.1" 200 401 "-" "Mozilla/5.0 (X11; Ubuntu; Linux x86_64; rv:62.0) Gecko/20100101 Firefox/62.0"
127.0.0.1 - - [06/Apr/2020:12:51:07 +0000] "POST /wp-cron.php?doing_wp_cron=1586177467.9756269454956054687500 HTTP/1.1" 301 290 "http://www.datos.asia/wp-cron.php?doing_wp_cron=1586177467.9756269454956054687500" "WordPress/5.3.2; https://www.datos.asia"
5.8.10.202 - - [06/Apr/2020:12:51:07 +0000] "GET /crd HTTP/1.1" 301 - "-" "Go-http-client/1.1"
127.0.0.1 - - [06/Apr/2020:13:03:04 +0000] "POST /wp-cron.php?doing_wp_cron=1586178184.9846670627593994140625 HTTP/1.1" 200 - "https://www.datos.asia/wp-cron.php?doing_wp_cron=1586178184.9846670627593994140625" "WordPress/5.3.2; https://www.datos.asia"
13.75.163.43 - - [06/Apr/2020:13:03:30 +0000] "GET /wp-login.php HTTP/1.1" 200 7144 "-" "Mozilla/5.0 (X11; Ubuntu; Linux x86_64; rv:62.0) Gecko/20100101 Firefox/62.0"
13.75.163.43 - - [06/Apr/2020:13:03:30 +0000] "POST /wp-login.php HTTP/1.1" 200 8204 "-" "Mozilla/5.0 (X11; Ubuntu; Linux x86_64; rv:62.0) Gecko/20100101 Firefox/62.0"
13.75.163.43 - - [06/Apr/2020:13:03:31 +0000] "GET /wp-login.php HTTP/1.1" 200 7144 "-" "Mozilla/5.0 (X11; Ubuntu; Linux x86_64; rv:62.0) Gecko/20100101 Firefox/62.0"
13.75.163.43 - - [06/Apr/2020:13:03:32 +0000] "POST /wp-login.php HTTP/1.1" 200 8061 "-" "Mozilla/5.0 (X11; Ubuntu; Linux x86_64; rv:62.0) Gecko/20100101 Firefox/62.0"
13.75.163.43 - - [06/Apr/2020:13:03:32 +0000] "POST /xmlrpc.php HTTP/1.1" 200 401 "-" "Mozilla/5.0 (X11; Ubuntu; Linux x86_64; rv:62.0) Gecko/20100101 Firefox/62.0"
216.244.66.239 - - [06/Apr/2020:13:04:45 +0000] "GET /test/qbmonthly/vendor/quickbooks/v3-php-sdk/src/XSD2PHP/test/data/expected/Xsd2Php/?C=N;O=A HTTP/1.1" 200 1116 "-" "Mozilla/5.0 (compatible; DotBot/1.1; http://www.opensiteexplorer.org/dotbot, help@moz.com)"
216.244.66.239 - - [06/Apr/2020:13:13:09 +0000] "GET /test/qbmonthly/vendor/quickbooks/v3-php-sdk/src/XSD2PHP/lib/ZF/1.10.7/Zend/?C=D;O=A HTTP/1.1" 200 1514 "-" "Mozilla/5.0 (compatible; DotBot/1.1; http://www.opensiteexplorer.org/dotbot, help@moz.com)"
216.244.66.239 - - [06/Apr/2020:13:13:13 +0000] "GET /test/qbmonthly/vendor/quickbooks/v3-php-sdk/src/XSD2PHP/test/data/expected/MultiLevelImport/?C=D;O=A HTTP/1.1" 200 1134 "-" "Mozilla/5.0 (compatible; DotBot/1.1; http://www.opensiteexplorer.org/dotbot, help@moz.com)"
216.244.66.239 - - [06/Apr/2020:13:13:17 +0000] "GET /test/qbmonthly/vendor/quickbooks/v3-php-sdk/src/XSD2PHP/test/data/expected/MultiLevelImport/?C=S;O=A HTTP/1.1" 200 1134 "-" "Mozilla/5.0 (compatible; DotBot/1.1; http://www.opensiteexplorer.org/dotbot, help@moz.com)"
52.130.78.7 - - [06/Apr/2020:13:19:26 +0000] "GET /wp-login.php HTTP/1.1" 200 7144 "-" "Mozilla/5.0 (X11; Ubuntu; Linux x86_64; rv:62.0) Gecko/20100101 Firefox/62.0"
52.130.78.7 - - [06/Apr/2020:13:19:28 +0000] "POST /wp-login.php HTTP/1.1" 200 8204 "-" "Mozilla/5.0 (X11; Ubuntu; Linux x86_64; rv:62.0) Gecko/20100101 Firefox/62.0"
52.130.78.7 - - [06/Apr/2020:13:19:31 +0000] "GET /wp-login.php HTTP/1.1" 200 7144 "-" "Mozilla/5.0 (X11; Ubuntu; Linux x86_64; rv:62.0) Gecko/20100101 Firefox/62.0"
52.130.78.7 - - [06/Apr/2020:13:19:35 +0000] "POST /wp-login.php HTTP/1.1" 200 8061 "-" "Mozilla/5.0 (X11; Ubuntu; Linux x86_64; rv:62.0) Gecko/20100101 Firefox/62.0"
52.130.78.7 - - [06/Apr/2020:13:19:38 +0000] "POST /xmlrpc.php HTTP/1.1" 200 401 "-" "Mozilla/5.0 (X11; Ubuntu; Linux x86_64; rv:62.0) Gecko/20100101 Firefox/62.0"
54.36.150.85 - - [06/Apr/2020:13:29:25 +0000] "GET /wp-content/uploads/2013/03/broke.iphone.slide_.jpg HTTP/1.1" 301 281 "-" "Mozilla/5.0 (compatible; AhrefsBot/6.1; +http://ahrefs.com/robot/)"
139.59.4.200 - - [06/Apr/2020:13:35:31 +0000] "GET /wp-login.php HTTP/1.1" 200 7144 "-" "Mozilla/5.0 (X11; Ubuntu; Linux x86_64; rv:62.0) Gecko/20100101 Firefox/62.0"
139.59.4.200 - - [06/Apr/2020:13:35:32 +0000] "POST /wp-login.php HTTP/1.1" 200 8204 "-" "Mozilla/5.0 (X11; Ubuntu; Linux x86_64; rv:62.0) Gecko/20100101 Firefox/62.0"
139.59.4.200 - - [06/Apr/2020:13:35:32 +0000] "GET /wp-login.php HTTP/1.1" 200 7144 "-" "Mozilla/5.0 (X11; Ubuntu; Linux x86_64; rv:62.0) Gecko/20100101 Firefox/62.0"
139.59.4.200 - - [06/Apr/2020:13:35:33 +0000] "POST /wp-login.php HTTP/1.1" 200 8061 "-" "Mozilla/5.0 (X11; Ubuntu; Linux x86_64; rv:62.0) Gecko/20100101 Firefox/62.0"
139.59.4.200 - - [06/Apr/2020:13:35:33 +0000] "POST /xmlrpc.php HTTP/1.1" 200 401 "-" "Mozilla/5.0 (X11; Ubuntu; Linux x86_64; rv:62.0) Gecko/20100101 Firefox/62.0"
44.225.84.206 - - [06/Apr/2020:13:42:52 +0000] "GET http://example.com/ HTTP/1.1" 301 - "-" "AWS Security Scanner"
44.225.84.206 - - [06/Apr/2020:13:42:52 +0000] "GET http://169.254.169.254/ HTTP/1.1" 301 - "-" "AWS Security Scanner"
44.225.84.206 - - [06/Apr/2020:13:42:53 +0000] "GET http://[::ffff:a9fe:a9fe]/ HTTP/1.1" 301 - "-" "AWS Security Scanner"
44.225.84.206 - - [06/Apr/2020:13:42:53 +0000] "GET http://169.254.169.254/latest/dynamic/instance-identity/document HTTP/1.1" 301 - "-" "AWS Security Scanner"
44.225.84.206 - - [06/Apr/2020:13:42:53 +0000] "GET http://[::ffff:a9fe:a9fe]/latest/dynamic/instance-identity/document HTTP/1.1" 301 - "-" "AWS Security Scanner"
44.225.84.206 - - [06/Apr/2020:13:42:53 +0000] "GET / HTTP/1.1" 301 - "-" "AWS Security Scanner"
44.225.84.206 - - [06/Apr/2020:13:42:53 +0000] "GET / HTTP/1.1" 301 - "-" "AWS Security Scanner"
44.225.84.206 - - [06/Apr/2020:13:42:54 +0000] "GET / HTTP/1.1" 301 - "-" "AWS Security Scanner"
44.225.84.206 - - [06/Apr/2020:13:42:54 +0000] "GET /latest/dynamic/instance-identity/document HTTP/1.1" 404 19015 "-" "AWS Security Scanner"
44.225.84.206 - - [06/Apr/2020:13:42:54 +0000] "GET /latest/dynamic/instance-identity/document HTTP/1.1" 404 19015 "-" "AWS Security Scanner"
44.225.84.206 - - [06/Apr/2020:13:42:55 +0000] "CONNECT 3.114.205.254:80 HTTP/1.0" 404 19015 "-" "-"
44.225.84.206 - - [06/Apr/2020:13:42:55 +0000] "CONNECT 3.114.205.254:80 HTTP/1.0" 404 19015 "-" "-"
44.225.84.206 - - [06/Apr/2020:13:42:55 +0000] "CONNECT 3.114.205.254:80 HTTP/1.0" 404 19015 "-" "-"
44.225.84.206 - - [06/Apr/2020:13:42:56 +0000] "CONNECT 3.114.205.254:80 HTTP/1.0" 404 19015 "-" "-"
44.225.84.206 - - [06/Apr/2020:13:42:56 +0000] "CONNECT 3.114.205.254:80 HTTP/1.0" 404 19015 "-" "-"
44.225.84.206 - - [06/Apr/2020:13:42:56 +0000] "\x16\x03\x01" 400 226 "-" "-"
44.225.84.206 - - [06/Apr/2020:13:42:56 +0000] "\x16\x03\x01" 400 226 "-" "-"
44.225.84.206 - - [06/Apr/2020:13:42:57 +0000] "\x16\x03\x01" 400 226 "-" "-"
44.225.84.206 - - [06/Apr/2020:13:42:57 +0000] "\x16\x03\x01" 400 226 "-" "-"
44.225.84.206 - - [06/Apr/2020:13:42:57 +0000] "\x16\x03\x01" 400 226 "-" "-"
159.203.81.46 - - [06/Apr/2020:13:44:37 +0000] "GET /index.php HTTP/1.1" 301 - "datos.asia" "Mozilla/5.0 (Windows NT 6.1; WOW64) AppleWebKit/537.36 (KHTML, like Gecko) Chrome/50.0.2661.75 Safari/537.36"
216.244.66.239 - - [06/Apr/2020:13:49:49 +0000] "GET /test/qbmonthly/vendor/quickbooks/v3-php-sdk/src/XSD2PHP/test/data/expected/simple1/generated.xml HTTP/1.1" 200 3213 "-" "Mozilla/5.0 (compatible; DotBot/1.1; http://www.opensiteexplorer.org/dotbot, help@moz.com)"
128.199.98.172 - - [06/Apr/2020:13:50:34 +0000] "GET /wp-login.php HTTP/1.1" 200 7144 "-" "Mozilla/5.0 (X11; Ubuntu; Linux x86_64; rv:62.0) Gecko/20100101 Firefox/62.0"
128.199.98.172 - - [06/Apr/2020:13:50:35 +0000] "POST /wp-login.php HTTP/1.1" 200 8204 "-" "Mozilla/5.0 (X11; Ubuntu; Linux x86_64; rv:62.0) Gecko/20100101 Firefox/62.0"
128.199.98.172 - - [06/Apr/2020:13:50:35 +0000] "GET /wp-login.php HTTP/1.1" 200 7144 "-" "Mozilla/5.0 (X11; Ubuntu; Linux x86_64; rv:62.0) Gecko/20100101 Firefox/62.0"
128.199.98.172 - - [06/Apr/2020:13:50:35 +0000] "POST /wp-login.php HTTP/1.1" 200 8061 "-" "Mozilla/5.0 (X11; Ubuntu; Linux x86_64; rv:62.0) Gecko/20100101 Firefox/62.0"
128.199.98.172 - - [06/Apr/2020:13:50:36 +0000] "POST /xmlrpc.php HTTP/1.1" 200 401 "-" "Mozilla/5.0 (X11; Ubuntu; Linux x86_64; rv:62.0) Gecko/20100101 Firefox/62.0"
216.244.66.239 - - [06/Apr/2020:13:54:49 +0000] "GET /test/qbmonthly/vendor/quickbooks/v3-php-sdk/src/XSD2PHP/test/data/expected/ContactCompany/?C=N;O=A HTTP/1.1" 200 2183 "-" "Mozilla/5.0 (compatible; DotBot/1.1; http://www.opensiteexplorer.org/dotbot, help@moz.com)"
54.36.148.16 - - [06/Apr/2020:13:56:02 +0000] "GET /contact/feed/ HTTP/1.1" 301 244 "-" "Mozilla/5.0 (compatible; AhrefsBot/6.1; +http://ahrefs.com/robot/)"
127.0.0.1 - - [06/Apr/2020:13:57:08 +0000] "POST /wp-cron.php?doing_wp_cron=1586181428.2382740974426269531250 HTTP/1.1" 200 - "https://www.datos.asia/wp-cron.php?doing_wp_cron=1586181428.2382740974426269531250" "WordPress/5.3.2; https://www.datos.asia"
51.83.68.162 - - [06/Apr/2020:13:57:08 +0000] "POST /xmlrpc.php HTTP/1.1" 200 403 "-" "Mozilla/5.0 (Linux; Android 7.0; SM-G892A Build/NRD90M; wv) AppleWebKit/537.36 (KHTML, like Gecko) Version/4.0 Chrome/68.0.3440.1805 Mobile Safari/537.36"
171.67.70.85 - - [06/Apr/2020:14:00:43 +0000] "GET / HTTP/1.1" 301 - "-" "Mozilla/5.0 zgrab/0.x"
171.67.70.85 - - [06/Apr/2020:14:00:43 +0000] "GET / HTTP/1.1" 403 202 "http://3.114.205.254/" "Mozilla/5.0 zgrab/0.x"
138.197.146.132 - - [06/Apr/2020:14:05:45 +0000] "GET /wp-login.php HTTP/1.1" 200 7144 "-" "Mozilla/5.0 (X11; Ubuntu; Linux x86_64; rv:62.0) Gecko/20100101 Firefox/62.0"
138.197.146.132 - - [06/Apr/2020:14:05:51 +0000] "POST /wp-login.php HTTP/1.1" 200 8204 "-" "Mozilla/5.0 (X11; Ubuntu; Linux x86_64; rv:62.0) Gecko/20100101 Firefox/62.0"
138.197.146.132 - - [06/Apr/2020:14:05:51 +0000] "GET /wp-login.php HTTP/1.1" 200 7144 "-" "Mozilla/5.0 (X11; Ubuntu; Linux x86_64; rv:62.0) Gecko/20100101 Firefox/62.0"
138.197.146.132 - - [06/Apr/2020:14:05:52 +0000] "POST /wp-login.php HTTP/1.1" 200 8061 "-" "Mozilla/5.0 (X11; Ubuntu; Linux x86_64; rv:62.0) Gecko/20100101 Firefox/62.0"
138.197.146.132 - - [06/Apr/2020:14:05:58 +0000] "POST /xmlrpc.php HTTP/1.1" 200 401 "-" "Mozilla/5.0 (X11; Ubuntu; Linux x86_64; rv:62.0) Gecko/20100101 Firefox/62.0"
165.22.35.21 - - [06/Apr/2020:14:22:14 +0000] "GET /wp-login.php HTTP/1.1" 200 7144 "-" "Mozilla/5.0 (X11; Ubuntu; Linux x86_64; rv:62.0) Gecko/20100101 Firefox/62.0"
165.22.35.21 - - [06/Apr/2020:14:22:14 +0000] "POST /wp-login.php HTTP/1.1" 200 8204 "-" "Mozilla/5.0 (X11; Ubuntu; Linux x86_64; rv:62.0) Gecko/20100101 Firefox/62.0"
165.22.35.21 - - [06/Apr/2020:14:22:15 +0000] "GET /wp-login.php HTTP/1.1" 200 7144 "-" "Mozilla/5.0 (X11; Ubuntu; Linux x86_64; rv:62.0) Gecko/20100101 Firefox/62.0"
165.22.35.21 - - [06/Apr/2020:14:22:15 +0000] "POST /wp-login.php HTTP/1.1" 200 8061 "-" "Mozilla/5.0 (X11; Ubuntu; Linux x86_64; rv:62.0) Gecko/20100101 Firefox/62.0"
165.22.35.21 - - [06/Apr/2020:14:22:16 +0000] "POST /xmlrpc.php HTTP/1.1" 200 401 "-" "Mozilla/5.0 (X11; Ubuntu; Linux x86_64; rv:62.0) Gecko/20100101 Firefox/62.0"
46.101.171.183 - - [06/Apr/2020:14:25:33 +0000] "GET / HTTP/1.0" 301 - "-" "masscan/1.0 (https://github.com/robertdavidgraham/masscan)"
46.101.171.183 - - [06/Apr/2020:14:25:36 +0000] "GET / HTTP/1.0" 301 - "-" "masscan/1.0 (https://github.com/robertdavidgraham/masscan)"
46.101.171.183 - - [06/Apr/2020:14:25:39 +0000] "GET / HTTP/1.0" 301 - "-" "masscan/1.0 (https://github.com/robertdavidgraham/masscan)"
216.244.66.239 - - [06/Apr/2020:14:36:29 +0000] "GET /?attachment_id=241 HTTP/1.1" 301 - "-" "Mozilla/5.0 (compatible; DotBot/1.1; http://www.opensiteexplorer.org/dotbot, help@moz.com)"
159.89.1.19 - - [06/Apr/2020:14:38:49 +0000] "GET /wp-login.php HTTP/1.1" 200 7144 "-" "Mozilla/5.0 (X11; Ubuntu; Linux x86_64; rv:62.0) Gecko/20100101 Firefox/62.0"
159.89.1.19 - - [06/Apr/2020:14:38:51 +0000] "POST /wp-login.php HTTP/1.1" 200 8204 "-" "Mozilla/5.0 (X11; Ubuntu; Linux x86_64; rv:62.0) Gecko/20100101 Firefox/62.0"
159.89.1.19 - - [06/Apr/2020:14:38:52 +0000] "GET /wp-login.php HTTP/1.1" 200 7144 "-" "Mozilla/5.0 (X11; Ubuntu; Linux x86_64; rv:62.0) Gecko/20100101 Firefox/62.0"
159.89.1.19 - - [06/Apr/2020:14:38:53 +0000] "POST /wp-login.php HTTP/1.1" 200 8061 "-" "Mozilla/5.0 (X11; Ubuntu; Linux x86_64; rv:62.0) Gecko/20100101 Firefox/62.0"
159.89.1.19 - - [06/Apr/2020:14:38:54 +0000] "POST /xmlrpc.php HTTP/1.1" 200 401 "-" "Mozilla/5.0 (X11; Ubuntu; Linux x86_64; rv:62.0) Gecko/20100101 Firefox/62.0"
216.244.66.239 - - [06/Apr/2020:14:41:38 +0000] "GET /test/qbmonthly/vendor/quickbooks/v3-php-sdk/src/XSD2PHP/test/data/expected/MultiLevelImport/generated.xml HTTP/1.1" 200 51318 "-" "Mozilla/5.0 (compatible; DotBot/1.1; http://www.opensiteexplorer.org/dotbot, help@moz.com)"
216.244.66.239 - - [06/Apr/2020:14:41:44 +0000] "GET /test/qbmonthly/vendor/quickbooks/v3-php-sdk/src/XSD2PHP/test/data/expected/simple1/bindings/city.php HTTP/1.1" 200 - "-" "Mozilla/5.0 (compatible; DotBot/1.1; http://www.opensiteexplorer.org/dotbot, help@moz.com)"
127.0.0.1 - - [06/Apr/2020:14:55:38 +0000] "POST /wp-cron.php?doing_wp_cron=1586184938.5923759937286376953125 HTTP/1.1" 200 - "https://www.datos.asia/wp-cron.php?doing_wp_cron=1586184938.5923759937286376953125" "WordPress/5.3.2; https://www.datos.asia"
154.0.167.68 - - [06/Apr/2020:14:55:38 +0000] "GET /wp-login.php HTTP/1.1" 200 7144 "-" "Mozilla/5.0 (X11; Ubuntu; Linux x86_64; rv:62.0) Gecko/20100101 Firefox/62.0"
154.0.167.68 - - [06/Apr/2020:14:55:45 +0000] "POST /wp-login.php HTTP/1.1" 200 8204 "-" "Mozilla/5.0 (X11; Ubuntu; Linux x86_64; rv:62.0) Gecko/20100101 Firefox/62.0"
154.0.167.68 - - [06/Apr/2020:14:55:52 +0000] "GET /wp-login.php HTTP/1.1" 200 7144 "-" "Mozilla/5.0 (X11; Ubuntu; Linux x86_64; rv:62.0) Gecko/20100101 Firefox/62.0"
154.0.167.68 - - [06/Apr/2020:14:55:59 +0000] "POST /wp-login.php HTTP/1.1" 200 8061 "-" "Mozilla/5.0 (X11; Ubuntu; Linux x86_64; rv:62.0) Gecko/20100101 Firefox/62.0"
154.0.167.68 - - [06/Apr/2020:14:56:06 +0000] "POST /xmlrpc.php HTTP/1.1" 200 401 "-" "Mozilla/5.0 (X11; Ubuntu; Linux x86_64; rv:62.0) Gecko/20100101 Firefox/62.0"
62.210.177.41 - - [06/Apr/2020:14:56:53 +0000] "GET /wp-login.php HTTP/1.1" 302 - "-" "Mozilla/5.0 (Windows NT 10.0; Win64; x64) AppleWebKit/537.36 (KHTML, like Gecko) Chrome/80.0.3987.149 Safari/537.36"
104.248.142.61 - - [06/Apr/2020:15:10:10 +0000] "GET /wp-login.php HTTP/1.1" 200 7144 "-" "Mozilla/5.0 (X11; Ubuntu; Linux x86_64; rv:62.0) Gecko/20100101 Firefox/62.0"
104.248.142.61 - - [06/Apr/2020:15:10:12 +0000] "POST /wp-login.php HTTP/1.1" 200 8204 "-" "Mozilla/5.0 (X11; Ubuntu; Linux x86_64; rv:62.0) Gecko/20100101 Firefox/62.0"
104.248.142.61 - - [06/Apr/2020:15:10:14 +0000] "GET /wp-login.php HTTP/1.1" 200 7144 "-" "Mozilla/5.0 (X11; Ubuntu; Linux x86_64; rv:62.0) Gecko/20100101 Firefox/62.0"
104.248.142.61 - - [06/Apr/2020:15:10:15 +0000] "POST /wp-login.php HTTP/1.1" 200 8061 "-" "Mozilla/5.0 (X11; Ubuntu; Linux x86_64; rv:62.0) Gecko/20100101 Firefox/62.0"
104.248.142.61 - - [06/Apr/2020:15:10:17 +0000] "POST /xmlrpc.php HTTP/1.1" 200 401 "-" "Mozilla/5.0 (X11; Ubuntu; Linux x86_64; rv:62.0) Gecko/20100101 Firefox/62.0"
159.203.93.122 - - [06/Apr/2020:15:21:00 +0000] "GET / HTTP/1.0" 301 - "http://datos.asia/" "Mozilla/4.0 (compatible; MSIE 8.0; Windows NT 5.1; Trident/4.0; MRSPUTNIK 2, 4, 0, 329; MRA 5.8 (build 4598); .NET CLR 2.0.50727; .NET CLR 3.0.4506.2152; .NET CLR 3.5.30729)"
159.203.93.122 - - [06/Apr/2020:15:21:01 +0000] "GET / HTTP/1.0" 200 22705 "http://datos.asia/" "Mozilla/4.0 (compatible; MSIE 8.0; Windows NT 5.1; Trident/4.0; MRSPUTNIK 2, 4, 0, 329; MRA 5.8 (build 4598); .NET CLR 2.0.50727; .NET CLR 3.0.4506.2152; .NET CLR 3.5.30729)"
216.244.66.239 - - [06/Apr/2020:15:25:53 +0000] "GET /category/vm/feed/ HTTP/1.1" 301 - "-" "Mozilla/5.0 (compatible; DotBot/1.1; http://www.opensiteexplorer.org/dotbot, help@moz.com)"
91.121.101.77 - - [06/Apr/2020:15:27:25 +0000] "GET /wp-login.php HTTP/1.1" 200 7144 "-" "Mozilla/5.0 (X11; Ubuntu; Linux x86_64; rv:62.0) Gecko/20100101 Firefox/62.0"
91.121.101.77 - - [06/Apr/2020:15:27:26 +0000] "POST /wp-login.php HTTP/1.1" 200 8204 "-" "Mozilla/5.0 (X11; Ubuntu; Linux x86_64; rv:62.0) Gecko/20100101 Firefox/62.0"
91.121.101.77 - - [06/Apr/2020:15:27:27 +0000] "GET /wp-login.php HTTP/1.1" 200 7144 "-" "Mozilla/5.0 (X11; Ubuntu; Linux x86_64; rv:62.0) Gecko/20100101 Firefox/62.0"
91.121.101.77 - - [06/Apr/2020:15:27:28 +0000] "POST /wp-login.php HTTP/1.1" 200 8061 "-" "Mozilla/5.0 (X11; Ubuntu; Linux x86_64; rv:62.0) Gecko/20100101 Firefox/62.0"
91.121.101.77 - - [06/Apr/2020:15:27:30 +0000] "POST /xmlrpc.php HTTP/1.1" 200 401 "-" "Mozilla/5.0 (X11; Ubuntu; Linux x86_64; rv:62.0) Gecko/20100101 Firefox/62.0"
216.244.66.239 - - [06/Apr/2020:15:32:09 +0000] "GET /test/qbmonthly/vendor/quickbooks/v3-php-sdk/src/Core/Http/Serialization/?C=S;O=D HTTP/1.1" 200 2632 "-" "Mozilla/5.0 (compatible; DotBot/1.1; http://www.opensiteexplorer.org/dotbot, help@moz.com)"
34.205.54.171 - - [06/Apr/2020:15:35:28 +0000] "GET / HTTP/1.1" 301 - "-" "Mozilla/5.0 (Macintosh; Intel Mac OS X 10_15_0) AppleWebKit/537.36 (KHTML, like Gecko) Chrome/78.0.3904.87 Safari/537.36"
34.205.54.171 - - [06/Apr/2020:15:35:28 +0000] "GET / HTTP/1.1" 200 22705 "-" "Mozilla/5.0 (Macintosh; Intel Mac OS X 10_15_0) AppleWebKit/537.36 (KHTML, like Gecko) Chrome/78.0.3904.87 Safari/537.36"
178.128.114.38 - - [06/Apr/2020:15:43:57 +0000] "GET /wp-login.php HTTP/1.1" 200 7144 "-" "Mozilla/5.0 (X11; Ubuntu; Linux x86_64; rv:62.0) Gecko/20100101 Firefox/62.0"
178.128.114.38 - - [06/Apr/2020:15:43:57 +0000] "POST /wp-login.php HTTP/1.1" 200 8204 "-" "Mozilla/5.0 (X11; Ubuntu; Linux x86_64; rv:62.0) Gecko/20100101 Firefox/62.0"
178.128.114.38 - - [06/Apr/2020:15:43:58 +0000] "GET /wp-login.php HTTP/1.1" 200 7144 "-" "Mozilla/5.0 (X11; Ubuntu; Linux x86_64; rv:62.0) Gecko/20100101 Firefox/62.0"
178.128.114.38 - - [06/Apr/2020:15:43:58 +0000] "POST /wp-login.php HTTP/1.1" 200 8061 "-" "Mozilla/5.0 (X11; Ubuntu; Linux x86_64; rv:62.0) Gecko/20100101 Firefox/62.0"
178.128.114.38 - - [06/Apr/2020:15:43:58 +0000] "POST /xmlrpc.php HTTP/1.1" 200 401 "-" "Mozilla/5.0 (X11; Ubuntu; Linux x86_64; rv:62.0) Gecko/20100101 Firefox/62.0"
157.55.39.39 - - [06/Apr/2020:15:52:07 +0000] "GET /robots.txt HTTP/1.1" 200 67 "-" "Mozilla/5.0 (compatible; bingbot/2.0; +http://www.bing.com/bingbot.htm)"
157.55.39.39 - - [06/Apr/2020:15:52:09 +0000] "GET /robots.txt HTTP/1.1" 200 67 "-" "Mozilla/5.0 (compatible; bingbot/2.0; +http://www.bing.com/bingbot.htm)"
127.0.0.1 - - [06/Apr/2020:15:52:07 +0000] "POST /wp-cron.php?doing_wp_cron=1586188327.8717169761657714843750 HTTP/1.1" 200 - "https://www.datos.asia/wp-cron.php?doing_wp_cron=1586188327.8717169761657714843750" "WordPress/5.3.2; https://www.datos.asia"
40.77.167.126 - - [06/Apr/2020:15:52:18 +0000] "GET /creating-perl-programs/ HTTP/1.1" 200 21595 "-" "Mozilla/5.0 (compatible; bingbot/2.0; +http://www.bing.com/bingbot.htm)"
138.68.57.207 - - [06/Apr/2020:16:00:41 +0000] "GET /wp-login.php HTTP/1.1" 200 7144 "-" "Mozilla/5.0 (X11; Ubuntu; Linux x86_64; rv:62.0) Gecko/20100101 Firefox/62.0"
138.68.57.207 - - [06/Apr/2020:16:00:41 +0000] "POST /wp-login.php HTTP/1.1" 200 8204 "-" "Mozilla/5.0 (X11; Ubuntu; Linux x86_64; rv:62.0) Gecko/20100101 Firefox/62.0"
138.68.57.207 - - [06/Apr/2020:16:00:42 +0000] "GET /wp-login.php HTTP/1.1" 200 7144 "-" "Mozilla/5.0 (X11; Ubuntu; Linux x86_64; rv:62.0) Gecko/20100101 Firefox/62.0"
138.68.57.207 - - [06/Apr/2020:16:00:42 +0000] "POST /wp-login.php HTTP/1.1" 200 8061 "-" "Mozilla/5.0 (X11; Ubuntu; Linux x86_64; rv:62.0) Gecko/20100101 Firefox/62.0"
138.68.57.207 - - [06/Apr/2020:16:00:43 +0000] "POST /xmlrpc.php HTTP/1.1" 200 401 "-" "Mozilla/5.0 (X11; Ubuntu; Linux x86_64; rv:62.0) Gecko/20100101 Firefox/62.0"
54.36.150.16 - - [06/Apr/2020:16:09:46 +0000] "GET /wp-content/uploads/2017/11/hp.png HTTP/1.1" 301 264 "-" "Mozilla/5.0 (compatible; AhrefsBot/6.1; +http://ahrefs.com/robot/)"
127.0.0.1 - - [06/Apr/2020:16:10:13 +0000] "POST /wp-cron.php?doing_wp_cron=1586189413.6992549896240234375000 HTTP/1.1" 301 290 "http://www.datos.asia/wp-cron.php?doing_wp_cron=1586189413.6992549896240234375000" "WordPress/5.3.2; https://www.datos.asia"
216.244.66.239 - - [06/Apr/2020:16:10:13 +0000] "GET /2015/04/ HTTP/1.1" 301 - "-" "Mozilla/5.0 (compatible; DotBot/1.1; http://www.opensiteexplorer.org/dotbot, help@moz.com)"
216.244.66.239 - - [06/Apr/2020:16:13:48 +0000] "GET /test/qbmonthly/vendor/quickbooks/v3-php-sdk/src/XSD2PHP/test/data/expected/simple1/bindings/note.php HTTP/1.1" 200 - "-" "Mozilla/5.0 (compatible; DotBot/1.1; http://www.opensiteexplorer.org/dotbot, help@moz.com)"
127.0.0.1 - - [06/Apr/2020:16:17:12 +0000] "POST /wp-cron.php?doing_wp_cron=1586189832.1430931091308593750000 HTTP/1.1" 200 - "https://www.datos.asia/wp-cron.php?doing_wp_cron=1586189832.1430931091308593750000" "WordPress/5.3.2; https://www.datos.asia"
142.93.35.169 - - [06/Apr/2020:16:17:12 +0000] "GET /wp-login.php HTTP/1.1" 200 7144 "-" "Mozilla/5.0 (X11; Ubuntu; Linux x86_64; rv:62.0) Gecko/20100101 Firefox/62.0"
142.93.35.169 - - [06/Apr/2020:16:17:13 +0000] "POST /wp-login.php HTTP/1.1" 200 8204 "-" "Mozilla/5.0 (X11; Ubuntu; Linux x86_64; rv:62.0) Gecko/20100101 Firefox/62.0"
142.93.35.169 - - [06/Apr/2020:16:17:19 +0000] "GET /wp-login.php HTTP/1.1" 200 7144 "-" "Mozilla/5.0 (X11; Ubuntu; Linux x86_64; rv:62.0) Gecko/20100101 Firefox/62.0"
142.93.35.169 - - [06/Apr/2020:16:17:20 +0000] "POST /wp-login.php HTTP/1.1" 200 8061 "-" "Mozilla/5.0 (X11; Ubuntu; Linux x86_64; rv:62.0) Gecko/20100101 Firefox/62.0"
142.93.35.169 - - [06/Apr/2020:16:17:21 +0000] "POST /xmlrpc.php HTTP/1.1" 200 401 "-" "Mozilla/5.0 (X11; Ubuntu; Linux x86_64; rv:62.0) Gecko/20100101 Firefox/62.0"
13.73.30.157 - - [06/Apr/2020:16:34:03 +0000] "CONNECT www.netflix.com:443 HTTP/1.1" 404 19034 "-" "Java/1.8.0_241"
91.121.84.172 - - [06/Apr/2020:16:34:08 +0000] "GET /wp-login.php HTTP/1.1" 200 7144 "-" "Mozilla/5.0 (X11; Ubuntu; Linux x86_64; rv:62.0) Gecko/20100101 Firefox/62.0"
91.121.84.172 - - [06/Apr/2020:16:34:09 +0000] "POST /wp-login.php HTTP/1.1" 200 8204 "-" "Mozilla/5.0 (X11; Ubuntu; Linux x86_64; rv:62.0) Gecko/20100101 Firefox/62.0"
91.121.84.172 - - [06/Apr/2020:16:34:10 +0000] "GET /wp-login.php HTTP/1.1" 200 7144 "-" "Mozilla/5.0 (X11; Ubuntu; Linux x86_64; rv:62.0) Gecko/20100101 Firefox/62.0"
91.121.84.172 - - [06/Apr/2020:16:34:11 +0000] "POST /wp-login.php HTTP/1.1" 200 8061 "-" "Mozilla/5.0 (X11; Ubuntu; Linux x86_64; rv:62.0) Gecko/20100101 Firefox/62.0"
91.121.84.172 - - [06/Apr/2020:16:34:12 +0000] "POST /xmlrpc.php HTTP/1.1" 200 401 "-" "Mozilla/5.0 (X11; Ubuntu; Linux x86_64; rv:62.0) Gecko/20100101 Firefox/62.0"
192.99.149.195 - - [06/Apr/2020:16:50:48 +0000] "GET /wp-login.php HTTP/1.1" 200 7144 "-" "Mozilla/5.0 (X11; Ubuntu; Linux x86_64; rv:62.0) Gecko/20100101 Firefox/62.0"
192.99.149.195 - - [06/Apr/2020:16:50:49 +0000] "POST /wp-login.php HTTP/1.1" 200 8204 "-" "Mozilla/5.0 (X11; Ubuntu; Linux x86_64; rv:62.0) Gecko/20100101 Firefox/62.0"
192.99.149.195 - - [06/Apr/2020:16:50:50 +0000] "GET /wp-login.php HTTP/1.1" 200 7144 "-" "Mozilla/5.0 (X11; Ubuntu; Linux x86_64; rv:62.0) Gecko/20100101 Firefox/62.0"
192.99.149.195 - - [06/Apr/2020:16:50:52 +0000] "POST /wp-login.php HTTP/1.1" 200 8053 "-" "Mozilla/5.0 (X11; Ubuntu; Linux x86_64; rv:62.0) Gecko/20100101 Firefox/62.0"
127.0.0.1 - - [06/Apr/2020:16:50:53 +0000] "POST /wp-cron.php?doing_wp_cron=1586191853.5655329227447509765625 HTTP/1.1" 200 - "https://www.datos.asia/wp-cron.php?doing_wp_cron=1586191853.5655329227447509765625" "WordPress/5.3.2; https://www.datos.asia"
192.99.149.195 - - [06/Apr/2020:16:50:53 +0000] "POST /xmlrpc.php HTTP/1.1" 200 401 "-" "Mozilla/5.0 (X11; Ubuntu; Linux x86_64; rv:62.0) Gecko/20100101 Firefox/62.0"
148.72.232.136 - - [06/Apr/2020:17:03:35 +0000] "POST /xmlrpc.php HTTP/1.1" 200 403 "-" "Mozilla/5.0 (Linux; Android 8.0.0; SM-N9500 Build/R16NW; wv) AppleWebKit/537.36 (KHTML, like Gecko) Version/4.0 Chrome/63.0.3239.83 Mobile Safari/537.36 T7/10.13 baiduboxapp/10.13.0.11 (Baidu; P1 8.0.0)"
68.183.134.134 - - [06/Apr/2020:17:06:31 +0000] "GET /wp-login.php HTTP/1.1" 200 7144 "-" "Mozilla/5.0 (X11; Ubuntu; Linux x86_64; rv:62.0) Gecko/20100101 Firefox/62.0"
68.183.134.134 - - [06/Apr/2020:17:06:32 +0000] "POST /wp-login.php HTTP/1.1" 200 8204 "-" "Mozilla/5.0 (X11; Ubuntu; Linux x86_64; rv:62.0) Gecko/20100101 Firefox/62.0"
68.183.134.134 - - [06/Apr/2020:17:06:32 +0000] "GET /wp-login.php HTTP/1.1" 200 7144 "-" "Mozilla/5.0 (X11; Ubuntu; Linux x86_64; rv:62.0) Gecko/20100101 Firefox/62.0"
68.183.134.134 - - [06/Apr/2020:17:06:38 +0000] "POST /wp-login.php HTTP/1.1" 200 8053 "-" "Mozilla/5.0 (X11; Ubuntu; Linux x86_64; rv:62.0) Gecko/20100101 Firefox/62.0"
68.183.134.134 - - [06/Apr/2020:17:06:44 +0000] "POST /xmlrpc.php HTTP/1.1" 200 401 "-" "Mozilla/5.0 (X11; Ubuntu; Linux x86_64; rv:62.0) Gecko/20100101 Firefox/62.0"
216.244.66.239 - - [06/Apr/2020:17:16:18 +0000] "GET /test/qbmonthly/vendor/quickbooks/v3-php-sdk/src/XSD2PHP/test/data/expected/simple1/bindings/?C=D;O=A HTTP/1.1" 200 3462 "-" "Mozilla/5.0 (compatible; DotBot/1.1; http://www.opensiteexplorer.org/dotbot, help@moz.com)"
