192.241.220.227 - - [05/Apr/2020:13:55:13 +0000] "POST /xmlrpc.php HTTP/1.1" 200 401 "-" "Mozilla/5.0 (X11; Ubuntu; Linux x86_64; rv:62.0) Gecko/20100101 Firefox/62.0"
110.249.212.46 - - [05/Apr/2020:14:02:34 +0000] "GET http://110.249.212.46/testget?q=23333&port=80 HTTP/1.1" 400 226 "-" "-"
110.249.212.46 - - [05/Apr/2020:14:02:34 +0000] "GET http://110.249.212.46/testget?q=23333&port=80 HTTP/1.1" 400 226 "-" "-"
110.249.212.46 - - [05/Apr/2020:14:03:01 +0000] "GET http://110.249.212.46/testget?q=23333&port=80 HTTP/1.1" 400 226 "-" "-"
110.249.212.46 - - [05/Apr/2020:14:03:02 +0000] "GET http://110.249.212.46/testget?q=23333&port=80 HTTP/1.1" 400 226 "-" "-"
178.128.103.151 - - [05/Apr/2020:14:14:20 +0000] "GET /wp-login.php HTTP/1.1" 200 7144 "-" "Mozilla/5.0 (X11; Ubuntu; Linux x86_64; rv:62.0) Gecko/20100101 Firefox/62.0"
178.128.103.151 - - [05/Apr/2020:14:14:20 +0000] "POST /wp-login.php HTTP/1.1" 200 8204 "-" "Mozilla/5.0 (X11; Ubuntu; Linux x86_64; rv:62.0) Gecko/20100101 Firefox/62.0"
178.128.103.151 - - [05/Apr/2020:14:14:25 +0000] "GET /wp-login.php HTTP/1.1" 200 7144 "-" "Mozilla/5.0 (X11; Ubuntu; Linux x86_64; rv:62.0) Gecko/20100101 Firefox/62.0"
178.128.103.151 - - [05/Apr/2020:14:14:26 +0000] "POST /wp-login.php HTTP/1.1" 200 8061 "-" "Mozilla/5.0 (X11; Ubuntu; Linux x86_64; rv:62.0) Gecko/20100101 Firefox/62.0"
178.128.103.151 - - [05/Apr/2020:14:14:26 +0000] "POST /xmlrpc.php HTTP/1.1" 200 401 "-" "Mozilla/5.0 (X11; Ubuntu; Linux x86_64; rv:62.0) Gecko/20100101 Firefox/62.0"
46.229.168.130 - - [05/Apr/2020:14:17:44 +0000] "GET /robots.txt HTTP/1.1" 200 67 "-" "Mozilla/5.0 (compatible; SemrushBot/6~bl; +http://www.semrush.com/bot.html)"
46.229.168.139 - - [05/Apr/2020:14:17:45 +0000] "GET /test/oauth2/vendor/guzzlehttp/?C=N%3BO%3DD HTTP/1.1" 200 1370 "-" "Mozilla/5.0 (compatible; SemrushBot/6~bl; +http://www.semrush.com/bot.html)"
118.31.2.213 - - [05/Apr/2020:14:36:57 +0000] "GET /wp-login.php HTTP/1.1" 200 7144 "-" "Mozilla/5.0 (X11; Ubuntu; Linux x86_64; rv:62.0) Gecko/20100101 Firefox/62.0"
118.31.2.213 - - [05/Apr/2020:14:36:58 +0000] "POST /wp-login.php HTTP/1.1" 200 8204 "-" "Mozilla/5.0 (X11; Ubuntu; Linux x86_64; rv:62.0) Gecko/20100101 Firefox/62.0"
118.31.2.213 - - [05/Apr/2020:14:37:29 +0000] "POST /wp-login.php HTTP/1.1" 200 7506 "-" "Mozilla/5.0 (X11; Ubuntu; Linux x86_64; rv:62.0) Gecko/20100101 Firefox/62.0"
171.67.70.85 - - [05/Apr/2020:14:38:15 +0000] "GET / HTTP/1.1" 301 - "-" "Mozilla/5.0 zgrab/0.x"
171.67.70.85 - - [05/Apr/2020:14:38:17 +0000] "GET / HTTP/1.1" 403 202 "http://3.114.205.254/" "Mozilla/5.0 zgrab/0.x"
127.0.0.1 - - [05/Apr/2020:14:52:01 +0000] "POST /wp-cron.php?doing_wp_cron=1586098321.1451508998870849609375 HTTP/1.1" 200 - "https://www.datos.asia/wp-cron.php?doing_wp_cron=1586098321.1451508998870849609375" "WordPress/5.3.2; https://www.datos.asia"
50.62.177.171 - - [05/Apr/2020:14:52:01 +0000] "POST /xmlrpc.php HTTP/1.1" 200 403 "-" "Mozilla/5.0 (Linux; Android 6.0.1; SM-J500M Build/MMB29M) AppleWebKit/537.36 (KHTML, like Gecko) Chrome/69.0.3497.100 Mobile Safari/537.36"
185.220.100.244 - - [05/Apr/2020:14:52:55 +0000] "GET /2015/01/29/lenovo-t440p-repair-guide/ HTTP/1.0" 301 - "http://datos.asia/2015/01/29/lenovo-t440p-repair-guide/#comment-5542" "Mozilla/5.0 (Windows NT 10.0; Win64; x64) AppleWebKit/537.36 (KHTML, like Gecko) Chrome/68.0.3440.106 Safari/537.36 OPR/55.0.2994.44"
185.220.100.244 - - [05/Apr/2020:14:52:56 +0000] "GET /2015/01/29/lenovo-t440p-repair-guide/ HTTP/1.0" 301 268 "http://www.datos.asia/2015/01/29/lenovo-t440p-repair-guide/" "Mozilla/5.0 (Windows NT 10.0; Win64; x64) AppleWebKit/537.36 (KHTML, like Gecko) Chrome/68.0.3440.106 Safari/537.36 OPR/55.0.2994.44"
178.175.138.61 - - [05/Apr/2020:14:52:59 +0000] "GET /2015/01/29/lenovo-t440p-repair-guide/ HTTP/1.0" 404 18982 "https://www.datos.asia/2015/01/29/lenovo-t440p-repair-guide/" "Mozilla/5.0 (Windows NT 10.0; Win64; x64) AppleWebKit/537.36 (KHTML, like Gecko) Chrome/68.0.3440.106 Safari/537.36 OPR/55.0.2994.44"
178.175.138.61 - - [05/Apr/2020:14:53:06 +0000] "GET / HTTP/1.0" 200 22705 "https://www.datos.asia/" "Mozilla/5.0 (Windows NT 10.0; Win64; x64) AppleWebKit/537.36 (KHTML, like Gecko) Chrome/68.0.3440.106 Safari/537.36 OPR/55.0.2994.44"
178.175.138.61 - - [05/Apr/2020:14:53:10 +0000] "GET /blog/ HTTP/1.0" 200 19644 "https://www.datos.asia/blog/" "Mozilla/5.0 (Windows NT 10.0; Win64; x64) AppleWebKit/537.36 (KHTML, like Gecko) Chrome/68.0.3440.106 Safari/537.36 OPR/55.0.2994.44"
206.189.126.86 - - [05/Apr/2020:14:59:28 +0000] "GET /wp-login.php HTTP/1.1" 200 7144 "-" "Mozilla/5.0 (X11; Ubuntu; Linux x86_64; rv:62.0) Gecko/20100101 Firefox/62.0"
206.189.126.86 - - [05/Apr/2020:14:59:30 +0000] "POST /wp-login.php HTTP/1.1" 200 8204 "-" "Mozilla/5.0 (X11; Ubuntu; Linux x86_64; rv:62.0) Gecko/20100101 Firefox/62.0"
206.189.126.86 - - [05/Apr/2020:14:59:36 +0000] "GET /wp-login.php HTTP/1.1" 200 7144 "-" "Mozilla/5.0 (X11; Ubuntu; Linux x86_64; rv:62.0) Gecko/20100101 Firefox/62.0"
206.189.126.86 - - [05/Apr/2020:14:59:42 +0000] "POST /wp-login.php HTTP/1.1" 200 8061 "-" "Mozilla/5.0 (X11; Ubuntu; Linux x86_64; rv:62.0) Gecko/20100101 Firefox/62.0"
206.189.126.86 - - [05/Apr/2020:14:59:48 +0000] "POST /xmlrpc.php HTTP/1.1" 200 401 "-" "Mozilla/5.0 (X11; Ubuntu; Linux x86_64; rv:62.0) Gecko/20100101 Firefox/62.0"
130.0.189.38 - - [05/Apr/2020:15:08:57 +0000] "GET /phpmyadmin/index.php?lang=en HTTP/1.1" 301 - "-" "Mozilla/5.0 (Windows NT 10.0; Win64; x64) AppleWebKit/537.36 (KHTML, like Gecko) Chrome/77.0.3865.120 Safari/537.36"
54.36.148.232 - - [05/Apr/2020:15:20:16 +0000] "GET /wp-content/uploads/2013/04/sweet.png HTTP/1.1" 301 267 "-" "Mozilla/5.0 (compatible; AhrefsBot/6.1; +http://ahrefs.com/robot/)"
93.114.86.226 - - [05/Apr/2020:15:21:46 +0000] "GET /wp-login.php HTTP/1.1" 200 7144 "-" "Mozilla/5.0 (X11; Ubuntu; Linux x86_64; rv:62.0) Gecko/20100101 Firefox/62.0"
93.114.86.226 - - [05/Apr/2020:15:21:47 +0000] "POST /wp-login.php HTTP/1.1" 200 8204 "-" "Mozilla/5.0 (X11; Ubuntu; Linux x86_64; rv:62.0) Gecko/20100101 Firefox/62.0"
93.114.86.226 - - [05/Apr/2020:15:21:48 +0000] "GET /wp-login.php HTTP/1.1" 200 7144 "-" "Mozilla/5.0 (X11; Ubuntu; Linux x86_64; rv:62.0) Gecko/20100101 Firefox/62.0"
93.114.86.226 - - [05/Apr/2020:15:21:48 +0000] "POST /wp-login.php HTTP/1.1" 200 8061 "-" "Mozilla/5.0 (X11; Ubuntu; Linux x86_64; rv:62.0) Gecko/20100101 Firefox/62.0"
93.114.86.226 - - [05/Apr/2020:15:21:49 +0000] "POST /xmlrpc.php HTTP/1.1" 200 401 "-" "Mozilla/5.0 (X11; Ubuntu; Linux x86_64; rv:62.0) Gecko/20100101 Firefox/62.0"
127.0.0.1 - - [05/Apr/2020:15:36:02 +0000] "POST /wp-cron.php?doing_wp_cron=1586100962.8054299354553222656250 HTTP/1.1" 301 290 "http://www.datos.asia/wp-cron.php?doing_wp_cron=1586100962.8054299354553222656250" "WordPress/5.3.2; https://www.datos.asia"
54.36.148.174 - - [05/Apr/2020:15:36:02 +0000] "GET /2015/01/ HTTP/1.1" 301 - "-" "Mozilla/5.0 (compatible; AhrefsBot/6.1; +http://ahrefs.com/robot/)"
54.36.148.83 - - [05/Apr/2020:15:36:25 +0000] "GET /wp-content/uploads/2014/02/COENUS-ECA3290B.jpg HTTP/1.1" 301 277 "-" "Mozilla/5.0 (compatible; AhrefsBot/6.1; +http://ahrefs.com/robot/)"
216.244.66.239 - - [05/Apr/2020:15:43:35 +0000] "GET /test/qbmonthly/vendor/quickbooks/v3-php-sdk/src/XSD2PHP/test/data/expected/ContactCompany/BindTest.xml HTTP/1.1" 200 797 "-" "Mozilla/5.0 (compatible; DotBot/1.1; http://www.opensiteexplorer.org/dotbot, help@moz.com)"
127.0.0.1 - - [05/Apr/2020:15:45:07 +0000] "POST /wp-cron.php?doing_wp_cron=1586101507.2656400203704833984375 HTTP/1.1" 200 - "https://www.datos.asia/wp-cron.php?doing_wp_cron=1586101507.2656400203704833984375" "WordPress/5.3.2; https://www.datos.asia"
51.255.170.202 - - [05/Apr/2020:15:45:07 +0000] "GET /wp-login.php HTTP/1.1" 200 7144 "-" "Mozilla/5.0 (X11; Ubuntu; Linux x86_64; rv:62.0) Gecko/20100101 Firefox/62.0"
51.255.170.202 - - [05/Apr/2020:15:45:08 +0000] "POST /wp-login.php HTTP/1.1" 200 8204 "-" "Mozilla/5.0 (X11; Ubuntu; Linux x86_64; rv:62.0) Gecko/20100101 Firefox/62.0"
51.255.170.202 - - [05/Apr/2020:15:45:09 +0000] "GET /wp-login.php HTTP/1.1" 200 7144 "-" "Mozilla/5.0 (X11; Ubuntu; Linux x86_64; rv:62.0) Gecko/20100101 Firefox/62.0"
51.255.170.202 - - [05/Apr/2020:15:45:10 +0000] "POST /wp-login.php HTTP/1.1" 200 8061 "-" "Mozilla/5.0 (X11; Ubuntu; Linux x86_64; rv:62.0) Gecko/20100101 Firefox/62.0"
51.255.170.202 - - [05/Apr/2020:15:45:11 +0000] "POST /xmlrpc.php HTTP/1.1" 200 401 "-" "Mozilla/5.0 (X11; Ubuntu; Linux x86_64; rv:62.0) Gecko/20100101 Firefox/62.0"
192.81.210.7 - - [05/Apr/2020:16:10:29 +0000] "GET /wp-login.php HTTP/1.1" 200 7144 "-" "Mozilla/5.0 (X11; Ubuntu; Linux x86_64; rv:62.0) Gecko/20100101 Firefox/62.0"
192.81.210.7 - - [05/Apr/2020:16:10:31 +0000] "POST /wp-login.php HTTP/1.1" 200 8204 "-" "Mozilla/5.0 (X11; Ubuntu; Linux x86_64; rv:62.0) Gecko/20100101 Firefox/62.0"
192.81.210.7 - - [05/Apr/2020:16:10:32 +0000] "GET /wp-login.php HTTP/1.1" 200 7144 "-" "Mozilla/5.0 (X11; Ubuntu; Linux x86_64; rv:62.0) Gecko/20100101 Firefox/62.0"
127.0.0.1 - - [05/Apr/2020:16:10:29 +0000] "POST /wp-cron.php?doing_wp_cron=1586103029.8272619247436523437500 HTTP/1.1" 200 - "https://www.datos.asia/wp-cron.php?doing_wp_cron=1586103029.8272619247436523437500" "WordPress/5.3.2; https://www.datos.asia"
192.81.210.7 - - [05/Apr/2020:16:10:37 +0000] "POST /wp-login.php HTTP/1.1" 200 8061 "-" "Mozilla/5.0 (X11; Ubuntu; Linux x86_64; rv:62.0) Gecko/20100101 Firefox/62.0"
192.81.210.7 - - [05/Apr/2020:16:10:38 +0000] "POST /xmlrpc.php HTTP/1.1" 200 401 "-" "Mozilla/5.0 (X11; Ubuntu; Linux x86_64; rv:62.0) Gecko/20100101 Firefox/62.0"
41.231.54.59 - - [05/Apr/2020:16:33:48 +0000] "GET /wp-login.php HTTP/1.1" 200 7144 "-" "Mozilla/5.0 (X11; Ubuntu; Linux x86_64; rv:62.0) Gecko/20100101 Firefox/62.0"
41.231.54.59 - - [05/Apr/2020:16:33:50 +0000] "POST /wp-login.php HTTP/1.1" 200 8204 "-" "Mozilla/5.0 (X11; Ubuntu; Linux x86_64; rv:62.0) Gecko/20100101 Firefox/62.0"
41.231.54.59 - - [05/Apr/2020:16:33:51 +0000] "GET /wp-login.php HTTP/1.1" 200 7144 "-" "Mozilla/5.0 (X11; Ubuntu; Linux x86_64; rv:62.0) Gecko/20100101 Firefox/62.0"
41.231.54.59 - - [05/Apr/2020:16:33:53 +0000] "POST /wp-login.php HTTP/1.1" 200 8061 "-" "Mozilla/5.0 (X11; Ubuntu; Linux x86_64; rv:62.0) Gecko/20100101 Firefox/62.0"
41.231.54.59 - - [05/Apr/2020:16:33:54 +0000] "POST /xmlrpc.php HTTP/1.1" 200 401 "-" "Mozilla/5.0 (X11; Ubuntu; Linux x86_64; rv:62.0) Gecko/20100101 Firefox/62.0"
216.244.66.239 - - [05/Apr/2020:16:35:45 +0000] "GET /test/qbmonthly/vendor/quickbooks/v3-php-sdk/src/XSD2PHP/test/data/expected/ContactCompany/un/ HTTP/1.1" 200 1146 "-" "Mozilla/5.0 (compatible; DotBot/1.1; http://www.opensiteexplorer.org/dotbot, help@moz.com)"
216.244.66.239 - - [05/Apr/2020:16:39:36 +0000] "GET /test/qbmonthly/vendor/quickbooks/v3-php-sdk/src/XSD2PHP/test/data/expected/simple1/bindings/item.php HTTP/1.1" 200 - "-" "Mozilla/5.0 (compatible; DotBot/1.1; http://www.opensiteexplorer.org/dotbot, help@moz.com)"
54.36.148.115 - - [05/Apr/2020:16:46:18 +0000] "GET /category/odoo/feed/ HTTP/1.1" 301 - "-" "Mozilla/5.0 (compatible; AhrefsBot/6.1; +http://ahrefs.com/robot/)"
127.0.0.1 - - [05/Apr/2020:16:55:40 +0000] "POST /wp-cron.php?doing_wp_cron=1586105740.8146600723266601562500 HTTP/1.1" 200 - "https://www.datos.asia/wp-cron.php?doing_wp_cron=1586105740.8146600723266601562500" "WordPress/5.3.2; https://www.datos.asia"
165.22.94.219 - - [05/Apr/2020:16:55:40 +0000] "GET /wp-login.php HTTP/1.1" 200 7144 "-" "Mozilla/5.0 (X11; Ubuntu; Linux x86_64; rv:62.0) Gecko/20100101 Firefox/62.0"
165.22.94.219 - - [05/Apr/2020:16:55:41 +0000] "POST /wp-login.php HTTP/1.1" 200 8053 "-" "Mozilla/5.0 (X11; Ubuntu; Linux x86_64; rv:62.0) Gecko/20100101 Firefox/62.0"
165.22.94.219 - - [05/Apr/2020:16:55:42 +0000] "POST /xmlrpc.php HTTP/1.1" 200 401 "-" "Mozilla/5.0 (X11; Ubuntu; Linux x86_64; rv:62.0) Gecko/20100101 Firefox/62.0"
68.183.67.68 - - [05/Apr/2020:16:57:44 +0000] "GET /wp-login.php HTTP/1.1" 200 7144 "-" "Mozilla/5.0 (X11; Ubuntu; Linux x86_64; rv:62.0) Gecko/20100101 Firefox/62.0"
68.183.67.68 - - [05/Apr/2020:16:57:45 +0000] "POST /wp-login.php HTTP/1.1" 200 8204 "-" "Mozilla/5.0 (X11; Ubuntu; Linux x86_64; rv:62.0) Gecko/20100101 Firefox/62.0"
68.183.67.68 - - [05/Apr/2020:16:57:46 +0000] "GET /wp-login.php HTTP/1.1" 200 7144 "-" "Mozilla/5.0 (X11; Ubuntu; Linux x86_64; rv:62.0) Gecko/20100101 Firefox/62.0"
68.183.67.68 - - [05/Apr/2020:16:57:47 +0000] "POST /wp-login.php HTTP/1.1" 200 8061 "-" "Mozilla/5.0 (X11; Ubuntu; Linux x86_64; rv:62.0) Gecko/20100101 Firefox/62.0"
68.183.67.68 - - [05/Apr/2020:16:57:48 +0000] "POST /xmlrpc.php HTTP/1.1" 200 401 "-" "Mozilla/5.0 (X11; Ubuntu; Linux x86_64; rv:62.0) Gecko/20100101 Firefox/62.0"
159.65.136.23 - - [05/Apr/2020:16:59:39 +0000] "GET /wp-login.php HTTP/1.1" 200 7144 "-" "Mozilla/5.0 (X11; Ubuntu; Linux x86_64; rv:62.0) Gecko/20100101 Firefox/62.0"
159.65.136.23 - - [05/Apr/2020:16:59:41 +0000] "POST /wp-login.php HTTP/1.1" 200 8053 "-" "Mozilla/5.0 (X11; Ubuntu; Linux x86_64; rv:62.0) Gecko/20100101 Firefox/62.0"
159.65.136.23 - - [05/Apr/2020:16:59:43 +0000] "POST /xmlrpc.php HTTP/1.1" 200 401 "-" "Mozilla/5.0 (X11; Ubuntu; Linux x86_64; rv:62.0) Gecko/20100101 Firefox/62.0"
167.71.84.7 - - [05/Apr/2020:17:02:25 +0000] "GET /wp-login.php HTTP/1.1" 200 7144 "-" "Mozilla/5.0 (X11; Ubuntu; Linux x86_64; rv:62.0) Gecko/20100101 Firefox/62.0"
167.71.84.7 - - [05/Apr/2020:17:02:26 +0000] "POST /wp-login.php HTTP/1.1" 200 8053 "-" "Mozilla/5.0 (X11; Ubuntu; Linux x86_64; rv:62.0) Gecko/20100101 Firefox/62.0"
167.71.84.7 - - [05/Apr/2020:17:02:27 +0000] "POST /xmlrpc.php HTTP/1.1" 200 401 "-" "Mozilla/5.0 (X11; Ubuntu; Linux x86_64; rv:62.0) Gecko/20100101 Firefox/62.0"
216.244.66.239 - - [05/Apr/2020:17:09:32 +0000] "GET /robots.txt HTTP/1.1" 301 241 "-" "Mozilla/5.0 (compatible; DotBot/1.1; http://www.opensiteexplorer.org/dotbot, help@moz.com)"
216.244.66.239 - - [05/Apr/2020:17:09:32 +0000] "GET /robots.txt HTTP/1.1" 200 67 "-" "Mozilla/5.0 (compatible; DotBot/1.1; http://www.opensiteexplorer.org/dotbot, help@moz.com)"
178.62.10.75 - - [05/Apr/2020:17:13:19 +0000] "GET /wp-login.php HTTP/1.1" 200 7144 "-" "Mozilla/5.0 (X11; Ubuntu; Linux x86_64; rv:62.0) Gecko/20100101 Firefox/62.0"
178.62.10.75 - - [05/Apr/2020:17:13:21 +0000] "POST /wp-login.php HTTP/1.1" 200 8053 "-" "Mozilla/5.0 (X11; Ubuntu; Linux x86_64; rv:62.0) Gecko/20100101 Firefox/62.0"
178.62.10.75 - - [05/Apr/2020:17:13:23 +0000] "POST /xmlrpc.php HTTP/1.1" 200 401 "-" "Mozilla/5.0 (X11; Ubuntu; Linux x86_64; rv:62.0) Gecko/20100101 Firefox/62.0"
104.42.178.44 - - [05/Apr/2020:17:17:20 +0000] "CONNECT www.google.com:443 HTTP/1.1" 400 226 "-" "-"
178.62.96.66 - - [05/Apr/2020:17:17:50 +0000] "GET /wp-login.php HTTP/1.1" 200 7144 "-" "Mozilla/5.0 (X11; Ubuntu; Linux x86_64; rv:62.0) Gecko/20100101 Firefox/62.0"
178.62.96.66 - - [05/Apr/2020:17:17:56 +0000] "POST /wp-login.php HTTP/1.1" 200 8053 "-" "Mozilla/5.0 (X11; Ubuntu; Linux x86_64; rv:62.0) Gecko/20100101 Firefox/62.0"
178.62.96.66 - - [05/Apr/2020:17:18:03 +0000] "POST /xmlrpc.php HTTP/1.1" 200 401 "-" "Mozilla/5.0 (X11; Ubuntu; Linux x86_64; rv:62.0) Gecko/20100101 Firefox/62.0"
37.187.74.109 - - [05/Apr/2020:17:18:41 +0000] "POST /xmlrpc.php HTTP/1.1" 200 403 "http://www.google.com.hk" "Mozilla/5.0 (Windows NT 6.1; WOW64) AppleWebKit/537.36 (KHTML, like Gecko) Chrome/42.0.2311.90 Safari/537.36"
161.35.12.72 - - [05/Apr/2020:17:21:34 +0000] "GET /wp-login.php HTTP/1.1" 200 7144 "-" "Mozilla/5.0 (X11; Ubuntu; Linux x86_64; rv:62.0) Gecko/20100101 Firefox/62.0"
161.35.12.72 - - [05/Apr/2020:17:21:36 +0000] "POST /wp-login.php HTTP/1.1" 200 8053 "-" "Mozilla/5.0 (X11; Ubuntu; Linux x86_64; rv:62.0) Gecko/20100101 Firefox/62.0"
161.35.12.72 - - [05/Apr/2020:17:21:37 +0000] "POST /xmlrpc.php HTTP/1.1" 200 401 "-" "Mozilla/5.0 (X11; Ubuntu; Linux x86_64; rv:62.0) Gecko/20100101 Firefox/62.0"
37.187.74.109 - - [05/Apr/2020:17:22:58 +0000] "POST /xmlrpc.php HTTP/1.1" 200 403 "http://www.google.com.hk" "Mozilla/5.0 (Windows NT 6.1; WOW64) AppleWebKit/537.36 (KHTML, like Gecko) Chrome/42.0.2311.90 Safari/537.36"
136.144.170.246 - - [05/Apr/2020:17:24:30 +0000] "GET /wp-login.php HTTP/1.1" 200 7144 "-" "Mozilla/5.0 (X11; Ubuntu; Linux x86_64; rv:62.0) Gecko/20100101 Firefox/62.0"
136.144.170.246 - - [05/Apr/2020:17:24:31 +0000] "POST /wp-login.php HTTP/1.1" 200 8053 "-" "Mozilla/5.0 (X11; Ubuntu; Linux x86_64; rv:62.0) Gecko/20100101 Firefox/62.0"
136.144.170.246 - - [05/Apr/2020:17:24:33 +0000] "POST /xmlrpc.php HTTP/1.1" 200 401 "-" "Mozilla/5.0 (X11; Ubuntu; Linux x86_64; rv:62.0) Gecko/20100101 Firefox/62.0"
159.65.179.104 - - [05/Apr/2020:17:25:06 +0000] "GET /wp-login.php HTTP/1.1" 200 7144 "-" "Mozilla/5.0 (X11; Ubuntu; Linux x86_64; rv:62.0) Gecko/20100101 Firefox/62.0"
159.65.179.104 - - [05/Apr/2020:17:25:07 +0000] "POST /wp-login.php HTTP/1.1" 200 8053 "-" "Mozilla/5.0 (X11; Ubuntu; Linux x86_64; rv:62.0) Gecko/20100101 Firefox/62.0"
159.65.179.104 - - [05/Apr/2020:17:25:12 +0000] "POST /xmlrpc.php HTTP/1.1" 200 401 "-" "Mozilla/5.0 (X11; Ubuntu; Linux x86_64; rv:62.0) Gecko/20100101 Firefox/62.0"
216.244.66.239 - - [05/Apr/2020:17:25:44 +0000] "GET /test/qbmonthly/vendor/quickbooks/v3-php-sdk/src/XSD2PHP/test/data/expected/ubl2.0/un/ HTTP/1.1" 200 1122 "-" "Mozilla/5.0 (compatible; DotBot/1.1; http://www.opensiteexplorer.org/dotbot, help@moz.com)"
216.244.66.239 - - [05/Apr/2020:17:26:09 +0000] "GET /test/qbmonthly/vendor/quickbooks/v3-php-sdk/src/XSD2PHP/test/data/expected/ContactCompany/?C=S;O=A HTTP/1.1" 200 2183 "-" "Mozilla/5.0 (compatible; DotBot/1.1; http://www.opensiteexplorer.org/dotbot, help@moz.com)"
18.213.11.40 - - [05/Apr/2020:17:26:24 +0000] "GET /wp-login.php HTTP/1.1" 200 7144 "-" "Mozilla/5.0 (X11; Ubuntu; Linux x86_64; rv:62.0) Gecko/20100101 Firefox/62.0"
18.213.11.40 - - [05/Apr/2020:17:26:35 +0000] "POST /wp-login.php HTTP/1.1" 200 8204 "-" "Mozilla/5.0 (X11; Ubuntu; Linux x86_64; rv:62.0) Gecko/20100101 Firefox/62.0"
18.213.11.40 - - [05/Apr/2020:17:26:43 +0000] "GET /wp-login.php HTTP/1.1" 200 7144 "-" "Mozilla/5.0 (X11; Ubuntu; Linux x86_64; rv:62.0) Gecko/20100101 Firefox/62.0"
18.213.11.40 - - [05/Apr/2020:17:26:54 +0000] "POST /wp-login.php HTTP/1.1" 200 8061 "-" "Mozilla/5.0 (X11; Ubuntu; Linux x86_64; rv:62.0) Gecko/20100101 Firefox/62.0"
18.213.11.40 - - [05/Apr/2020:17:27:05 +0000] "POST /xmlrpc.php HTTP/1.1" 200 401 "-" "Mozilla/5.0 (X11; Ubuntu; Linux x86_64; rv:62.0) Gecko/20100101 Firefox/62.0"
216.244.66.239 - - [05/Apr/2020:17:28:18 +0000] "GET /test/qbmonthly/vendor/quickbooks/v3-php-sdk/src/XSD2PHP/test/data/expected/Xsd2Php/MavenTests/bindings/ HTTP/1.1" 200 1168 "-" "Mozilla/5.0 (compatible; DotBot/1.1; http://www.opensiteexplorer.org/dotbot, help@moz.com)"
216.244.66.239 - - [05/Apr/2020:17:28:23 +0000] "GET /test/qbmonthly/vendor/quickbooks/v3-php-sdk/src/XSD2PHP/test/data/expected/simple1/bindings/orderperson.php HTTP/1.1" 200 - "-" "Mozilla/5.0 (compatible; DotBot/1.1; http://www.opensiteexplorer.org/dotbot, help@moz.com)"
169.197.108.6 - - [05/Apr/2020:17:31:07 +0000] "GET / HTTP/1.1" 200 22705 "https://3.114.205.254/" "Mozilla/5.0 (Windows NT 10.0; Win64; x64) AppleWebKit/537.36 (KHTML, like Gecko) Chrome/60.0.3112.113 Safari/537.36"
45.252.248.13 - - [05/Apr/2020:17:39:10 +0000] "GET /wp-login.php HTTP/1.1" 200 7144 "-" "Mozilla/5.0 (X11; Ubuntu; Linux x86_64; rv:62.0) Gecko/20100101 Firefox/62.0"
45.252.248.13 - - [05/Apr/2020:17:39:10 +0000] "POST /wp-login.php HTTP/1.1" 200 8053 "-" "Mozilla/5.0 (X11; Ubuntu; Linux x86_64; rv:62.0) Gecko/20100101 Firefox/62.0"
45.252.248.13 - - [05/Apr/2020:17:39:10 +0000] "POST /xmlrpc.php HTTP/1.1" 200 401 "-" "Mozilla/5.0 (X11; Ubuntu; Linux x86_64; rv:62.0) Gecko/20100101 Firefox/62.0"
148.72.207.250 - - [05/Apr/2020:17:43:47 +0000] "GET /wp-login.php HTTP/1.1" 200 7144 "-" "Mozilla/5.0 (X11; Ubuntu; Linux x86_64; rv:62.0) Gecko/20100101 Firefox/62.0"
148.72.207.250 - - [05/Apr/2020:17:43:47 +0000] "POST /wp-login.php HTTP/1.1" 200 8204 "-" "Mozilla/5.0 (X11; Ubuntu; Linux x86_64; rv:62.0) Gecko/20100101 Firefox/62.0"
148.72.207.250 - - [05/Apr/2020:17:43:48 +0000] "GET /wp-login.php HTTP/1.1" 200 7144 "-" "Mozilla/5.0 (X11; Ubuntu; Linux x86_64; rv:62.0) Gecko/20100101 Firefox/62.0"
148.72.207.250 - - [05/Apr/2020:17:43:48 +0000] "POST /wp-login.php HTTP/1.1" 200 8061 "-" "Mozilla/5.0 (X11; Ubuntu; Linux x86_64; rv:62.0) Gecko/20100101 Firefox/62.0"
148.72.207.250 - - [05/Apr/2020:17:43:48 +0000] "POST /xmlrpc.php HTTP/1.1" 200 401 "-" "Mozilla/5.0 (X11; Ubuntu; Linux x86_64; rv:62.0) Gecko/20100101 Firefox/62.0"
37.59.56.107 - - [05/Apr/2020:17:44:21 +0000] "POST /xmlrpc.php HTTP/1.1" 200 403 "http://www.google.com.hk" "Mozilla/5.0 (Windows NT 6.1; WOW64) AppleWebKit/537.36 (KHTML, like Gecko) Chrome/42.0.2311.90 Safari/537.36"
139.59.74.198 - - [05/Apr/2020:17:46:05 +0000] "GET /wp-login.php HTTP/1.1" 200 7144 "-" "Mozilla/5.0 (X11; Ubuntu; Linux x86_64; rv:62.0) Gecko/20100101 Firefox/62.0"
139.59.74.198 - - [05/Apr/2020:17:46:07 +0000] "POST /wp-login.php HTTP/1.1" 200 8053 "-" "Mozilla/5.0 (X11; Ubuntu; Linux x86_64; rv:62.0) Gecko/20100101 Firefox/62.0"
139.59.74.198 - - [05/Apr/2020:17:46:08 +0000] "POST /xmlrpc.php HTTP/1.1" 200 401 "-" "Mozilla/5.0 (X11; Ubuntu; Linux x86_64; rv:62.0) Gecko/20100101 Firefox/62.0"
127.0.0.1 - - [05/Apr/2020:17:52:11 +0000] "POST /wp-cron.php?doing_wp_cron=1586109131.0751819610595703125000 HTTP/1.1" 200 - "https://www.datos.asia/wp-cron.php?doing_wp_cron=1586109131.0751819610595703125000" "WordPress/5.3.2; https://www.datos.asia"
167.172.76.253 - - [05/Apr/2020:17:52:11 +0000] "GET /wp-login.php HTTP/1.1" 200 7144 "-" "Mozilla/5.0 (X11; Ubuntu; Linux x86_64; rv:62.0) Gecko/20100101 Firefox/62.0"
167.172.76.253 - - [05/Apr/2020:17:52:11 +0000] "POST /wp-login.php HTTP/1.1" 200 8053 "-" "Mozilla/5.0 (X11; Ubuntu; Linux x86_64; rv:62.0) Gecko/20100101 Firefox/62.0"
167.172.76.253 - - [05/Apr/2020:17:52:11 +0000] "POST /xmlrpc.php HTTP/1.1" 200 401 "-" "Mozilla/5.0 (X11; Ubuntu; Linux x86_64; rv:62.0) Gecko/20100101 Firefox/62.0"
37.187.74.109 - - [05/Apr/2020:18:00:11 +0000] "POST /xmlrpc.php HTTP/1.1" 200 403 "http://www.google.com.hk" "Mozilla/5.0 (Windows NT 6.1; WOW64) AppleWebKit/537.36 (KHTML, like Gecko) Chrome/42.0.2311.90 Safari/537.36"
167.71.84.7 - - [05/Apr/2020:18:01:48 +0000] "GET /wp-login.php HTTP/1.1" 200 7144 "-" "Mozilla/5.0 (X11; Ubuntu; Linux x86_64; rv:62.0) Gecko/20100101 Firefox/62.0"
167.71.84.7 - - [05/Apr/2020:18:01:49 +0000] "POST /wp-login.php HTTP/1.1" 200 8053 "-" "Mozilla/5.0 (X11; Ubuntu; Linux x86_64; rv:62.0) Gecko/20100101 Firefox/62.0"
167.71.84.7 - - [05/Apr/2020:18:01:49 +0000] "POST /xmlrpc.php HTTP/1.1" 200 401 "-" "Mozilla/5.0 (X11; Ubuntu; Linux x86_64; rv:62.0) Gecko/20100101 Firefox/62.0"
178.128.146.163 - - [05/Apr/2020:18:04:29 +0000] "GET /wp-login.php HTTP/1.1" 200 7144 "-" "Mozilla/5.0 (X11; Ubuntu; Linux x86_64; rv:62.0) Gecko/20100101 Firefox/62.0"
178.128.146.163 - - [05/Apr/2020:18:04:30 +0000] "POST /wp-login.php HTTP/1.1" 200 8204 "-" "Mozilla/5.0 (X11; Ubuntu; Linux x86_64; rv:62.0) Gecko/20100101 Firefox/62.0"
178.128.146.163 - - [05/Apr/2020:18:04:33 +0000] "GET /wp-login.php HTTP/1.1" 200 7144 "-" "Mozilla/5.0 (X11; Ubuntu; Linux x86_64; rv:62.0) Gecko/20100101 Firefox/62.0"
178.128.146.163 - - [05/Apr/2020:18:04:33 +0000] "POST /wp-login.php HTTP/1.1" 200 8061 "-" "Mozilla/5.0 (X11; Ubuntu; Linux x86_64; rv:62.0) Gecko/20100101 Firefox/62.0"
178.128.146.163 - - [05/Apr/2020:18:04:36 +0000] "POST /xmlrpc.php HTTP/1.1" 200 401 "-" "Mozilla/5.0 (X11; Ubuntu; Linux x86_64; rv:62.0) Gecko/20100101 Firefox/62.0"
206.189.133.253 - - [05/Apr/2020:18:07:20 +0000] "GET /wp-login.php HTTP/1.1" 200 7144 "-" "Mozilla/5.0 (X11; Ubuntu; Linux x86_64; rv:62.0) Gecko/20100101 Firefox/62.0"
206.189.133.253 - - [05/Apr/2020:18:07:21 +0000] "POST /wp-login.php HTTP/1.1" 200 8053 "-" "Mozilla/5.0 (X11; Ubuntu; Linux x86_64; rv:62.0) Gecko/20100101 Firefox/62.0"
206.189.133.253 - - [05/Apr/2020:18:07:22 +0000] "POST /xmlrpc.php HTTP/1.1" 200 401 "-" "Mozilla/5.0 (X11; Ubuntu; Linux x86_64; rv:62.0) Gecko/20100101 Firefox/62.0"
45.252.248.13 - - [05/Apr/2020:18:11:38 +0000] "GET /wp-login.php HTTP/1.1" 200 7144 "-" "Mozilla/5.0 (X11; Ubuntu; Linux x86_64; rv:62.0) Gecko/20100101 Firefox/62.0"
45.252.248.13 - - [05/Apr/2020:18:11:39 +0000] "POST /wp-login.php HTTP/1.1" 200 8053 "-" "Mozilla/5.0 (X11; Ubuntu; Linux x86_64; rv:62.0) Gecko/20100101 Firefox/62.0"
45.252.248.13 - - [05/Apr/2020:18:11:39 +0000] "POST /xmlrpc.php HTTP/1.1" 200 401 "-" "Mozilla/5.0 (X11; Ubuntu; Linux x86_64; rv:62.0) Gecko/20100101 Firefox/62.0"
167.71.4.233 - - [05/Apr/2020:18:17:18 +0000] "GET /wp-login.php HTTP/1.1" 200 7144 "-" "Mozilla/5.0 (X11; Ubuntu; Linux x86_64; rv:62.0) Gecko/20100101 Firefox/62.0"
167.71.4.233 - - [05/Apr/2020:18:17:19 +0000] "POST /wp-login.php HTTP/1.1" 200 8053 "-" "Mozilla/5.0 (X11; Ubuntu; Linux x86_64; rv:62.0) Gecko/20100101 Firefox/62.0"
167.71.4.233 - - [05/Apr/2020:18:17:21 +0000] "POST /xmlrpc.php HTTP/1.1" 200 401 "-" "Mozilla/5.0 (X11; Ubuntu; Linux x86_64; rv:62.0) Gecko/20100101 Firefox/62.0"
149.255.62.19 - - [05/Apr/2020:18:22:23 +0000] "GET /wp-login.php HTTP/1.1" 200 7144 "-" "Mozilla/5.0 (X11; Ubuntu; Linux x86_64; rv:62.0) Gecko/20100101 Firefox/62.0"
149.255.62.19 - - [05/Apr/2020:18:22:24 +0000] "POST /wp-login.php HTTP/1.1" 200 8053 "-" "Mozilla/5.0 (X11; Ubuntu; Linux x86_64; rv:62.0) Gecko/20100101 Firefox/62.0"
149.255.62.19 - - [05/Apr/2020:18:22:25 +0000] "POST /xmlrpc.php HTTP/1.1" 200 401 "-" "Mozilla/5.0 (X11; Ubuntu; Linux x86_64; rv:62.0) Gecko/20100101 Firefox/62.0"
167.172.228.160 - - [05/Apr/2020:18:27:30 +0000] "GET /wp-login.php HTTP/1.1" 200 7144 "-" "Mozilla/5.0 (X11; Ubuntu; Linux x86_64; rv:62.0) Gecko/20100101 Firefox/62.0"
167.172.228.160 - - [05/Apr/2020:18:27:30 +0000] "POST /wp-login.php HTTP/1.1" 200 8053 "-" "Mozilla/5.0 (X11; Ubuntu; Linux x86_64; rv:62.0) Gecko/20100101 Firefox/62.0"
167.172.228.160 - - [05/Apr/2020:18:27:31 +0000] "POST /xmlrpc.php HTTP/1.1" 200 401 "-" "Mozilla/5.0 (X11; Ubuntu; Linux x86_64; rv:62.0) Gecko/20100101 Firefox/62.0"
178.73.215.171 - - [05/Apr/2020:18:30:30 +0000] "GET / HTTP/1.0" 301 - "-" "-"
37.59.56.107 - - [05/Apr/2020:18:31:56 +0000] "POST /xmlrpc.php HTTP/1.1" 200 403 "http://www.google.com.hk" "Mozilla/5.0 (Windows NT 6.1; WOW64) AppleWebKit/537.36 (KHTML, like Gecko) Chrome/42.0.2311.90 Safari/537.36"
37.59.56.107 - - [05/Apr/2020:18:32:35 +0000] "POST /xmlrpc.php HTTP/1.1" 200 403 "http://www.google.com.hk" "Mozilla/5.0 (Windows NT 6.1; WOW64) AppleWebKit/537.36 (KHTML, like Gecko) Chrome/42.0.2311.90 Safari/537.36"
51.68.215.199 - - [05/Apr/2020:18:38:13 +0000] "GET /wp-login.php HTTP/1.1" 200 7144 "-" "Mozilla/5.0 (X11; Ubuntu; Linux x86_64; rv:62.0) Gecko/20100101 Firefox/62.0"
51.68.215.199 - - [05/Apr/2020:18:38:14 +0000] "POST /wp-login.php HTTP/1.1" 200 8053 "-" "Mozilla/5.0 (X11; Ubuntu; Linux x86_64; rv:62.0) Gecko/20100101 Firefox/62.0"
51.68.215.199 - - [05/Apr/2020:18:38:15 +0000] "POST /xmlrpc.php HTTP/1.1" 200 401 "-" "Mozilla/5.0 (X11; Ubuntu; Linux x86_64; rv:62.0) Gecko/20100101 Firefox/62.0"
209.17.97.106 - - [05/Apr/2020:18:38:54 +0000] "GET / HTTP/1.0" 301 - "-" "Mozilla/5.0 (compatible; Nimbostratus-Bot/v1.3.2; http://cloudsystemnetworks.com)"
142.93.202.188 - - [05/Apr/2020:18:42:53 +0000] "GET /wp-login.php HTTP/1.1" 200 7144 "-" "Mozilla/5.0 (X11; Ubuntu; Linux x86_64; rv:62.0) Gecko/20100101 Firefox/62.0"
142.93.202.188 - - [05/Apr/2020:18:42:54 +0000] "POST /wp-login.php HTTP/1.1" 200 8053 "-" "Mozilla/5.0 (X11; Ubuntu; Linux x86_64; rv:62.0) Gecko/20100101 Firefox/62.0"
142.93.202.188 - - [05/Apr/2020:18:42:54 +0000] "POST /xmlrpc.php HTTP/1.1" 200 401 "-" "Mozilla/5.0 (X11; Ubuntu; Linux x86_64; rv:62.0) Gecko/20100101 Firefox/62.0"
5.189.151.188 - - [05/Apr/2020:18:47:26 +0000] "GET / HTTP/1.0" 301 - "-" "masscan/1.0 (https://github.com/robertdavidgraham/masscan)"
37.187.74.109 - - [05/Apr/2020:18:47:54 +0000] "POST /xmlrpc.php HTTP/1.1" 200 403 "http://www.google.com.hk" "Mozilla/5.0 (Windows NT 6.1; WOW64) AppleWebKit/537.36 (KHTML, like Gecko) Chrome/42.0.2311.90 Safari/537.36"
167.71.87.135 - - [05/Apr/2020:18:47:55 +0000] "GET /wp-login.php HTTP/1.1" 200 7144 "-" "Mozilla/5.0 (X11; Ubuntu; Linux x86_64; rv:62.0) Gecko/20100101 Firefox/62.0"
167.71.87.135 - - [05/Apr/2020:18:47:56 +0000] "POST /wp-login.php HTTP/1.1" 200 8053 "-" "Mozilla/5.0 (X11; Ubuntu; Linux x86_64; rv:62.0) Gecko/20100101 Firefox/62.0"
167.71.87.135 - - [05/Apr/2020:18:47:56 +0000] "POST /xmlrpc.php HTTP/1.1" 200 401 "-" "Mozilla/5.0 (X11; Ubuntu; Linux x86_64; rv:62.0) Gecko/20100101 Firefox/62.0"
127.0.0.1 - - [05/Apr/2020:18:54:46 +0000] "POST /wp-cron.php?doing_wp_cron=1586112886.4426579475402832031250 HTTP/1.1" 200 - "https://www.datos.asia/wp-cron.php?doing_wp_cron=1586112886.4426579475402832031250" "WordPress/5.3.2; https://www.datos.asia"
139.59.74.198 - - [05/Apr/2020:18:54:46 +0000] "GET /wp-login.php HTTP/1.1" 200 7144 "-" "Mozilla/5.0 (X11; Ubuntu; Linux x86_64; rv:62.0) Gecko/20100101 Firefox/62.0"
139.59.74.198 - - [05/Apr/2020:18:54:47 +0000] "POST /wp-login.php HTTP/1.1" 200 8053 "-" "Mozilla/5.0 (X11; Ubuntu; Linux x86_64; rv:62.0) Gecko/20100101 Firefox/62.0"
139.59.74.198 - - [05/Apr/2020:18:54:48 +0000] "POST /xmlrpc.php HTTP/1.1" 200 401 "-" "Mozilla/5.0 (X11; Ubuntu; Linux x86_64; rv:62.0) Gecko/20100101 Firefox/62.0"
192.243.53.51 - - [05/Apr/2020:18:56:22 +0000] "GET / HTTP/1.1" 301 - "-" "SEMrushBot"
37.187.74.109 - - [05/Apr/2020:19:04:39 +0000] "POST /xmlrpc.php HTTP/1.1" 200 403 "http://www.google.com.hk" "Mozilla/5.0 (Windows NT 6.1; WOW64) AppleWebKit/537.36 (KHTML, like Gecko) Chrome/42.0.2311.90 Safari/537.36"
46.229.168.138 - - [05/Apr/2020:19:05:01 +0000] "GET /robots.txt HTTP/1.1" 200 67 "-" "Mozilla/5.0 (compatible; SemrushBot/6~bl; +http://www.semrush.com/bot.html)"
46.229.168.139 - - [05/Apr/2020:19:05:03 +0000] "GET /test/oauth2/vendor/guzzlehttp/promises/ HTTP/1.1" 200 1823 "-" "Mozilla/5.0 (compatible; SemrushBot/6~bl; +http://www.semrush.com/bot.html)"
104.236.86.160 - - [05/Apr/2020:19:19:43 +0000] "GET /wp-login.php HTTP/1.1" 200 7144 "-" "Mozilla/5.0 (X11; Ubuntu; Linux x86_64; rv:62.0) Gecko/20100101 Firefox/62.0"
104.236.86.160 - - [05/Apr/2020:19:19:43 +0000] "POST /wp-login.php HTTP/1.1" 200 8053 "-" "Mozilla/5.0 (X11; Ubuntu; Linux x86_64; rv:62.0) Gecko/20100101 Firefox/62.0"
104.236.86.160 - - [05/Apr/2020:19:19:44 +0000] "POST /xmlrpc.php HTTP/1.1" 200 401 "-" "Mozilla/5.0 (X11; Ubuntu; Linux x86_64; rv:62.0) Gecko/20100101 Firefox/62.0"
198.27.81.94 - - [05/Apr/2020:19:20:31 +0000] "POST /xmlrpc.php HTTP/1.1" 200 403 "http://www.google.com.hk" "Mozilla/5.0 (Windows NT 6.1; WOW64) AppleWebKit/537.36 (KHTML, like Gecko) Chrome/42.0.2311.90 Safari/537.36"
54.36.150.63 - - [05/Apr/2020:19:21:06 +0000] "GET /category/jobs/feed/ HTTP/1.1" 301 - "-" "Mozilla/5.0 (compatible; AhrefsBot/6.1; +http://ahrefs.com/robot/)"
167.99.212.81 - - [05/Apr/2020:19:25:45 +0000] "GET /wp-login.php HTTP/1.1" 200 7144 "-" "Mozilla/5.0 (X11; Ubuntu; Linux x86_64; rv:62.0) Gecko/20100101 Firefox/62.0"
167.99.212.81 - - [05/Apr/2020:19:25:48 +0000] "POST /wp-login.php HTTP/1.1" 200 8053 "-" "Mozilla/5.0 (X11; Ubuntu; Linux x86_64; rv:62.0) Gecko/20100101 Firefox/62.0"
167.99.212.81 - - [05/Apr/2020:19:25:49 +0000] "POST /xmlrpc.php HTTP/1.1" 200 401 "-" "Mozilla/5.0 (X11; Ubuntu; Linux x86_64; rv:62.0) Gecko/20100101 Firefox/62.0"
37.59.56.107 - - [05/Apr/2020:19:33:15 +0000] "POST /xmlrpc.php HTTP/1.1" 200 403 "http://www.google.com.hk" "Mozilla/5.0 (Windows NT 6.1; WOW64) AppleWebKit/537.36 (KHTML, like Gecko) Chrome/42.0.2311.90 Safari/537.36"
149.255.62.19 - - [05/Apr/2020:19:33:25 +0000] "GET /wp-login.php HTTP/1.1" 200 7144 "-" "Mozilla/5.0 (X11; Ubuntu; Linux x86_64; rv:62.0) Gecko/20100101 Firefox/62.0"
149.255.62.19 - - [05/Apr/2020:19:33:26 +0000] "POST /wp-login.php HTTP/1.1" 200 8053 "-" "Mozilla/5.0 (X11; Ubuntu; Linux x86_64; rv:62.0) Gecko/20100101 Firefox/62.0"
149.255.62.19 - - [05/Apr/2020:19:33:27 +0000] "POST /xmlrpc.php HTTP/1.1" 200 401 "-" "Mozilla/5.0 (X11; Ubuntu; Linux x86_64; rv:62.0) Gecko/20100101 Firefox/62.0"
138.68.41.74 - - [05/Apr/2020:19:38:04 +0000] "GET /wp-login.php HTTP/1.1" 200 7144 "-" "Mozilla/5.0 (X11; Ubuntu; Linux x86_64; rv:62.0) Gecko/20100101 Firefox/62.0"
138.68.41.74 - - [05/Apr/2020:19:38:04 +0000] "POST /wp-login.php HTTP/1.1" 200 8053 "-" "Mozilla/5.0 (X11; Ubuntu; Linux x86_64; rv:62.0) Gecko/20100101 Firefox/62.0"
138.68.41.74 - - [05/Apr/2020:19:38:05 +0000] "POST /xmlrpc.php HTTP/1.1" 200 401 "-" "Mozilla/5.0 (X11; Ubuntu; Linux x86_64; rv:62.0) Gecko/20100101 Firefox/62.0"
167.71.214.181 - - [05/Apr/2020:19:47:36 +0000] "GET /wp-login.php HTTP/1.1" 200 7144 "-" "Mozilla/5.0 (X11; Ubuntu; Linux x86_64; rv:62.0) Gecko/20100101 Firefox/62.0"
167.71.214.181 - - [05/Apr/2020:19:47:37 +0000] "POST /wp-login.php HTTP/1.1" 200 8053 "-" "Mozilla/5.0 (X11; Ubuntu; Linux x86_64; rv:62.0) Gecko/20100101 Firefox/62.0"
167.71.214.181 - - [05/Apr/2020:19:47:37 +0000] "POST /xmlrpc.php HTTP/1.1" 200 401 "-" "Mozilla/5.0 (X11; Ubuntu; Linux x86_64; rv:62.0) Gecko/20100101 Firefox/62.0"
157.230.25.61 - - [05/Apr/2020:19:50:27 +0000] "GET /wp-login.php HTTP/1.1" 200 7144 "-" "Mozilla/5.0 (X11; Ubuntu; Linux x86_64; rv:62.0) Gecko/20100101 Firefox/62.0"
157.230.25.61 - - [05/Apr/2020:19:50:29 +0000] "POST /wp-login.php HTTP/1.1" 200 8053 "-" "Mozilla/5.0 (X11; Ubuntu; Linux x86_64; rv:62.0) Gecko/20100101 Firefox/62.0"
157.230.25.61 - - [05/Apr/2020:19:50:30 +0000] "POST /xmlrpc.php HTTP/1.1" 200 401 "-" "Mozilla/5.0 (X11; Ubuntu; Linux x86_64; rv:62.0) Gecko/20100101 Firefox/62.0"
127.0.0.1 - - [05/Apr/2020:19:54:08 +0000] "POST /wp-cron.php?doing_wp_cron=1586116448.5599288940429687500000 HTTP/1.1" 200 - "https://www.datos.asia/wp-cron.php?doing_wp_cron=1586116448.5599288940429687500000" "WordPress/5.3.2; https://www.datos.asia"
150.95.113.125 - - [05/Apr/2020:19:54:08 +0000] "GET /wp-login.php HTTP/1.1" 200 7144 "-" "Mozilla/5.0 (X11; Ubuntu; Linux x86_64; rv:62.0) Gecko/20100101 Firefox/62.0"
150.95.113.125 - - [05/Apr/2020:19:54:09 +0000] "POST /wp-login.php HTTP/1.1" 200 8053 "-" "Mozilla/5.0 (X11; Ubuntu; Linux x86_64; rv:62.0) Gecko/20100101 Firefox/62.0"
150.95.113.125 - - [05/Apr/2020:19:54:09 +0000] "POST /xmlrpc.php HTTP/1.1" 200 401 "-" "Mozilla/5.0 (X11; Ubuntu; Linux x86_64; rv:62.0) Gecko/20100101 Firefox/62.0"
95.173.190.4 - - [05/Apr/2020:19:56:05 +0000] "POST /xmlrpc.php HTTP/1.1" 200 403 "-" "Mozilla/5.0 (Linux; Android 8.0.0; WAS-LX3 Build/HUAWEIWAS-LX3) AppleWebKit/537.36 (KHTML, like Gecko) Chrome/69.0.3497.100 Mobile Safari/537.36"
178.62.10.75 - - [05/Apr/2020:19:59:24 +0000] "GET /wp-login.php HTTP/1.1" 200 7144 "-" "Mozilla/5.0 (X11; Ubuntu; Linux x86_64; rv:62.0) Gecko/20100101 Firefox/62.0"
178.62.10.75 - - [05/Apr/2020:19:59:26 +0000] "POST /wp-login.php HTTP/1.1" 200 8053 "-" "Mozilla/5.0 (X11; Ubuntu; Linux x86_64; rv:62.0) Gecko/20100101 Firefox/62.0"
178.62.10.75 - - [05/Apr/2020:19:59:27 +0000] "POST /xmlrpc.php HTTP/1.1" 200 401 "-" "Mozilla/5.0 (X11; Ubuntu; Linux x86_64; rv:62.0) Gecko/20100101 Firefox/62.0"
192.99.36.177 - - [05/Apr/2020:19:59:48 +0000] "POST /xmlrpc.php HTTP/1.1" 200 403 "http://www.google.com.hk" "Mozilla/5.0 (Windows NT 6.1; WOW64) AppleWebKit/537.36 (KHTML, like Gecko) Chrome/42.0.2311.90 Safari/537.36"
167.71.87.135 - - [05/Apr/2020:20:10:36 +0000] "GET /wp-login.php HTTP/1.1" 200 7144 "-" "Mozilla/5.0 (X11; Ubuntu; Linux x86_64; rv:62.0) Gecko/20100101 Firefox/62.0"
167.71.87.135 - - [05/Apr/2020:20:10:36 +0000] "POST /wp-login.php HTTP/1.1" 200 8053 "-" "Mozilla/5.0 (X11; Ubuntu; Linux x86_64; rv:62.0) Gecko/20100101 Firefox/62.0"
167.71.87.135 - - [05/Apr/2020:20:10:37 +0000] "POST /xmlrpc.php HTTP/1.1" 200 401 "-" "Mozilla/5.0 (X11; Ubuntu; Linux x86_64; rv:62.0) Gecko/20100101 Firefox/62.0"
162.243.133.152 - - [05/Apr/2020:20:11:42 +0000] "GET /hudson HTTP/1.1" 404 19015 "-" "Mozilla/5.0 zgrab/0.x"
52.27.244.76 - - [05/Apr/2020:20:23:37 +0000] "GET / HTTP/1.1" 301 - "-" "Mozilla/5.0 (Macintosh; Intel Mac OS X 10_13_6) AppleWebKit/537.36 (KHTML, like Gecko) Chrome/76.0.3809.100 Safari/537.36"
52.27.244.76 - - [05/Apr/2020:20:23:38 +0000] "GET / HTTP/1.1" 200 22705 "-" "Mozilla/5.0 (Macintosh; Intel Mac OS X 10_13_6) AppleWebKit/537.36 (KHTML, like Gecko) Chrome/76.0.3809.100 Safari/537.36"
52.27.244.76 - - [05/Apr/2020:20:23:39 +0000] "GET / HTTP/1.1" 200 22705 "-" "Mozilla/5.0 (Macintosh; Intel Mac OS X 10_13_6) AppleWebKit/537.36 (KHTML, like Gecko) Chrome/76.0.3809.100 Safari/537.36"
37.59.56.107 - - [05/Apr/2020:20:27:51 +0000] "POST /xmlrpc.php HTTP/1.1" 200 403 "http://www.google.com.hk" "Mozilla/5.0 (Windows NT 6.1; WOW64) AppleWebKit/537.36 (KHTML, like Gecko) Chrome/42.0.2311.90 Safari/537.36"
54.36.149.14 - - [05/Apr/2020:20:28:55 +0000] "GET /robots.txt HTTP/1.1" 301 241 "-" "Mozilla/5.0 (compatible; AhrefsBot/6.1; +http://ahrefs.com/robot/)"
54.36.149.14 - - [05/Apr/2020:20:28:56 +0000] "GET /robots.txt HTTP/1.1" 200 67 "-" "Mozilla/5.0 (compatible; AhrefsBot/6.1; +http://ahrefs.com/robot/)"
54.36.148.104 - - [05/Apr/2020:20:28:57 +0000] "GET /2014/10/13/lenovo-t430-repair-guide/ HTTP/1.1" 301 267 "-" "Mozilla/5.0 (compatible; AhrefsBot/6.1; +http://ahrefs.com/robot/)"
92.53.98.191 - - [05/Apr/2020:20:32:15 +0000] "GET /wp-login.php HTTP/1.1" 200 7144 "-" "Mozilla/5.0 (X11; Ubuntu; Linux x86_64; rv:62.0) Gecko/20100101 Firefox/62.0"
92.53.98.191 - - [05/Apr/2020:20:32:16 +0000] "POST /wp-login.php HTTP/1.1" 200 8053 "-" "Mozilla/5.0 (X11; Ubuntu; Linux x86_64; rv:62.0) Gecko/20100101 Firefox/62.0"
92.53.98.191 - - [05/Apr/2020:20:32:17 +0000] "POST /xmlrpc.php HTTP/1.1" 200 401 "-" "Mozilla/5.0 (X11; Ubuntu; Linux x86_64; rv:62.0) Gecko/20100101 Firefox/62.0"
192.99.36.177 - - [05/Apr/2020:20:35:18 +0000] "POST /xmlrpc.php HTTP/1.1" 200 403 "http://www.google.com.hk" "Mozilla/5.0 (Windows NT 6.1; WOW64) AppleWebKit/537.36 (KHTML, like Gecko) Chrome/42.0.2311.90 Safari/537.36"
37.59.56.107 - - [05/Apr/2020:20:43:02 +0000] "POST /xmlrpc.php HTTP/1.1" 200 403 "http://www.google.com.hk" "Mozilla/5.0 (Windows NT 6.1; WOW64) AppleWebKit/537.36 (KHTML, like Gecko) Chrome/42.0.2311.90 Safari/537.36"
188.166.63.155 - - [05/Apr/2020:20:44:38 +0000] "GET /wp-login.php HTTP/1.1" 200 7144 "-" "Mozilla/5.0 (X11; Ubuntu; Linux x86_64; rv:62.0) Gecko/20100101 Firefox/62.0"
188.166.63.155 - - [05/Apr/2020:20:44:39 +0000] "POST /wp-login.php HTTP/1.1" 200 8053 "-" "Mozilla/5.0 (X11; Ubuntu; Linux x86_64; rv:62.0) Gecko/20100101 Firefox/62.0"
188.166.63.155 - - [05/Apr/2020:20:44:40 +0000] "POST /xmlrpc.php HTTP/1.1" 200 401 "-" "Mozilla/5.0 (X11; Ubuntu; Linux x86_64; rv:62.0) Gecko/20100101 Firefox/62.0"
127.0.0.1 - - [05/Apr/2020:20:51:30 +0000] "POST /wp-cron.php?doing_wp_cron=1586119890.8311560153961181640625 HTTP/1.1" 200 - "https://www.datos.asia/wp-cron.php?doing_wp_cron=1586119890.8311560153961181640625" "WordPress/5.3.2; https://www.datos.asia"
192.99.15.15 - - [05/Apr/2020:20:51:30 +0000] "POST /xmlrpc.php HTTP/1.1" 200 403 "http://www.google.com.hk" "Mozilla/5.0 (Windows NT 6.1; WOW64) AppleWebKit/537.36 (KHTML, like Gecko) Chrome/42.0.2311.90 Safari/537.36"
37.187.74.109 - - [05/Apr/2020:20:57:12 +0000] "POST /xmlrpc.php HTTP/1.1" 200 403 "http://www.google.com.hk" "Mozilla/5.0 (Windows NT 6.1; WOW64) AppleWebKit/537.36 (KHTML, like Gecko) Chrome/42.0.2311.90 Safari/537.36"
192.99.15.15 - - [05/Apr/2020:21:00:30 +0000] "POST /xmlrpc.php HTTP/1.1" 200 403 "http://www.google.com.hk" "Mozilla/5.0 (Windows NT 6.1; WOW64) AppleWebKit/537.36 (KHTML, like Gecko) Chrome/42.0.2311.90 Safari/537.36"
192.99.36.177 - - [05/Apr/2020:21:02:16 +0000] "POST /xmlrpc.php HTTP/1.1" 200 403 "http://www.google.com.hk" "Mozilla/5.0 (Windows NT 6.1; WOW64) AppleWebKit/537.36 (KHTML, like Gecko) Chrome/42.0.2311.90 Safari/537.36"
45.252.248.13 - - [05/Apr/2020:21:05:28 +0000] "GET /wp-login.php HTTP/1.1" 200 7144 "-" "Mozilla/5.0 (X11; Ubuntu; Linux x86_64; rv:62.0) Gecko/20100101 Firefox/62.0"
45.252.248.13 - - [05/Apr/2020:21:05:28 +0000] "POST /wp-login.php HTTP/1.1" 200 8053 "-" "Mozilla/5.0 (X11; Ubuntu; Linux x86_64; rv:62.0) Gecko/20100101 Firefox/62.0"
45.252.248.13 - - [05/Apr/2020:21:05:29 +0000] "POST /xmlrpc.php HTTP/1.1" 200 401 "-" "Mozilla/5.0 (X11; Ubuntu; Linux x86_64; rv:62.0) Gecko/20100101 Firefox/62.0"
37.187.74.109 - - [05/Apr/2020:21:05:51 +0000] "POST /xmlrpc.php HTTP/1.1" 200 403 "http://www.google.com.hk" "Mozilla/5.0 (Windows NT 6.1; WOW64) AppleWebKit/537.36 (KHTML, like Gecko) Chrome/42.0.2311.90 Safari/537.36"
37.187.74.109 - - [05/Apr/2020:21:06:29 +0000] "POST /xmlrpc.php HTTP/1.1" 200 403 "http://www.google.com.hk" "Mozilla/5.0 (Windows NT 6.1; WOW64) AppleWebKit/537.36 (KHTML, like Gecko) Chrome/42.0.2311.90 Safari/537.36"
54.36.185.110 - - [05/Apr/2020:21:06:40 +0000] "GET / HTTP/1.1" 301 - "-" "Mozilla/5.0 (Windows NT 10.0; Win64; x64) AppleWebKit/537.36 (KHTML, like Gecko) Chrome/76.0.3809.132 Safari/537.36"
216.244.66.239 - - [05/Apr/2020:21:09:12 +0000] "GET /test/qbmonthly/vendor/quickbooks/v3-php-sdk/src/XSD2PHP/lib/ZF/1.10.7/Zend/Soap/ HTTP/1.1" 200 2588 "-" "Mozilla/5.0 (compatible; DotBot/1.1; http://www.opensiteexplorer.org/dotbot, help@moz.com)"
46.101.124.38 - - [05/Apr/2020:21:10:27 +0000] "GET /wp-login.php HTTP/1.1" 200 7144 "-" "Mozilla/5.0 (X11; Ubuntu; Linux x86_64; rv:62.0) Gecko/20100101 Firefox/62.0"
46.101.124.38 - - [05/Apr/2020:21:10:28 +0000] "POST /wp-login.php HTTP/1.1" 200 8053 "-" "Mozilla/5.0 (X11; Ubuntu; Linux x86_64; rv:62.0) Gecko/20100101 Firefox/62.0"
46.101.124.38 - - [05/Apr/2020:21:10:29 +0000] "POST /xmlrpc.php HTTP/1.1" 200 401 "-" "Mozilla/5.0 (X11; Ubuntu; Linux x86_64; rv:62.0) Gecko/20100101 Firefox/62.0"
216.244.66.239 - - [05/Apr/2020:21:13:57 +0000] "GET /test/qbmonthly/vendor/quickbooks/v3-php-sdk/src/XSD2PHP/test/data/expected/ContactCompany/?C=M;O=D HTTP/1.1" 200 2183 "-" "Mozilla/5.0 (compatible; DotBot/1.1; http://www.opensiteexplorer.org/dotbot, help@moz.com)"
217.29.124.251 - - [05/Apr/2020:21:15:10 +0000] "GET /wp-login.php HTTP/1.1" 200 7144 "-" "Mozilla/5.0 (X11; Ubuntu; Linux x86_64; rv:62.0) Gecko/20100101 Firefox/62.0"
217.29.124.251 - - [05/Apr/2020:21:15:11 +0000] "POST /wp-login.php HTTP/1.1" 200 8053 "-" "Mozilla/5.0 (X11; Ubuntu; Linux x86_64; rv:62.0) Gecko/20100101 Firefox/62.0"
217.29.124.251 - - [05/Apr/2020:21:15:11 +0000] "POST /xmlrpc.php HTTP/1.1" 200 401 "-" "Mozilla/5.0 (X11; Ubuntu; Linux x86_64; rv:62.0) Gecko/20100101 Firefox/62.0"
37.187.74.109 - - [05/Apr/2020:21:15:50 +0000] "POST /xmlrpc.php HTTP/1.1" 200 403 "http://www.google.com.hk" "Mozilla/5.0 (Windows NT 6.1; WOW64) AppleWebKit/537.36 (KHTML, like Gecko) Chrome/42.0.2311.90 Safari/537.36"
64.225.19.114 - - [05/Apr/2020:21:26:00 +0000] "GET /wp-login.php HTTP/1.1" 200 7144 "-" "Mozilla/5.0 (X11; Ubuntu; Linux x86_64; rv:62.0) Gecko/20100101 Firefox/62.0"
64.225.19.114 - - [05/Apr/2020:21:26:02 +0000] "POST /wp-login.php HTTP/1.1" 200 8053 "-" "Mozilla/5.0 (X11; Ubuntu; Linux x86_64; rv:62.0) Gecko/20100101 Firefox/62.0"
64.225.19.114 - - [05/Apr/2020:21:26:05 +0000] "POST /xmlrpc.php HTTP/1.1" 200 401 "-" "Mozilla/5.0 (X11; Ubuntu; Linux x86_64; rv:62.0) Gecko/20100101 Firefox/62.0"
198.46.81.54 - - [05/Apr/2020:21:28:17 +0000] "GET /wp-login.php HTTP/1.1" 200 7144 "-" "Mozilla/5.0 (X11; Ubuntu; Linux x86_64; rv:62.0) Gecko/20100101 Firefox/62.0"
165.22.216.185 - - [05/Apr/2020:21:34:28 +0000] "GET /wp-login.php HTTP/1.1" 200 7144 "-" "Mozilla/5.0 (X11; Ubuntu; Linux x86_64; rv:62.0) Gecko/20100101 Firefox/62.0"
165.22.216.185 - - [05/Apr/2020:21:34:29 +0000] "POST /wp-login.php HTTP/1.1" 200 8053 "-" "Mozilla/5.0 (X11; Ubuntu; Linux x86_64; rv:62.0) Gecko/20100101 Firefox/62.0"
165.22.216.185 - - [05/Apr/2020:21:34:30 +0000] "POST /xmlrpc.php HTTP/1.1" 200 401 "-" "Mozilla/5.0 (X11; Ubuntu; Linux x86_64; rv:62.0) Gecko/20100101 Firefox/62.0"
140.82.36.149 - - [05/Apr/2020:21:38:37 +0000] "GET /wp-login.php HTTP/1.1" 200 7144 "-" "Mozilla/5.0 (X11; Ubuntu; Linux x86_64; rv:62.0) Gecko/20100101 Firefox/62.0"
140.82.36.149 - - [05/Apr/2020:21:38:38 +0000] "POST /wp-login.php HTTP/1.1" 200 8053 "-" "Mozilla/5.0 (X11; Ubuntu; Linux x86_64; rv:62.0) Gecko/20100101 Firefox/62.0"
140.82.36.149 - - [05/Apr/2020:21:38:39 +0000] "POST /xmlrpc.php HTTP/1.1" 200 401 "-" "Mozilla/5.0 (X11; Ubuntu; Linux x86_64; rv:62.0) Gecko/20100101 Firefox/62.0"
216.244.66.239 - - [05/Apr/2020:21:39:07 +0000] "GET /robots.txt HTTP/1.1" 200 67 "-" "Mozilla/5.0 (compatible; DotBot/1.1; http://www.opensiteexplorer.org/dotbot, help@moz.com)"
37.59.56.107 - - [05/Apr/2020:21:42:11 +0000] "POST /xmlrpc.php HTTP/1.1" 200 403 "http://www.google.com.hk" "Mozilla/5.0 (Windows NT 6.1; WOW64) AppleWebKit/537.36 (KHTML, like Gecko) Chrome/42.0.2311.90 Safari/537.36"
159.89.52.128 - - [05/Apr/2020:21:42:46 +0000] "GET /wp-login.php HTTP/1.1" 200 7144 "-" "Mozilla/5.0 (X11; Ubuntu; Linux x86_64; rv:62.0) Gecko/20100101 Firefox/62.0"
159.89.52.128 - - [05/Apr/2020:21:42:46 +0000] "POST /wp-login.php HTTP/1.1" 200 8053 "-" "Mozilla/5.0 (X11; Ubuntu; Linux x86_64; rv:62.0) Gecko/20100101 Firefox/62.0"
159.89.52.128 - - [05/Apr/2020:21:42:47 +0000] "POST /xmlrpc.php HTTP/1.1" 200 401 "-" "Mozilla/5.0 (X11; Ubuntu; Linux x86_64; rv:62.0) Gecko/20100101 Firefox/62.0"
127.0.0.1 - - [05/Apr/2020:21:52:05 +0000] "POST /wp-cron.php?doing_wp_cron=1586123525.4391250610351562500000 HTTP/1.1" 200 - "https://www.datos.asia/wp-cron.php?doing_wp_cron=1586123525.4391250610351562500000" "WordPress/5.3.2; https://www.datos.asia"
159.89.104.85 - - [05/Apr/2020:21:52:05 +0000] "GET /wp-login.php HTTP/1.1" 200 7144 "-" "Mozilla/5.0 (X11; Ubuntu; Linux x86_64; rv:62.0) Gecko/20100101 Firefox/62.0"
159.89.104.85 - - [05/Apr/2020:21:52:11 +0000] "POST /wp-login.php HTTP/1.1" 200 8053 "-" "Mozilla/5.0 (X11; Ubuntu; Linux x86_64; rv:62.0) Gecko/20100101 Firefox/62.0"
159.89.104.85 - - [05/Apr/2020:21:52:12 +0000] "POST /xmlrpc.php HTTP/1.1" 200 401 "-" "Mozilla/5.0 (X11; Ubuntu; Linux x86_64; rv:62.0) Gecko/20100101 Firefox/62.0"
37.187.74.109 - - [05/Apr/2020:21:56:51 +0000] "POST /xmlrpc.php HTTP/1.1" 200 403 "http://www.google.com.hk" "Mozilla/5.0 (Windows NT 6.1; WOW64) AppleWebKit/537.36 (KHTML, like Gecko) Chrome/42.0.2311.90 Safari/537.36"
216.244.66.239 - - [05/Apr/2020:21:56:53 +0000] "GET /t430_rep_fru_23_lcdbezelassembly/ HTTP/1.1" 301 - "-" "Mozilla/5.0 (compatible; DotBot/1.1; http://www.opensiteexplorer.org/dotbot, help@moz.com)"
216.244.66.239 - - [05/Apr/2020:21:57:24 +0000] "GET /category/help-wanted/feed/ HTTP/1.1" 301 - "-" "Mozilla/5.0 (compatible; DotBot/1.1; http://www.opensiteexplorer.org/dotbot, help@moz.com)"
35.240.190.190 - - [05/Apr/2020:22:00:16 +0000] "POST /xmlrpc.php HTTP/1.1" 200 401 "-" "Mozilla/5.0 (X11; Ubuntu; Linux x86_64; rv:62.0) Gecko/20100101 Firefox/62.0"
46.101.63.219 - - [05/Apr/2020:22:00:21 +0000] "GET /wp-login.php HTTP/1.1" 200 7144 "-" "Mozilla/5.0 (X11; Ubuntu; Linux x86_64; rv:62.0) Gecko/20100101 Firefox/62.0"
46.101.63.219 - - [05/Apr/2020:22:00:22 +0000] "POST /wp-login.php HTTP/1.1" 200 8053 "-" "Mozilla/5.0 (X11; Ubuntu; Linux x86_64; rv:62.0) Gecko/20100101 Firefox/62.0"
46.101.63.219 - - [05/Apr/2020:22:00:23 +0000] "POST /xmlrpc.php HTTP/1.1" 200 401 "-" "Mozilla/5.0 (X11; Ubuntu; Linux x86_64; rv:62.0) Gecko/20100101 Firefox/62.0"
192.99.36.177 - - [05/Apr/2020:22:01:58 +0000] "POST /xmlrpc.php HTTP/1.1" 200 403 "http://www.google.com.hk" "Mozilla/5.0 (Windows NT 6.1; WOW64) AppleWebKit/537.36 (KHTML, like Gecko) Chrome/42.0.2311.90 Safari/537.36"
35.183.69.225 - - [05/Apr/2020:22:03:41 +0000] "GET / HTTP/1.1" 301 - "-" "Mozilla/5.0 zgrab/0.x"
35.183.69.225 - - [05/Apr/2020:22:03:42 +0000] "GET / HTTP/1.1" 200 22705 "http://3.114.205.254:80/" "Mozilla/5.0 zgrab/0.x"
216.244.66.239 - - [05/Apr/2020:22:04:00 +0000] "GET /test/qbmonthly/vendor/quickbooks/v3-php-sdk/src/XSD2PHP/resources/MultiLevelImport/common/?C=D;O=D HTTP/1.1" 200 1992 "-" "Mozilla/5.0 (compatible; DotBot/1.1; http://www.opensiteexplorer.org/dotbot, help@moz.com)"
37.187.74.109 - - [05/Apr/2020:22:04:07 +0000] "POST /xmlrpc.php HTTP/1.1" 200 403 "http://www.google.com.hk" "Mozilla/5.0 (Windows NT 6.1; WOW64) AppleWebKit/537.36 (KHTML, like Gecko) Chrome/42.0.2311.90 Safari/537.36"
45.252.250.106 - - [05/Apr/2020:22:04:50 +0000] "GET /wp-login.php HTTP/1.1" 200 7144 "-" "Mozilla/5.0 (X11; Ubuntu; Linux x86_64; rv:62.0) Gecko/20100101 Firefox/62.0"
45.252.250.106 - - [05/Apr/2020:22:04:51 +0000] "POST /wp-login.php HTTP/1.1" 200 8053 "-" "Mozilla/5.0 (X11; Ubuntu; Linux x86_64; rv:62.0) Gecko/20100101 Firefox/62.0"
45.252.250.106 - - [05/Apr/2020:22:04:51 +0000] "POST /xmlrpc.php HTTP/1.1" 200 401 "-" "Mozilla/5.0 (X11; Ubuntu; Linux x86_64; rv:62.0) Gecko/20100101 Firefox/62.0"
216.244.66.239 - - [05/Apr/2020:22:05:10 +0000] "GET /test/qbmonthly/vendor/quickbooks/v3-php-sdk/src/XSD2PHP/test/data/expected/ContactPersonWsdl/public/?C=D;O=D HTTP/1.1" 200 1165 "-" "Mozilla/5.0 (compatible; DotBot/1.1; http://www.opensiteexplorer.org/dotbot, help@moz.com)"
37.59.56.107 - - [05/Apr/2020:22:06:08 +0000] "POST /xmlrpc.php HTTP/1.1" 200 403 "http://www.google.com.hk" "Mozilla/5.0 (Windows NT 6.1; WOW64) AppleWebKit/537.36 (KHTML, like Gecko) Chrome/42.0.2311.90 Safari/537.36"
35.183.69.225 - - [05/Apr/2020:22:07:30 +0000] "GET / HTTP/1.1" 200 22705 "https://3.114.205.254:443/" "Mozilla/5.0 zgrab/0.x"
198.27.81.94 - - [05/Apr/2020:22:07:32 +0000] "POST /xmlrpc.php HTTP/1.1" 200 403 "http://www.google.com.hk" "Mozilla/5.0 (Windows NT 6.1; WOW64) AppleWebKit/537.36 (KHTML, like Gecko) Chrome/42.0.2311.90 Safari/537.36"
