116.206.233.146 - - [06/Apr/2020:02:52:49 +0000] "POST /wp-login.php HTTP/1.1" 200 8061 "-" "Mozilla/5.0 (X11; Ubuntu; Linux x86_64; rv:62.0) Gecko/20100101 Firefox/62.0"
116.206.233.146 - - [06/Apr/2020:02:52:49 +0000] "POST /xmlrpc.php HTTP/1.1" 200 401 "-" "Mozilla/5.0 (X11; Ubuntu; Linux x86_64; rv:62.0) Gecko/20100101 Firefox/62.0"
192.241.238.216 - - [06/Apr/2020:02:54:00 +0000] "GET /manager/text/list HTTP/1.1" 404 19015 "-" "Mozilla/5.0 zgrab/0.x"
37.59.56.107 - - [06/Apr/2020:02:55:31 +0000] "POST /xmlrpc.php HTTP/1.1" 200 403 "http://www.google.com.hk" "Mozilla/5.0 (Windows NT 6.1; WOW64) AppleWebKit/537.36 (KHTML, like Gecko) Chrome/42.0.2311.90 Safari/537.36"
54.36.150.164 - - [06/Apr/2020:02:57:06 +0000] "GET /t430_rem_fru_13_keyboardbezel/ HTTP/1.1" 301 261 "-" "Mozilla/5.0 (compatible; AhrefsBot/6.1; +http://ahrefs.com/robot/)"
106.14.154.112 - - [06/Apr/2020:02:59:12 +0000] "GET / HTTP/1.1" 200 22736 "-" "Mozilla/5.0 (Windows; U; Windows NT 6.0;en-US; rv:1.9.2) Gecko/20100115 Firefox/3.6)"
71.6.199.23 - - [06/Apr/2020:02:59:34 +0000] "GET / HTTP/1.1" 301 - "-" "Mozilla/5.0 (Windows NT 6.1) AppleWebKit/537.36 (KHTML, like Gecko) Chrome/41.0.2228.0 Safari/537.36"
71.6.199.23 - - [06/Apr/2020:02:59:35 +0000] "GET /robots.txt HTTP/1.1" 200 67 "-" "-"
71.6.199.23 - - [06/Apr/2020:02:59:35 +0000] "GET /sitemap.xml HTTP/1.1" 404 19015 "-" "-"
71.6.199.23 - - [06/Apr/2020:02:59:35 +0000] "GET /.well-known/security.txt HTTP/1.1" 404 19015 "-" "-"
71.6.199.23 - - [06/Apr/2020:02:59:37 +0000] "GET / HTTP/1.1" 200 22705 "-" "Mozilla/5.0 (X11; Linux x86_64) AppleWebKit/537.36 (KHTML, like Gecko) Chrome/34.0.1847.137 Safari/537.36"
150.95.113.125 - - [06/Apr/2020:02:59:44 +0000] "GET /wp-login.php HTTP/1.1" 200 7144 "-" "Mozilla/5.0 (X11; Ubuntu; Linux x86_64; rv:62.0) Gecko/20100101 Firefox/62.0"
150.95.113.125 - - [06/Apr/2020:02:59:44 +0000] "POST /wp-login.php HTTP/1.1" 200 8053 "-" "Mozilla/5.0 (X11; Ubuntu; Linux x86_64; rv:62.0) Gecko/20100101 Firefox/62.0"
71.6.199.23 - - [06/Apr/2020:02:59:44 +0000] "GET /robots.txt HTTP/1.1" 200 67 "-" "-"
150.95.113.125 - - [06/Apr/2020:02:59:45 +0000] "POST /xmlrpc.php HTTP/1.1" 200 401 "-" "Mozilla/5.0 (X11; Ubuntu; Linux x86_64; rv:62.0) Gecko/20100101 Firefox/62.0"
71.6.199.23 - - [06/Apr/2020:02:59:45 +0000] "GET /sitemap.xml HTTP/1.1" 404 18982 "-" "-"
71.6.199.23 - - [06/Apr/2020:02:59:46 +0000] "GET /.well-known/security.txt HTTP/1.1" 404 18982 "-" "-"
71.6.199.23 - - [06/Apr/2020:02:59:47 +0000] "GET /favicon.ico HTTP/1.1" 200 - "-" "python-requests/2.19.1"
192.99.36.177 - - [06/Apr/2020:03:03:48 +0000] "POST /xmlrpc.php HTTP/1.1" 200 403 "http://www.google.com.hk" "Mozilla/5.0 (Windows NT 6.1; WOW64) AppleWebKit/537.36 (KHTML, like Gecko) Chrome/42.0.2311.90 Safari/537.36"
77.81.224.88 - - [06/Apr/2020:03:06:23 +0000] "GET /wp-login.php HTTP/1.1" 200 7144 "-" "Mozilla/5.0 (X11; Ubuntu; Linux x86_64; rv:62.0) Gecko/20100101 Firefox/62.0"
77.81.224.88 - - [06/Apr/2020:03:06:25 +0000] "POST /wp-login.php HTTP/1.1" 200 8204 "-" "Mozilla/5.0 (X11; Ubuntu; Linux x86_64; rv:62.0) Gecko/20100101 Firefox/62.0"
77.81.224.88 - - [06/Apr/2020:03:06:26 +0000] "GET /wp-login.php HTTP/1.1" 200 7144 "-" "Mozilla/5.0 (X11; Ubuntu; Linux x86_64; rv:62.0) Gecko/20100101 Firefox/62.0"
77.81.224.88 - - [06/Apr/2020:03:06:27 +0000] "POST /wp-login.php HTTP/1.1" 200 8061 "-" "Mozilla/5.0 (X11; Ubuntu; Linux x86_64; rv:62.0) Gecko/20100101 Firefox/62.0"
77.81.224.88 - - [06/Apr/2020:03:06:28 +0000] "POST /xmlrpc.php HTTP/1.1" 200 401 "-" "Mozilla/5.0 (X11; Ubuntu; Linux x86_64; rv:62.0) Gecko/20100101 Firefox/62.0"
51.75.247.11 - - [06/Apr/2020:03:10:43 +0000] "GET /wp-login.php HTTP/1.1" 200 7144 "-" "Mozilla/5.0 (X11; Ubuntu; Linux x86_64; rv:62.0) Gecko/20100101 Firefox/62.0"
51.75.247.11 - - [06/Apr/2020:03:10:44 +0000] "POST /wp-login.php HTTP/1.1" 200 8053 "-" "Mozilla/5.0 (X11; Ubuntu; Linux x86_64; rv:62.0) Gecko/20100101 Firefox/62.0"
51.75.247.11 - - [06/Apr/2020:03:10:45 +0000] "POST /xmlrpc.php HTTP/1.1" 200 401 "-" "Mozilla/5.0 (X11; Ubuntu; Linux x86_64; rv:62.0) Gecko/20100101 Firefox/62.0"
192.99.36.177 - - [06/Apr/2020:03:11:01 +0000] "POST /xmlrpc.php HTTP/1.1" 200 403 "http://www.google.com.hk" "Mozilla/5.0 (Windows NT 6.1; WOW64) AppleWebKit/537.36 (KHTML, like Gecko) Chrome/42.0.2311.90 Safari/537.36"
216.244.66.239 - - [06/Apr/2020:03:15:46 +0000] "GET /category/odoo/ HTTP/1.1" 301 - "-" "Mozilla/5.0 (compatible; DotBot/1.1; http://www.opensiteexplorer.org/dotbot, help@moz.com)"
216.244.66.239 - - [06/Apr/2020:03:16:52 +0000] "GET /test/qbmonthly/vendor/quickbooks/v3-php-sdk/src/XSD2PHP/test/data/expected/ContactPersonWsdl/public/?C=M;O=A HTTP/1.1" 200 1165 "-" "Mozilla/5.0 (compatible; DotBot/1.1; http://www.opensiteexplorer.org/dotbot, help@moz.com)"
167.71.214.181 - - [06/Apr/2020:03:16:58 +0000] "GET /wp-login.php HTTP/1.1" 200 7144 "-" "Mozilla/5.0 (X11; Ubuntu; Linux x86_64; rv:62.0) Gecko/20100101 Firefox/62.0"
167.71.214.181 - - [06/Apr/2020:03:16:58 +0000] "POST /wp-login.php HTTP/1.1" 200 8053 "-" "Mozilla/5.0 (X11; Ubuntu; Linux x86_64; rv:62.0) Gecko/20100101 Firefox/62.0"
167.71.214.181 - - [06/Apr/2020:03:16:59 +0000] "POST /xmlrpc.php HTTP/1.1" 200 401 "-" "Mozilla/5.0 (X11; Ubuntu; Linux x86_64; rv:62.0) Gecko/20100101 Firefox/62.0"
216.244.66.239 - - [06/Apr/2020:03:17:06 +0000] "GET /2015/03/06/hard-drive-replacement-forms/ HTTP/1.1" 301 - "-" "Mozilla/5.0 (compatible; DotBot/1.1; http://www.opensiteexplorer.org/dotbot, help@moz.com)"
216.244.66.239 - - [06/Apr/2020:03:19:37 +0000] "GET /test/qbmonthly/vendor/quickbooks/v3-php-sdk/src/XSD2PHP/test/data/expected/simple1/bindings/address.php HTTP/1.1" 200 - "-" "Mozilla/5.0 (compatible; DotBot/1.1; http://www.opensiteexplorer.org/dotbot, help@moz.com)"
35.197.186.58 - - [06/Apr/2020:03:20:47 +0000] "GET /wp-login.php HTTP/1.1" 200 7144 "-" "Mozilla/5.0 (X11; Ubuntu; Linux x86_64; rv:62.0) Gecko/20100101 Firefox/62.0"
35.197.186.58 - - [06/Apr/2020:03:20:47 +0000] "POST /wp-login.php HTTP/1.1" 200 8204 "-" "Mozilla/5.0 (X11; Ubuntu; Linux x86_64; rv:62.0) Gecko/20100101 Firefox/62.0"
35.197.186.58 - - [06/Apr/2020:03:20:48 +0000] "GET /wp-login.php HTTP/1.1" 200 7144 "-" "Mozilla/5.0 (X11; Ubuntu; Linux x86_64; rv:62.0) Gecko/20100101 Firefox/62.0"
35.197.186.58 - - [06/Apr/2020:03:20:49 +0000] "POST /wp-login.php HTTP/1.1" 200 8061 "-" "Mozilla/5.0 (X11; Ubuntu; Linux x86_64; rv:62.0) Gecko/20100101 Firefox/62.0"
35.197.186.58 - - [06/Apr/2020:03:20:49 +0000] "POST /xmlrpc.php HTTP/1.1" 200 401 "-" "Mozilla/5.0 (X11; Ubuntu; Linux x86_64; rv:62.0) Gecko/20100101 Firefox/62.0"
157.230.24.223 - - [06/Apr/2020:03:26:21 +0000] "GET /wp-login.php HTTP/1.1" 200 7144 "-" "Mozilla/5.0 (X11; Ubuntu; Linux x86_64; rv:62.0) Gecko/20100101 Firefox/62.0"
157.230.24.223 - - [06/Apr/2020:03:26:27 +0000] "POST /wp-login.php HTTP/1.1" 200 8053 "-" "Mozilla/5.0 (X11; Ubuntu; Linux x86_64; rv:62.0) Gecko/20100101 Firefox/62.0"
157.230.24.223 - - [06/Apr/2020:03:26:28 +0000] "POST /xmlrpc.php HTTP/1.1" 200 401 "-" "Mozilla/5.0 (X11; Ubuntu; Linux x86_64; rv:62.0) Gecko/20100101 Firefox/62.0"
148.251.8.250 - - [06/Apr/2020:03:32:01 +0000] "GET /robots.txt HTTP/1.1" 301 241 "-" "Mozilla/5.0 (compatible; MJ12bot/v1.4.8; http://mj12bot.com/)"
148.251.8.250 - - [06/Apr/2020:03:32:03 +0000] "GET /robots.txt HTTP/1.1" 200 67 "-" "Mozilla/5.0 (compatible; MJ12bot/v1.4.8; http://mj12bot.com/)"
148.251.8.250 - - [06/Apr/2020:03:32:05 +0000] "GET / HTTP/1.1" 301 231 "-" "Mozilla/5.0 (compatible; MJ12bot/v1.4.8; http://mj12bot.com/)"
148.251.8.250 - - [06/Apr/2020:03:32:07 +0000] "GET / HTTP/1.1" 200 22705 "-" "Mozilla/5.0 (compatible; MJ12bot/v1.4.8; http://mj12bot.com/)"
103.18.109.168 - - [06/Apr/2020:03:32:14 +0000] "GET /wp-login.php HTTP/1.1" 200 7144 "-" "Mozilla/5.0 (X11; Ubuntu; Linux x86_64; rv:62.0) Gecko/20100101 Firefox/62.0"
103.18.109.168 - - [06/Apr/2020:03:32:14 +0000] "POST /wp-login.php HTTP/1.1" 200 8053 "-" "Mozilla/5.0 (X11; Ubuntu; Linux x86_64; rv:62.0) Gecko/20100101 Firefox/62.0"
103.18.109.168 - - [06/Apr/2020:03:32:15 +0000] "POST /xmlrpc.php HTTP/1.1" 200 401 "-" "Mozilla/5.0 (X11; Ubuntu; Linux x86_64; rv:62.0) Gecko/20100101 Firefox/62.0"
46.229.168.163 - - [06/Apr/2020:03:35:54 +0000] "GET /robots.txt HTTP/1.1" 200 67 "-" "Mozilla/5.0 (compatible; SemrushBot/6~bl; +http://www.semrush.com/bot.html)"
46.229.168.154 - - [06/Apr/2020:03:35:55 +0000] "GET /test/oauth2/vendor/paragonie/?C=D%3BO%3DA HTTP/1.1" 200 955 "-" "Mozilla/5.0 (compatible; SemrushBot/6~bl; +http://www.semrush.com/bot.html)"
198.27.80.123 - - [06/Apr/2020:03:38:52 +0000] "POST /xmlrpc.php HTTP/1.1" 200 403 "http://www.google.com.hk" "Mozilla/5.0 (Windows NT 6.1; WOW64) AppleWebKit/537.36 (KHTML, like Gecko) Chrome/42.0.2311.90 Safari/537.36"
104.194.10.5 - - [06/Apr/2020:03:38:56 +0000] "GET /wp-login.php HTTP/1.1" 200 7144 "-" "Mozilla/5.0 (X11; Ubuntu; Linux x86_64; rv:62.0) Gecko/20100101 Firefox/62.0"
104.194.10.5 - - [06/Apr/2020:03:38:57 +0000] "POST /wp-login.php HTTP/1.1" 200 8053 "-" "Mozilla/5.0 (X11; Ubuntu; Linux x86_64; rv:62.0) Gecko/20100101 Firefox/62.0"
104.194.10.5 - - [06/Apr/2020:03:38:58 +0000] "POST /xmlrpc.php HTTP/1.1" 200 401 "-" "Mozilla/5.0 (X11; Ubuntu; Linux x86_64; rv:62.0) Gecko/20100101 Firefox/62.0"
81.46.202.164 - - [06/Apr/2020:03:40:29 +0000] "GET /wp-login.php HTTP/1.1" 200 7144 "-" "Mozilla/5.0 (X11; Ubuntu; Linux x86_64; rv:62.0) Gecko/20100101 Firefox/62.0"
81.46.202.164 - - [06/Apr/2020:03:40:30 +0000] "POST /wp-login.php HTTP/1.1" 200 8053 "-" "Mozilla/5.0 (X11; Ubuntu; Linux x86_64; rv:62.0) Gecko/20100101 Firefox/62.0"
81.46.202.164 - - [06/Apr/2020:03:40:31 +0000] "POST /xmlrpc.php HTTP/1.1" 200 401 "-" "Mozilla/5.0 (X11; Ubuntu; Linux x86_64; rv:62.0) Gecko/20100101 Firefox/62.0"
198.27.80.123 - - [06/Apr/2020:03:47:44 +0000] "POST /xmlrpc.php HTTP/1.1" 200 403 "http://www.google.com.hk" "Mozilla/5.0 (Windows NT 6.1; WOW64) AppleWebKit/537.36 (KHTML, like Gecko) Chrome/42.0.2311.90 Safari/537.36"
103.1.237.66 - - [06/Apr/2020:03:51:09 +0000] "GET /wp-login.php HTTP/1.1" 200 7144 "-" "Mozilla/5.0 (X11; Ubuntu; Linux x86_64; rv:62.0) Gecko/20100101 Firefox/62.0"
127.0.0.1 - - [06/Apr/2020:03:51:09 +0000] "POST /wp-cron.php?doing_wp_cron=1586145069.3270089626312255859375 HTTP/1.1" 200 - "https://www.datos.asia/wp-cron.php?doing_wp_cron=1586145069.3270089626312255859375" "WordPress/5.3.2; https://www.datos.asia"
103.1.237.66 - - [06/Apr/2020:03:51:29 +0000] "POST /wp-login.php HTTP/1.1" 200 8053 "-" "Mozilla/5.0 (X11; Ubuntu; Linux x86_64; rv:62.0) Gecko/20100101 Firefox/62.0"
103.1.237.66 - - [06/Apr/2020:03:51:44 +0000] "POST /xmlrpc.php HTTP/1.1" 200 401 "-" "Mozilla/5.0 (X11; Ubuntu; Linux x86_64; rv:62.0) Gecko/20100101 Firefox/62.0"
127.0.0.1 - - [06/Apr/2020:03:54:20 +0000] "POST /wp-cron.php?doing_wp_cron=1586145260.9313459396362304687500 HTTP/1.1" 301 290 "http://www.datos.asia/wp-cron.php?doing_wp_cron=1586145260.9313459396362304687500" "WordPress/5.3.2; https://www.datos.asia"
64.202.184.249 - - [06/Apr/2020:03:54:20 +0000] "GET /wp-login.php HTTP/1.1" 302 - "-" "Mozilla/5.0 (X11; Ubuntu; Linux x86_64; rv:62.0) Gecko/20100101 Firefox/62.0"
64.202.184.249 - - [06/Apr/2020:03:54:20 +0000] "GET /wp-login.php HTTP/1.1" 302 - "-" "Mozilla/5.0 (X11; Ubuntu; Linux x86_64; rv:62.0) Gecko/20100101 Firefox/62.0"
64.202.184.249 - - [06/Apr/2020:03:54:21 +0000] "GET /wp-admin/ HTTP/1.1" 302 - "http://datos.asia/wp-login.php" "Mozilla/5.0 (X11; Ubuntu; Linux x86_64; rv:62.0) Gecko/20100101 Firefox/62.0"
64.202.184.249 - - [06/Apr/2020:03:54:21 +0000] "GET /wp-admin/ HTTP/1.1" 302 - "http://datos.asia/wp-login.php" "Mozilla/5.0 (X11; Ubuntu; Linux x86_64; rv:62.0) Gecko/20100101 Firefox/62.0"
64.202.184.249 - - [06/Apr/2020:03:54:22 +0000] "GET /wp-login.php?redirect_to=https%3A%2F%2Fwww.datos.asia%2Fwp-admin%2F&reauth=1 HTTP/1.1" 200 7196 "https://www.datos.asia/wp-admin/" "Mozilla/5.0 (X11; Ubuntu; Linux x86_64; rv:62.0) Gecko/20100101 Firefox/62.0"
64.202.184.249 - - [06/Apr/2020:03:54:22 +0000] "GET /wp-login.php?redirect_to=https%3A%2F%2Fwww.datos.asia%2Fwp-admin%2F&reauth=1 HTTP/1.1" 200 7196 "https://www.datos.asia/wp-admin/" "Mozilla/5.0 (X11; Ubuntu; Linux x86_64; rv:62.0) Gecko/20100101 Firefox/62.0"
64.202.184.249 - - [06/Apr/2020:03:54:23 +0000] "GET ///?author=1 HTTP/1.1" 301 - "-" "Mozilla/5.0 (X11; Ubuntu; Linux x86_64; rv:62.0) Gecko/20100101 Firefox/62.0"
64.202.184.249 - - [06/Apr/2020:03:54:23 +0000] "GET ///?author=1 HTTP/1.1" 301 - "-" "Mozilla/5.0 (X11; Ubuntu; Linux x86_64; rv:62.0) Gecko/20100101 Firefox/62.0"
64.202.184.249 - - [06/Apr/2020:03:54:23 +0000] "GET /author/smarthands/ HTTP/1.1" 200 35031 "http://datos.asia///?author=1" "Mozilla/5.0 (X11; Ubuntu; Linux x86_64; rv:62.0) Gecko/20100101 Firefox/62.0"
64.202.184.249 - - [06/Apr/2020:03:54:23 +0000] "GET /author/smarthands/ HTTP/1.1" 200 35031 "http://datos.asia///?author=1" "Mozilla/5.0 (X11; Ubuntu; Linux x86_64; rv:62.0) Gecko/20100101 Firefox/62.0"
64.202.184.249 - - [06/Apr/2020:03:54:24 +0000] "GET ///wp-json/wp/v2/users/ HTTP/1.1" 200 577 "-" "Mozilla/5.0 (X11; Ubuntu; Linux x86_64; rv:62.0) Gecko/20100101 Firefox/62.0"
64.202.184.249 - - [06/Apr/2020:03:54:24 +0000] "GET ///wp-json/wp/v2/users/ HTTP/1.1" 200 577 "-" "Mozilla/5.0 (X11; Ubuntu; Linux x86_64; rv:62.0) Gecko/20100101 Firefox/62.0"
64.202.184.249 - - [06/Apr/2020:03:54:24 +0000] "GET ///?author=2 HTTP/1.1" 301 - "-" "Mozilla/5.0 (X11; Ubuntu; Linux x86_64; rv:62.0) Gecko/20100101 Firefox/62.0"
64.202.184.249 - - [06/Apr/2020:03:54:24 +0000] "GET ///?author=2 HTTP/1.1" 301 - "-" "Mozilla/5.0 (X11; Ubuntu; Linux x86_64; rv:62.0) Gecko/20100101 Firefox/62.0"
64.202.184.249 - - [06/Apr/2020:03:54:24 +0000] "GET /?author=2 HTTP/1.1" 301 240 "http://datos.asia///?author=2" "Mozilla/5.0 (X11; Ubuntu; Linux x86_64; rv:62.0) Gecko/20100101 Firefox/62.0"
64.202.184.249 - - [06/Apr/2020:03:54:25 +0000] "GET /?author=2 HTTP/1.1" 301 240 "http://datos.asia///?author=2" "Mozilla/5.0 (X11; Ubuntu; Linux x86_64; rv:62.0) Gecko/20100101 Firefox/62.0"
64.202.184.249 - - [06/Apr/2020:03:54:25 +0000] "GET /?author=2 HTTP/1.1" 200 19093 "http://www.datos.asia/?author=2" "Mozilla/5.0 (X11; Ubuntu; Linux x86_64; rv:62.0) Gecko/20100101 Firefox/62.0"
64.202.184.249 - - [06/Apr/2020:03:54:25 +0000] "GET /?author=2 HTTP/1.1" 200 19093 "http://www.datos.asia/?author=2" "Mozilla/5.0 (X11; Ubuntu; Linux x86_64; rv:62.0) Gecko/20100101 Firefox/62.0"
127.0.0.1 - - [06/Apr/2020:03:55:40 +0000] "POST /wp-cron.php?doing_wp_cron=1586145340.7301740646362304687500 HTTP/1.1" 200 - "https://www.datos.asia/wp-cron.php?doing_wp_cron=1586145340.7301740646362304687500" "WordPress/5.3.2; https://www.datos.asia"
139.180.197.134 - - [06/Apr/2020:03:55:40 +0000] "GET /wp-login.php HTTP/1.1" 200 7144 "-" "Mozilla/5.0 (X11; Ubuntu; Linux x86_64; rv:62.0) Gecko/20100101 Firefox/62.0"
139.180.197.134 - - [06/Apr/2020:03:55:40 +0000] "POST /wp-login.php HTTP/1.1" 200 8053 "-" "Mozilla/5.0 (X11; Ubuntu; Linux x86_64; rv:62.0) Gecko/20100101 Firefox/62.0"
139.180.197.134 - - [06/Apr/2020:03:55:41 +0000] "POST /xmlrpc.php HTTP/1.1" 200 401 "-" "Mozilla/5.0 (X11; Ubuntu; Linux x86_64; rv:62.0) Gecko/20100101 Firefox/62.0"
109.173.40.33 - - [06/Apr/2020:03:59:04 +0000] "GET /wp-login.php HTTP/1.1" 200 7144 "-" "Mozilla/5.0 (X11; Ubuntu; Linux x86_64; rv:62.0) Gecko/20100101 Firefox/62.0"
109.173.40.33 - - [06/Apr/2020:03:59:08 +0000] "POST /wp-login.php HTTP/1.1" 200 8053 "-" "Mozilla/5.0 (X11; Ubuntu; Linux x86_64; rv:62.0) Gecko/20100101 Firefox/62.0"
109.173.40.33 - - [06/Apr/2020:03:59:09 +0000] "POST /xmlrpc.php HTTP/1.1" 200 401 "-" "Mozilla/5.0 (X11; Ubuntu; Linux x86_64; rv:62.0) Gecko/20100101 Firefox/62.0"
198.27.80.123 - - [06/Apr/2020:03:59:41 +0000] "POST /xmlrpc.php HTTP/1.1" 200 403 "http://www.google.com.hk" "Mozilla/5.0 (Windows NT 6.1; WOW64) AppleWebKit/537.36 (KHTML, like Gecko) Chrome/42.0.2311.90 Safari/537.36"
206.189.144.78 - - [06/Apr/2020:04:02:06 +0000] "GET /wp-login.php HTTP/1.1" 200 7144 "-" "Mozilla/5.0 (X11; Ubuntu; Linux x86_64; rv:62.0) Gecko/20100101 Firefox/62.0"
206.189.144.78 - - [06/Apr/2020:04:02:09 +0000] "POST /wp-login.php HTTP/1.1" 200 8053 "-" "Mozilla/5.0 (X11; Ubuntu; Linux x86_64; rv:62.0) Gecko/20100101 Firefox/62.0"
206.189.144.78 - - [06/Apr/2020:04:02:11 +0000] "POST /xmlrpc.php HTTP/1.1" 200 401 "-" "Mozilla/5.0 (X11; Ubuntu; Linux x86_64; rv:62.0) Gecko/20100101 Firefox/62.0"
37.59.56.107 - - [06/Apr/2020:04:02:44 +0000] "POST /xmlrpc.php HTTP/1.1" 200 403 "http://www.google.com.hk" "Mozilla/5.0 (Windows NT 6.1; WOW64) AppleWebKit/537.36 (KHTML, like Gecko) Chrome/42.0.2311.90 Safari/537.36"
45.55.62.60 - - [06/Apr/2020:04:03:34 +0000] "GET /wp-login.php HTTP/1.1" 200 7144 "-" "Mozilla/5.0 (X11; Ubuntu; Linux x86_64; rv:62.0) Gecko/20100101 Firefox/62.0"
45.55.62.60 - - [06/Apr/2020:04:03:35 +0000] "POST /wp-login.php HTTP/1.1" 200 8053 "-" "Mozilla/5.0 (X11; Ubuntu; Linux x86_64; rv:62.0) Gecko/20100101 Firefox/62.0"
45.55.62.60 - - [06/Apr/2020:04:03:36 +0000] "POST /xmlrpc.php HTTP/1.1" 200 401 "-" "Mozilla/5.0 (X11; Ubuntu; Linux x86_64; rv:62.0) Gecko/20100101 Firefox/62.0"
46.229.168.147 - - [06/Apr/2020:04:04:02 +0000] "GET /test/ HTTP/1.1" 200 2145 "-" "Mozilla/5.0 (compatible; SemrushBot/6~bl; +http://www.semrush.com/bot.html)"
51.77.103.249 - - [06/Apr/2020:04:07:14 +0000] "POST /wp-login.php HTTP/1.1" 200 7506 "-" "Mozilla/5.0 (X11; Ubuntu; Linux x86_64; rv:62.0) Gecko/20100101 Firefox/62.0"
51.77.103.249 - - [06/Apr/2020:04:07:15 +0000] "POST /xmlrpc.php HTTP/1.1" 200 401 "-" "Mozilla/5.0 (X11; Ubuntu; Linux x86_64; rv:62.0) Gecko/20100101 Firefox/62.0"
138.197.67.237 - - [06/Apr/2020:04:14:30 +0000] "GET /wp-login.php HTTP/1.1" 200 7144 "-" "Mozilla/5.0 (X11; Ubuntu; Linux x86_64; rv:62.0) Gecko/20100101 Firefox/62.0"
138.197.67.237 - - [06/Apr/2020:04:14:31 +0000] "POST /wp-login.php HTTP/1.1" 200 8053 "-" "Mozilla/5.0 (X11; Ubuntu; Linux x86_64; rv:62.0) Gecko/20100101 Firefox/62.0"
138.197.67.237 - - [06/Apr/2020:04:14:31 +0000] "POST /xmlrpc.php HTTP/1.1" 200 401 "-" "Mozilla/5.0 (X11; Ubuntu; Linux x86_64; rv:62.0) Gecko/20100101 Firefox/62.0"
37.187.74.109 - - [06/Apr/2020:04:19:36 +0000] "POST /xmlrpc.php HTTP/1.1" 200 403 "http://www.google.com.hk" "Mozilla/5.0 (Windows NT 6.1; WOW64) AppleWebKit/537.36 (KHTML, like Gecko) Chrome/42.0.2311.90 Safari/537.36"
207.154.224.55 - - [06/Apr/2020:04:19:50 +0000] "GET /wp-login.php HTTP/1.1" 200 7144 "-" "Mozilla/5.0 (X11; Ubuntu; Linux x86_64; rv:62.0) Gecko/20100101 Firefox/62.0"
207.154.224.55 - - [06/Apr/2020:04:19:56 +0000] "POST /wp-login.php HTTP/1.1" 200 8053 "-" "Mozilla/5.0 (X11; Ubuntu; Linux x86_64; rv:62.0) Gecko/20100101 Firefox/62.0"
207.154.224.55 - - [06/Apr/2020:04:19:57 +0000] "POST /xmlrpc.php HTTP/1.1" 200 401 "-" "Mozilla/5.0 (X11; Ubuntu; Linux x86_64; rv:62.0) Gecko/20100101 Firefox/62.0"
198.27.80.123 - - [06/Apr/2020:04:22:41 +0000] "POST /xmlrpc.php HTTP/1.1" 200 403 "http://www.google.com.hk" "Mozilla/5.0 (Windows NT 6.1; WOW64) AppleWebKit/537.36 (KHTML, like Gecko) Chrome/42.0.2311.90 Safari/537.36"
37.59.56.107 - - [06/Apr/2020:04:24:14 +0000] "POST /xmlrpc.php HTTP/1.1" 200 403 "http://www.google.com.hk" "Mozilla/5.0 (Windows NT 6.1; WOW64) AppleWebKit/537.36 (KHTML, like Gecko) Chrome/42.0.2311.90 Safari/537.36"
167.99.169.117 - - [06/Apr/2020:04:26:47 +0000] "GET /wp-login.php HTTP/1.1" 200 7144 "-" "Mozilla/5.0 (X11; Ubuntu; Linux x86_64; rv:62.0) Gecko/20100101 Firefox/62.0"
167.99.169.117 - - [06/Apr/2020:04:26:48 +0000] "POST /wp-login.php HTTP/1.1" 200 8053 "-" "Mozilla/5.0 (X11; Ubuntu; Linux x86_64; rv:62.0) Gecko/20100101 Firefox/62.0"
167.99.169.117 - - [06/Apr/2020:04:26:48 +0000] "POST /xmlrpc.php HTTP/1.1" 200 401 "-" "Mozilla/5.0 (X11; Ubuntu; Linux x86_64; rv:62.0) Gecko/20100101 Firefox/62.0"
192.99.15.15 - - [06/Apr/2020:04:30:52 +0000] "POST /xmlrpc.php HTTP/1.1" 200 403 "http://www.google.com.hk" "Mozilla/5.0 (Windows NT 6.1; WOW64) AppleWebKit/537.36 (KHTML, like Gecko) Chrome/42.0.2311.90 Safari/537.36"
216.244.66.239 - - [06/Apr/2020:04:34:57 +0000] "GET /test/qbmonthly/vendor/quickbooks/v3-php-sdk/src/XSD2PHP/src/com/mikebevz/?C=S;O=D HTTP/1.1" 200 1082 "-" "Mozilla/5.0 (compatible; DotBot/1.1; http://www.opensiteexplorer.org/dotbot, help@moz.com)"
37.59.56.107 - - [06/Apr/2020:04:35:07 +0000] "POST /xmlrpc.php HTTP/1.1" 200 403 "http://www.google.com.hk" "Mozilla/5.0 (Windows NT 6.1; WOW64) AppleWebKit/537.36 (KHTML, like Gecko) Chrome/42.0.2311.90 Safari/537.36"
216.244.66.239 - - [06/Apr/2020:04:35:31 +0000] "GET /test/qbmonthly/vendor/quickbooks/v3-php-sdk/src/XSD2PHP/test/data/expected/SoapServer/?C=S;O=D HTTP/1.1" 200 1339 "-" "Mozilla/5.0 (compatible; DotBot/1.1; http://www.opensiteexplorer.org/dotbot, help@moz.com)"
167.71.4.233 - - [06/Apr/2020:04:35:35 +0000] "GET /wp-login.php HTTP/1.1" 200 7144 "-" "Mozilla/5.0 (X11; Ubuntu; Linux x86_64; rv:62.0) Gecko/20100101 Firefox/62.0"
167.71.4.233 - - [06/Apr/2020:04:35:41 +0000] "POST /wp-login.php HTTP/1.1" 200 8053 "-" "Mozilla/5.0 (X11; Ubuntu; Linux x86_64; rv:62.0) Gecko/20100101 Firefox/62.0"
167.71.4.233 - - [06/Apr/2020:04:35:47 +0000] "POST /xmlrpc.php HTTP/1.1" 200 401 "-" "Mozilla/5.0 (X11; Ubuntu; Linux x86_64; rv:62.0) Gecko/20100101 Firefox/62.0"
15.206.112.208 - - [06/Apr/2020:04:37:03 +0000] "GET /wp-login.php HTTP/1.1" 200 7144 "-" "Mozilla/5.0 (X11; Ubuntu; Linux x86_64; rv:62.0) Gecko/20100101 Firefox/62.0"
46.229.168.136 - - [06/Apr/2020:04:43:39 +0000] "GET /robots.txt HTTP/1.1" 200 67 "-" "Mozilla/5.0 (compatible; SemrushBot/6~bl; +http://www.semrush.com/bot.html)"
46.229.168.154 - - [06/Apr/2020:04:43:40 +0000] "GET /category/uncategorized/ HTTP/1.1" 200 27786 "-" "Mozilla/5.0 (compatible; SemrushBot/6~bl; +http://www.semrush.com/bot.html)"
142.93.220.208 - - [06/Apr/2020:04:44:18 +0000] "GET /wp-login.php HTTP/1.1" 200 7144 "-" "Mozilla/5.0 (X11; Ubuntu; Linux x86_64; rv:62.0) Gecko/20100101 Firefox/62.0"
142.93.220.208 - - [06/Apr/2020:04:44:19 +0000] "POST /wp-login.php HTTP/1.1" 200 8053 "-" "Mozilla/5.0 (X11; Ubuntu; Linux x86_64; rv:62.0) Gecko/20100101 Firefox/62.0"
142.93.220.208 - - [06/Apr/2020:04:44:19 +0000] "POST /xmlrpc.php HTTP/1.1" 200 401 "-" "Mozilla/5.0 (X11; Ubuntu; Linux x86_64; rv:62.0) Gecko/20100101 Firefox/62.0"
45.252.248.23 - - [06/Apr/2020:04:47:16 +0000] "GET /wp-login.php HTTP/1.1" 200 7144 "-" "Mozilla/5.0 (X11; Ubuntu; Linux x86_64; rv:62.0) Gecko/20100101 Firefox/62.0"
45.252.248.23 - - [06/Apr/2020:04:47:17 +0000] "POST /wp-login.php HTTP/1.1" 200 8053 "-" "Mozilla/5.0 (X11; Ubuntu; Linux x86_64; rv:62.0) Gecko/20100101 Firefox/62.0"
45.252.248.23 - - [06/Apr/2020:04:47:17 +0000] "POST /xmlrpc.php HTTP/1.1" 200 401 "-" "Mozilla/5.0 (X11; Ubuntu; Linux x86_64; rv:62.0) Gecko/20100101 Firefox/62.0"
46.229.168.130 - - [06/Apr/2020:04:49:25 +0000] "GET /blog/ HTTP/1.1" 200 19644 "-" "Mozilla/5.0 (compatible; SemrushBot/6~bl; +http://www.semrush.com/bot.html)"
164.68.112.178 - - [06/Apr/2020:04:50:21 +0000] "GET / HTTP/1.0" 301 - "-" "Mozilla/5.0 (Windows NT 10.0; Win64; x64) AppleWebKit/537.36 (KHTML, like Gecko) Chrome/76.0.3809.132 Safari/537.36"
127.0.0.1 - - [06/Apr/2020:04:56:25 +0000] "POST /wp-cron.php?doing_wp_cron=1586148985.6109390258789062500000 HTTP/1.1" 200 - "https://www.datos.asia/wp-cron.php?doing_wp_cron=1586148985.6109390258789062500000" "WordPress/5.3.2; https://www.datos.asia"
45.13.93.82 - - [06/Apr/2020:04:56:25 +0000] "CONNECT ip.ws.126.net:443 HTTP/1.1" 404 19034 "-" "Go-http-client/1.1"
159.65.148.2 - - [06/Apr/2020:04:57:31 +0000] "GET /wp-login.php HTTP/1.1" 200 7144 "-" "Mozilla/5.0 (X11; Ubuntu; Linux x86_64; rv:62.0) Gecko/20100101 Firefox/62.0"
159.65.148.2 - - [06/Apr/2020:04:57:32 +0000] "POST /wp-login.php HTTP/1.1" 200 8053 "-" "Mozilla/5.0 (X11; Ubuntu; Linux x86_64; rv:62.0) Gecko/20100101 Firefox/62.0"
159.65.148.2 - - [06/Apr/2020:04:57:32 +0000] "POST /xmlrpc.php HTTP/1.1" 200 401 "-" "Mozilla/5.0 (X11; Ubuntu; Linux x86_64; rv:62.0) Gecko/20100101 Firefox/62.0"
134.122.72.58 - - [06/Apr/2020:04:59:59 +0000] "GET /wp-login.php HTTP/1.1" 200 7144 "-" "Mozilla/5.0 (X11; Ubuntu; Linux x86_64; rv:62.0) Gecko/20100101 Firefox/62.0"
134.122.72.58 - - [06/Apr/2020:05:00:00 +0000] "POST /wp-login.php HTTP/1.1" 200 8053 "-" "Mozilla/5.0 (X11; Ubuntu; Linux x86_64; rv:62.0) Gecko/20100101 Firefox/62.0"
134.122.72.58 - - [06/Apr/2020:05:00:06 +0000] "POST /xmlrpc.php HTTP/1.1" 200 401 "-" "Mozilla/5.0 (X11; Ubuntu; Linux x86_64; rv:62.0) Gecko/20100101 Firefox/62.0"
188.166.70.108 - - [06/Apr/2020:05:02:28 +0000] "GET /wp-login.php HTTP/1.1" 200 7144 "-" "Mozilla/5.0 (X11; Ubuntu; Linux x86_64; rv:62.0) Gecko/20100101 Firefox/62.0"
188.166.70.108 - - [06/Apr/2020:05:02:29 +0000] "POST /wp-login.php HTTP/1.1" 200 8053 "-" "Mozilla/5.0 (X11; Ubuntu; Linux x86_64; rv:62.0) Gecko/20100101 Firefox/62.0"
188.166.70.108 - - [06/Apr/2020:05:02:30 +0000] "POST /xmlrpc.php HTTP/1.1" 200 401 "-" "Mozilla/5.0 (X11; Ubuntu; Linux x86_64; rv:62.0) Gecko/20100101 Firefox/62.0"
167.172.228.160 - - [06/Apr/2020:05:05:58 +0000] "GET /wp-login.php HTTP/1.1" 200 7144 "-" "Mozilla/5.0 (X11; Ubuntu; Linux x86_64; rv:62.0) Gecko/20100101 Firefox/62.0"
167.172.228.160 - - [06/Apr/2020:05:05:59 +0000] "POST /wp-login.php HTTP/1.1" 200 8053 "-" "Mozilla/5.0 (X11; Ubuntu; Linux x86_64; rv:62.0) Gecko/20100101 Firefox/62.0"
167.172.228.160 - - [06/Apr/2020:05:05:59 +0000] "POST /xmlrpc.php HTTP/1.1" 200 401 "-" "Mozilla/5.0 (X11; Ubuntu; Linux x86_64; rv:62.0) Gecko/20100101 Firefox/62.0"
104.236.86.160 - - [06/Apr/2020:05:10:54 +0000] "GET /wp-login.php HTTP/1.1" 200 7144 "-" "Mozilla/5.0 (X11; Ubuntu; Linux x86_64; rv:62.0) Gecko/20100101 Firefox/62.0"
104.236.86.160 - - [06/Apr/2020:05:10:55 +0000] "POST /wp-login.php HTTP/1.1" 200 8053 "-" "Mozilla/5.0 (X11; Ubuntu; Linux x86_64; rv:62.0) Gecko/20100101 Firefox/62.0"
104.236.86.160 - - [06/Apr/2020:05:10:55 +0000] "POST /xmlrpc.php HTTP/1.1" 200 401 "-" "Mozilla/5.0 (X11; Ubuntu; Linux x86_64; rv:62.0) Gecko/20100101 Firefox/62.0"
192.99.36.177 - - [06/Apr/2020:05:12:50 +0000] "POST /xmlrpc.php HTTP/1.1" 200 403 "http://www.google.com.hk" "Mozilla/5.0 (Windows NT 6.1; WOW64) AppleWebKit/537.36 (KHTML, like Gecko) Chrome/42.0.2311.90 Safari/537.36"
198.27.81.94 - - [06/Apr/2020:05:13:07 +0000] "POST /xmlrpc.php HTTP/1.1" 200 403 "http://www.google.com.hk" "Mozilla/5.0 (Windows NT 6.1; WOW64) AppleWebKit/537.36 (KHTML, like Gecko) Chrome/42.0.2311.90 Safari/537.36"
50.62.176.84 - - [06/Apr/2020:05:22:24 +0000] "POST /xmlrpc.php HTTP/1.1" 200 403 "-" "Mozilla/5.0 (Linux; Android 6.0.1; SM-J700M Build/MMB29K) AppleWebKit/537.36 (KHTML, like Gecko) Chrome/69.0.3497.100 Mobile Safari/537.36"
192.99.15.15 - - [06/Apr/2020:05:35:27 +0000] "POST /xmlrpc.php HTTP/1.1" 200 403 "http://www.google.com.hk" "Mozilla/5.0 (Windows NT 6.1; WOW64) AppleWebKit/537.36 (KHTML, like Gecko) Chrome/42.0.2311.90 Safari/537.36"
34.209.64.174 - - [06/Apr/2020:05:42:23 +0000] "GET / HTTP/1.1" 301 - "-" "Mozilla/5.0 (Windows NT 10.0; Win64; x64)AppleWebKit/537.36 (KHTML, like Gecko) Chrome/66.0.3359.181 Safari/537.36"
54.36.148.73 - - [06/Apr/2020:05:44:46 +0000] "GET /2015/03/ HTTP/1.1" 301 239 "-" "Mozilla/5.0 (compatible; AhrefsBot/6.1; +http://ahrefs.com/robot/)"
127.0.0.1 - - [06/Apr/2020:05:56:53 +0000] "POST /wp-cron.php?doing_wp_cron=1586152613.5910699367523193359375 HTTP/1.1" 200 - "https://www.datos.asia/wp-cron.php?doing_wp_cron=1586152613.5910699367523193359375" "WordPress/5.3.2; https://www.datos.asia"
192.99.15.15 - - [06/Apr/2020:05:56:53 +0000] "POST /xmlrpc.php HTTP/1.1" 200 403 "http://www.google.com.hk" "Mozilla/5.0 (Windows NT 6.1; WOW64) AppleWebKit/537.36 (KHTML, like Gecko) Chrome/42.0.2311.90 Safari/537.36"
192.99.15.15 - - [06/Apr/2020:06:15:37 +0000] "POST /xmlrpc.php HTTP/1.1" 200 403 "http://www.google.com.hk" "Mozilla/5.0 (Windows NT 6.1; WOW64) AppleWebKit/537.36 (KHTML, like Gecko) Chrome/42.0.2311.90 Safari/537.36"
208.91.109.90 - - [06/Apr/2020:06:23:36 +0000] "HEAD /robots.txt HTTP/1.0" 200 - "-" "-"
37.59.56.107 - - [06/Apr/2020:06:28:43 +0000] "POST /xmlrpc.php HTTP/1.1" 200 403 "http://www.google.com.hk" "Mozilla/5.0 (Windows NT 6.1; WOW64) AppleWebKit/537.36 (KHTML, like Gecko) Chrome/42.0.2311.90 Safari/537.36"
139.162.119.197 - - [06/Apr/2020:06:44:06 +0000] "GET / HTTP/1.1" 301 - "-" "HTTP Banner Detection (https://security.ipip.net)"
127.0.0.1 - - [06/Apr/2020:06:58:20 +0000] "POST /wp-cron.php?doing_wp_cron=1586156300.0886650085449218750000 HTTP/1.1" 301 290 "http://www.datos.asia/wp-cron.php?doing_wp_cron=1586156300.0886650085449218750000" "WordPress/5.3.2; https://www.datos.asia"
216.244.66.239 - - [06/Apr/2020:06:58:20 +0000] "GET /category/jobs/feed/ HTTP/1.1" 301 - "-" "Mozilla/5.0 (compatible; DotBot/1.1; http://www.opensiteexplorer.org/dotbot, help@moz.com)"
127.0.0.1 - - [06/Apr/2020:07:04:27 +0000] "POST /wp-cron.php?doing_wp_cron=1586156667.7935190200805664062500 HTTP/1.1" 200 - "https://www.datos.asia/wp-cron.php?doing_wp_cron=1586156667.7935190200805664062500" "WordPress/5.3.2; https://www.datos.asia"
192.99.15.15 - - [06/Apr/2020:07:04:27 +0000] "POST /xmlrpc.php HTTP/1.1" 200 403 "http://www.google.com.hk" "Mozilla/5.0 (Windows NT 6.1; WOW64) AppleWebKit/537.36 (KHTML, like Gecko) Chrome/42.0.2311.90 Safari/537.36"
146.185.163.81 - - [06/Apr/2020:07:04:43 +0000] "GET /wp-login.php HTTP/1.1" 200 7144 "-" "Mozilla/5.0 (X11; Ubuntu; Linux x86_64; rv:62.0) Gecko/20100101 Firefox/62.0"
146.185.163.81 - - [06/Apr/2020:07:04:44 +0000] "POST /wp-login.php HTTP/1.1" 200 8204 "-" "Mozilla/5.0 (X11; Ubuntu; Linux x86_64; rv:62.0) Gecko/20100101 Firefox/62.0"
146.185.163.81 - - [06/Apr/2020:07:04:45 +0000] "GET /wp-login.php HTTP/1.1" 200 7144 "-" "Mozilla/5.0 (X11; Ubuntu; Linux x86_64; rv:62.0) Gecko/20100101 Firefox/62.0"
146.185.163.81 - - [06/Apr/2020:07:04:46 +0000] "POST /wp-login.php HTTP/1.1" 200 8061 "-" "Mozilla/5.0 (X11; Ubuntu; Linux x86_64; rv:62.0) Gecko/20100101 Firefox/62.0"
146.185.163.81 - - [06/Apr/2020:07:04:47 +0000] "POST /xmlrpc.php HTTP/1.1" 200 401 "-" "Mozilla/5.0 (X11; Ubuntu; Linux x86_64; rv:62.0) Gecko/20100101 Firefox/62.0"
216.244.66.239 - - [06/Apr/2020:07:07:10 +0000] "GET /test/qbmonthly/vendor/quickbooks/v3-php-sdk/src/Core/OAuth/OAuth2/certs/?C=M;O=D HTTP/1.1" 200 1775 "-" "Mozilla/5.0 (compatible; DotBot/1.1; http://www.opensiteexplorer.org/dotbot, help@moz.com)"
64.202.189.187 - - [06/Apr/2020:07:27:20 +0000] "GET /wp-login.php HTTP/1.1" 200 7144 "-" "Mozilla/5.0 (X11; Ubuntu; Linux x86_64; rv:62.0) Gecko/20100101 Firefox/62.0"
64.202.189.187 - - [06/Apr/2020:07:27:21 +0000] "POST /wp-login.php HTTP/1.1" 200 8204 "-" "Mozilla/5.0 (X11; Ubuntu; Linux x86_64; rv:62.0) Gecko/20100101 Firefox/62.0"
64.202.189.187 - - [06/Apr/2020:07:27:22 +0000] "GET /wp-login.php HTTP/1.1" 200 7144 "-" "Mozilla/5.0 (X11; Ubuntu; Linux x86_64; rv:62.0) Gecko/20100101 Firefox/62.0"
64.202.189.187 - - [06/Apr/2020:07:27:23 +0000] "POST /wp-login.php HTTP/1.1" 200 8061 "-" "Mozilla/5.0 (X11; Ubuntu; Linux x86_64; rv:62.0) Gecko/20100101 Firefox/62.0"
64.202.189.187 - - [06/Apr/2020:07:27:23 +0000] "POST /xmlrpc.php HTTP/1.1" 200 401 "-" "Mozilla/5.0 (X11; Ubuntu; Linux x86_64; rv:62.0) Gecko/20100101 Firefox/62.0"
198.108.66.176 - - [06/Apr/2020:07:30:21 +0000] "GET / HTTP/1.1" 200 22705 "https://3.114.205.254:443/" "Mozilla/5.0 zgrab/0.x"
216.244.66.239 - - [06/Apr/2020:07:31:03 +0000] "GET /category/jobs/feed/ HTTP/1.1" 301 - "-" "Mozilla/5.0 (compatible; DotBot/1.1; http://www.opensiteexplorer.org/dotbot, help@moz.com)"
216.244.66.239 - - [06/Apr/2020:07:37:49 +0000] "GET /test/qbmonthly/vendor/quickbooks/v3-php-sdk/src/Core/OAuth/OAuth2/certs/?C=M;O=D HTTP/1.1" 200 1775 "-" "Mozilla/5.0 (compatible; DotBot/1.1; http://www.opensiteexplorer.org/dotbot, help@moz.com)"
95.163.255.85 - - [06/Apr/2020:07:40:33 +0000] "GET /robots.txt HTTP/1.0" 301 241 "-" "Mozilla/5.0 (compatible; Linux x86_64; Mail.RU_Bot/2.0; +http://go.mail.ru/help/robots)"
95.163.255.85 - - [06/Apr/2020:07:40:38 +0000] "GET /wp-content/uploads/2013/03/spider.small_.jpg HTTP/1.1" 301 275 "-" "Mozilla/5.0 (compatible; Linux x86_64; Mail.RU_Bot/2.0; +http://go.mail.ru/help/robots)"
95.163.255.85 - - [06/Apr/2020:07:40:50 +0000] "GET /wp-content/uploads/2013/03/spider.small_.jpg HTTP/1.1" 301 275 "-" "Mozilla/5.0 (compatible; Linux x86_64; Mail.RU_Bot/2.0; +http://go.mail.ru/help/robots)"
127.0.0.1 - - [06/Apr/2020:07:51:53 +0000] "POST /wp-cron.php?doing_wp_cron=1586159513.7813549041748046875000 HTTP/1.1" 301 290 "http://www.datos.asia/wp-cron.php?doing_wp_cron=1586159513.7813549041748046875000" "WordPress/5.3.2; https://www.datos.asia"
66.249.65.208 - - [06/Apr/2020:07:51:53 +0000] "GET /wp-content/uploads/2014/04/photo.jpg HTTP/1.1" 301 - "-" "Mozilla/5.0 (compatible; Googlebot/2.1; +http://www.google.com/bot.html)"
66.249.65.156 - - [06/Apr/2020:07:52:20 +0000] "GET /wp-content/uploads/2014/04/photo.jpg HTTP/1.1" 301 267 "-" "Mozilla/5.0 (compatible; Googlebot/2.1; +http://www.google.com/bot.html)"
66.249.65.135 - - [06/Apr/2020:07:52:21 +0000] "GET /wp-content/uploads/2014/04/photo.jpg HTTP/1.1" 404 18982 "-" "Mozilla/5.0 (compatible; Googlebot/2.1; +http://www.google.com/bot.html)"
139.59.172.23 - - [06/Apr/2020:07:52:34 +0000] "GET /wp-login.php HTTP/1.1" 200 7144 "-" "Mozilla/5.0 (X11; Ubuntu; Linux x86_64; rv:62.0) Gecko/20100101 Firefox/62.0"
139.59.172.23 - - [06/Apr/2020:07:52:35 +0000] "POST /wp-login.php HTTP/1.1" 200 8204 "-" "Mozilla/5.0 (X11; Ubuntu; Linux x86_64; rv:62.0) Gecko/20100101 Firefox/62.0"
139.59.172.23 - - [06/Apr/2020:07:52:36 +0000] "GET /wp-login.php HTTP/1.1" 200 7144 "-" "Mozilla/5.0 (X11; Ubuntu; Linux x86_64; rv:62.0) Gecko/20100101 Firefox/62.0"
139.59.172.23 - - [06/Apr/2020:07:52:37 +0000] "POST /wp-login.php HTTP/1.1" 200 8061 "-" "Mozilla/5.0 (X11; Ubuntu; Linux x86_64; rv:62.0) Gecko/20100101 Firefox/62.0"
139.59.172.23 - - [06/Apr/2020:07:52:38 +0000] "POST /xmlrpc.php HTTP/1.1" 200 401 "-" "Mozilla/5.0 (X11; Ubuntu; Linux x86_64; rv:62.0) Gecko/20100101 Firefox/62.0"
127.0.0.1 - - [06/Apr/2020:08:07:30 +0000] "POST /wp-cron.php?doing_wp_cron=1586160450.6931779384613037109375 HTTP/1.1" 301 290 "http://www.datos.asia/wp-cron.php?doing_wp_cron=1586160450.6931779384613037109375" "WordPress/5.3.2; https://www.datos.asia"
216.244.66.239 - - [06/Apr/2020:08:07:30 +0000] "GET /category/jobs/feed/ HTTP/1.1" 301 - "-" "Mozilla/5.0 (compatible; DotBot/1.1; http://www.opensiteexplorer.org/dotbot, help@moz.com)"
127.0.0.1 - - [06/Apr/2020:08:09:45 +0000] "POST /wp-cron.php?doing_wp_cron=1586160585.3601200580596923828125 HTTP/1.1" 200 - "https://www.datos.asia/wp-cron.php?doing_wp_cron=1586160585.3601200580596923828125" "WordPress/5.3.2; https://www.datos.asia"
198.27.80.123 - - [06/Apr/2020:08:09:45 +0000] "POST /xmlrpc.php HTTP/1.1" 200 403 "http://www.google.com.hk" "Mozilla/5.0 (Windows NT 6.1; WOW64) AppleWebKit/537.36 (KHTML, like Gecko) Chrome/42.0.2311.90 Safari/537.36"
216.244.66.239 - - [06/Apr/2020:08:13:14 +0000] "GET /test/qbmonthly/vendor/quickbooks/v3-php-sdk/src/Core/OAuth/OAuth2/certs/?C=M;O=D HTTP/1.1" 200 1775 "-" "Mozilla/5.0 (compatible; DotBot/1.1; http://www.opensiteexplorer.org/dotbot, help@moz.com)"
139.59.153.133 - - [06/Apr/2020:08:16:59 +0000] "GET /wp-login.php HTTP/1.1" 200 7144 "-" "Mozilla/5.0 (X11; Ubuntu; Linux x86_64; rv:62.0) Gecko/20100101 Firefox/62.0"
139.59.153.133 - - [06/Apr/2020:08:17:05 +0000] "POST /wp-login.php HTTP/1.1" 200 8204 "-" "Mozilla/5.0 (X11; Ubuntu; Linux x86_64; rv:62.0) Gecko/20100101 Firefox/62.0"
139.59.153.133 - - [06/Apr/2020:08:17:06 +0000] "GET /wp-login.php HTTP/1.1" 200 7144 "-" "Mozilla/5.0 (X11; Ubuntu; Linux x86_64; rv:62.0) Gecko/20100101 Firefox/62.0"
139.59.153.133 - - [06/Apr/2020:08:17:12 +0000] "POST /wp-login.php HTTP/1.1" 200 8053 "-" "Mozilla/5.0 (X11; Ubuntu; Linux x86_64; rv:62.0) Gecko/20100101 Firefox/62.0"
139.59.153.133 - - [06/Apr/2020:08:17:13 +0000] "POST /xmlrpc.php HTTP/1.1" 200 401 "-" "Mozilla/5.0 (X11; Ubuntu; Linux x86_64; rv:62.0) Gecko/20100101 Firefox/62.0"
129.226.184.94 - - [06/Apr/2020:08:36:33 +0000] "GET /wp-login.php HTTP/1.1" 200 7144 "-" "Mozilla/5.0 (X11; Ubuntu; Linux x86_64; rv:62.0) Gecko/20100101 Firefox/62.0"
129.226.184.94 - - [06/Apr/2020:08:36:33 +0000] "POST /wp-login.php HTTP/1.1" 200 8204 "-" "Mozilla/5.0 (X11; Ubuntu; Linux x86_64; rv:62.0) Gecko/20100101 Firefox/62.0"
129.226.184.94 - - [06/Apr/2020:08:36:34 +0000] "GET /wp-login.php HTTP/1.1" 200 7144 "-" "Mozilla/5.0 (X11; Ubuntu; Linux x86_64; rv:62.0) Gecko/20100101 Firefox/62.0"
129.226.184.94 - - [06/Apr/2020:08:36:34 +0000] "POST /wp-login.php HTTP/1.1" 200 8061 "-" "Mozilla/5.0 (X11; Ubuntu; Linux x86_64; rv:62.0) Gecko/20100101 Firefox/62.0"
129.226.184.94 - - [06/Apr/2020:08:36:34 +0000] "POST /xmlrpc.php HTTP/1.1" 200 401 "-" "Mozilla/5.0 (X11; Ubuntu; Linux x86_64; rv:62.0) Gecko/20100101 Firefox/62.0"
216.244.66.239 - - [06/Apr/2020:08:45:45 +0000] "GET /category/jobs/feed/ HTTP/1.1" 301 - "-" "Mozilla/5.0 (compatible; DotBot/1.1; http://www.opensiteexplorer.org/dotbot, help@moz.com)"
216.244.66.239 - - [06/Apr/2020:08:51:45 +0000] "GET /test/qbmonthly/vendor/quickbooks/v3-php-sdk/src/Core/OAuth/OAuth2/certs/?C=M;O=D HTTP/1.1" 200 1775 "-" "Mozilla/5.0 (compatible; DotBot/1.1; http://www.opensiteexplorer.org/dotbot, help@moz.com)"
127.0.0.1 - - [06/Apr/2020:08:56:09 +0000] "POST /wp-cron.php?doing_wp_cron=1586163369.7983810901641845703125 HTTP/1.1" 200 - "https://www.datos.asia/wp-cron.php?doing_wp_cron=1586163369.7983810901641845703125" "WordPress/5.3.2; https://www.datos.asia"
103.233.1.167 - - [06/Apr/2020:08:56:09 +0000] "GET /wp-login.php HTTP/1.1" 200 7144 "-" "Mozilla/5.0 (X11; Ubuntu; Linux x86_64; rv:62.0) Gecko/20100101 Firefox/62.0"
103.233.1.167 - - [06/Apr/2020:08:56:10 +0000] "POST /wp-login.php HTTP/1.1" 200 8204 "-" "Mozilla/5.0 (X11; Ubuntu; Linux x86_64; rv:62.0) Gecko/20100101 Firefox/62.0"
103.233.1.167 - - [06/Apr/2020:08:56:10 +0000] "GET /wp-login.php HTTP/1.1" 200 7144 "-" "Mozilla/5.0 (X11; Ubuntu; Linux x86_64; rv:62.0) Gecko/20100101 Firefox/62.0"
103.233.1.167 - - [06/Apr/2020:08:56:11 +0000] "POST /wp-login.php HTTP/1.1" 200 8053 "-" "Mozilla/5.0 (X11; Ubuntu; Linux x86_64; rv:62.0) Gecko/20100101 Firefox/62.0"
103.233.1.167 - - [06/Apr/2020:08:56:11 +0000] "POST /xmlrpc.php HTTP/1.1" 200 401 "-" "Mozilla/5.0 (X11; Ubuntu; Linux x86_64; rv:62.0) Gecko/20100101 Firefox/62.0"
54.36.49.151 - - [06/Apr/2020:08:57:00 +0000] "GET / HTTP/1.0" 301 - "-" "masscan/1.0 (https://github.com/robertdavidgraham/masscan)"
54.36.49.151 - - [06/Apr/2020:08:57:03 +0000] "GET / HTTP/1.0" 301 - "-" "masscan/1.0 (https://github.com/robertdavidgraham/masscan)"
128.199.254.23 - - [06/Apr/2020:09:14:42 +0000] "GET /wp-login.php HTTP/1.1" 200 7144 "-" "Mozilla/5.0 (X11; Ubuntu; Linux x86_64; rv:62.0) Gecko/20100101 Firefox/62.0"
128.199.254.23 - - [06/Apr/2020:09:14:43 +0000] "POST /wp-login.php HTTP/1.1" 200 8204 "-" "Mozilla/5.0 (X11; Ubuntu; Linux x86_64; rv:62.0) Gecko/20100101 Firefox/62.0"
128.199.254.23 - - [06/Apr/2020:09:14:53 +0000] "GET /wp-login.php HTTP/1.1" 200 7144 "-" "Mozilla/5.0 (X11; Ubuntu; Linux x86_64; rv:62.0) Gecko/20100101 Firefox/62.0"
128.199.254.23 - - [06/Apr/2020:09:14:54 +0000] "POST /wp-login.php HTTP/1.1" 200 8061 "-" "Mozilla/5.0 (X11; Ubuntu; Linux x86_64; rv:62.0) Gecko/20100101 Firefox/62.0"
128.199.254.23 - - [06/Apr/2020:09:15:04 +0000] "POST /xmlrpc.php HTTP/1.1" 200 401 "-" "Mozilla/5.0 (X11; Ubuntu; Linux x86_64; rv:62.0) Gecko/20100101 Firefox/62.0"
103.104.121.195 - - [06/Apr/2020:09:26:51 +0000] "POST /xmlrpc.php HTTP/1.1" 200 403 "-" "Mozilla/5.0 (Linux; Android 6.0.1; SM-J700M Build/MMB29K) AppleWebKit/537.36 (KHTML, like Gecko) Chrome/67.0.3396.87 Mobile Safari/537.36"
104.248.34.219 - - [06/Apr/2020:09:31:05 +0000] "GET /wp-login.php HTTP/1.1" 200 7144 "-" "Mozilla/5.0 (X11; Ubuntu; Linux x86_64; rv:62.0) Gecko/20100101 Firefox/62.0"
104.248.34.219 - - [06/Apr/2020:09:31:07 +0000] "POST /wp-login.php HTTP/1.1" 200 8204 "-" "Mozilla/5.0 (X11; Ubuntu; Linux x86_64; rv:62.0) Gecko/20100101 Firefox/62.0"
104.248.34.219 - - [06/Apr/2020:09:31:08 +0000] "GET /wp-login.php HTTP/1.1" 200 7144 "-" "Mozilla/5.0 (X11; Ubuntu; Linux x86_64; rv:62.0) Gecko/20100101 Firefox/62.0"
104.248.34.219 - - [06/Apr/2020:09:31:10 +0000] "POST /wp-login.php HTTP/1.1" 200 8061 "-" "Mozilla/5.0 (X11; Ubuntu; Linux x86_64; rv:62.0) Gecko/20100101 Firefox/62.0"
104.248.34.219 - - [06/Apr/2020:09:31:14 +0000] "POST /xmlrpc.php HTTP/1.1" 200 401 "-" "Mozilla/5.0 (X11; Ubuntu; Linux x86_64; rv:62.0) Gecko/20100101 Firefox/62.0"
23.229.116.147 - - [06/Apr/2020:09:35:11 +0000] "GET /category/jobs/ HTTP/1.0" 301 - "http://datos.asia/" "Mozilla/5.0 (Windows NT 6.1; WOW64) AppleWebKit/537.36 (KHTML, like Gecko) Chrome/56.0.2924.90 Safari/537.36 2345Explorer/9.3.2.17331"
23.229.116.147 - - [06/Apr/2020:09:35:11 +0000] "GET /category/jobs/ HTTP/1.0" 301 245 "http://datos.asia/category/jobs/" "Mozilla/5.0 (Windows NT 6.1; WOW64) AppleWebKit/537.36 (KHTML, like Gecko) Chrome/56.0.2924.90 Safari/537.36 2345Explorer/9.3.2.17331"
23.229.116.147 - - [06/Apr/2020:09:35:12 +0000] "GET /category/jobs/ HTTP/1.0" 404 18982 "-" "Mozilla/5.0 (Windows NT 6.1; WOW64) AppleWebKit/537.36 (KHTML, like Gecko) Chrome/56.0.2924.90 Safari/537.36 2345Explorer/9.3.2.17331"
23.229.116.147 - - [06/Apr/2020:09:35:13 +0000] "GET / HTTP/1.1" 200 22705 "https://www.datos.asia" "Mozilla/5.0 (Windows NT 6.1; WOW64) AppleWebKit/537.36 (KHTML, like Gecko) Chrome/56.0.2924.90 Safari/537.36 2345Explorer/9.3.2.17331"
23.229.116.147 - - [06/Apr/2020:09:35:14 +0000] "GET /wp-login.php HTTP/1.1" 200 7144 "https://www.datos.asia" "Mozilla/5.0 (Windows NT 6.1; WOW64) AppleWebKit/537.36 (KHTML, like Gecko) Chrome/56.0.2924.90 Safari/537.36 2345Explorer/9.3.2.17331"
23.229.116.147 - - [06/Apr/2020:09:35:15 +0000] "GET /wp-login.php?action=lostpassword HTTP/1.1" 200 4157 "https://www.datos.asia/wp-login.php" "Mozilla/5.0 (Windows NT 6.1; WOW64) AppleWebKit/537.36 (KHTML, like Gecko) Chrome/56.0.2924.90 Safari/537.36 2345Explorer/9.3.2.17331"
5.8.10.202 - - [06/Apr/2020:09:39:26 +0000] "GET /crd HTTP/1.1" 301 - "-" "Go-http-client/1.1"
192.241.203.163 - - [06/Apr/2020:09:39:26 +0000] "GET /portal/redlion HTTP/1.1" 404 19015 "-" "Mozilla/5.0 zgrab/0.x"
186.234.80.16 - - [06/Apr/2020:09:46:13 +0000] "GET /wp-login.php HTTP/1.1" 200 7144 "-" "Mozilla/5.0 (X11; Ubuntu; Linux x86_64; rv:62.0) Gecko/20100101 Firefox/62.0"
186.234.80.16 - - [06/Apr/2020:09:46:15 +0000] "POST /wp-login.php HTTP/1.1" 200 8204 "-" "Mozilla/5.0 (X11; Ubuntu; Linux x86_64; rv:62.0) Gecko/20100101 Firefox/62.0"
186.234.80.16 - - [06/Apr/2020:09:46:16 +0000] "GET /wp-login.php HTTP/1.1" 200 7144 "-" "Mozilla/5.0 (X11; Ubuntu; Linux x86_64; rv:62.0) Gecko/20100101 Firefox/62.0"
186.234.80.16 - - [06/Apr/2020:09:46:17 +0000] "POST /wp-login.php HTTP/1.1" 200 8061 "-" "Mozilla/5.0 (X11; Ubuntu; Linux x86_64; rv:62.0) Gecko/20100101 Firefox/62.0"
186.234.80.16 - - [06/Apr/2020:09:46:19 +0000] "POST /xmlrpc.php HTTP/1.1" 200 401 "-" "Mozilla/5.0 (X11; Ubuntu; Linux x86_64; rv:62.0) Gecko/20100101 Firefox/62.0"
216.244.66.239 - - [06/Apr/2020:09:53:30 +0000] "GET /test/qbmonthly/vendor/quickbooks/v3-php-sdk/src/XSD2PHP/test/data/expected/ContactCompany/ContactCompany.xml HTTP/1.1" 200 784 "-" "Mozilla/5.0 (compatible; DotBot/1.1; http://www.opensiteexplorer.org/dotbot, help@moz.com)"
51.77.231.245 - - [06/Apr/2020:09:59:39 +0000] "GET / HTTP/1.1" 301 231 "-" "-"
127.0.0.1 - - [06/Apr/2020:10:02:40 +0000] "POST /wp-cron.php?doing_wp_cron=1586167360.2188789844512939453125 HTTP/1.1" 200 - "https://www.datos.asia/wp-cron.php?doing_wp_cron=1586167360.2188789844512939453125" "WordPress/5.3.2; https://www.datos.asia"
216.244.66.239 - - [06/Apr/2020:10:03:16 +0000] "GET /test/qbmonthly/vendor/quickbooks/v3-php-sdk/src/Core/OAuth/OAuth2/certs/?C=S;O=D HTTP/1.1" 200 1775 "-" "Mozilla/5.0 (compatible; DotBot/1.1; http://www.opensiteexplorer.org/dotbot, help@moz.com)"
216.244.66.239 - - [06/Apr/2020:10:04:39 +0000] "GET /test/qbmonthly/vendor/quickbooks/v3-php-sdk/src/XSD2PHP/test/data/expected/ContactPerson1/oasis/?C=S;O=A HTTP/1.1" 200 1152 "-" "Mozilla/5.0 (compatible; DotBot/1.1; http://www.opensiteexplorer.org/dotbot, help@moz.com)"
128.199.151.123 - - [06/Apr/2020:10:17:32 +0000] "GET /wp-login.php HTTP/1.1" 200 7144 "-" "Mozilla/5.0 (X11; Ubuntu; Linux x86_64; rv:62.0) Gecko/20100101 Firefox/62.0"
128.199.151.123 - - [06/Apr/2020:10:17:33 +0000] "POST /wp-login.php HTTP/1.1" 200 8204 "-" "Mozilla/5.0 (X11; Ubuntu; Linux x86_64; rv:62.0) Gecko/20100101 Firefox/62.0"
128.199.151.123 - - [06/Apr/2020:10:17:33 +0000] "GET /wp-login.php HTTP/1.1" 200 7144 "-" "Mozilla/5.0 (X11; Ubuntu; Linux x86_64; rv:62.0) Gecko/20100101 Firefox/62.0"
128.199.151.123 - - [06/Apr/2020:10:17:33 +0000] "POST /wp-login.php HTTP/1.1" 200 8053 "-" "Mozilla/5.0 (X11; Ubuntu; Linux x86_64; rv:62.0) Gecko/20100101 Firefox/62.0"
128.199.151.123 - - [06/Apr/2020:10:17:34 +0000] "POST /xmlrpc.php HTTP/1.1" 200 401 "-" "Mozilla/5.0 (X11; Ubuntu; Linux x86_64; rv:62.0) Gecko/20100101 Firefox/62.0"
157.230.45.52 - - [06/Apr/2020:10:34:45 +0000] "GET /wp-login.php HTTP/1.1" 200 7144 "-" "Mozilla/5.0 (X11; Ubuntu; Linux x86_64; rv:62.0) Gecko/20100101 Firefox/62.0"
157.230.45.52 - - [06/Apr/2020:10:34:46 +0000] "POST /wp-login.php HTTP/1.1" 200 8204 "-" "Mozilla/5.0 (X11; Ubuntu; Linux x86_64; rv:62.0) Gecko/20100101 Firefox/62.0"
157.230.45.52 - - [06/Apr/2020:10:34:51 +0000] "GET /wp-login.php HTTP/1.1" 200 7144 "-" "Mozilla/5.0 (X11; Ubuntu; Linux x86_64; rv:62.0) Gecko/20100101 Firefox/62.0"
157.230.45.52 - - [06/Apr/2020:10:34:52 +0000] "POST /wp-login.php HTTP/1.1" 200 8053 "-" "Mozilla/5.0 (X11; Ubuntu; Linux x86_64; rv:62.0) Gecko/20100101 Firefox/62.0"
157.230.45.52 - - [06/Apr/2020:10:34:52 +0000] "POST /xmlrpc.php HTTP/1.1" 200 401 "-" "Mozilla/5.0 (X11; Ubuntu; Linux x86_64; rv:62.0) Gecko/20100101 Firefox/62.0"
216.244.66.239 - - [06/Apr/2020:10:41:03 +0000] "GET /feed/ HTTP/1.1" 301 - "-" "Mozilla/5.0 (compatible; DotBot/1.1; http://www.opensiteexplorer.org/dotbot, help@moz.com)"
195.154.29.107 - - [06/Apr/2020:10:49:27 +0000] "GET /wp-login.php HTTP/1.1" 200 7144 "-" "Mozilla/5.0 (X11; Ubuntu; Linux x86_64; rv:62.0) Gecko/20100101 Firefox/62.0"
195.154.29.107 - - [06/Apr/2020:10:49:28 +0000] "POST /wp-login.php HTTP/1.1" 200 8204 "-" "Mozilla/5.0 (X11; Ubuntu; Linux x86_64; rv:62.0) Gecko/20100101 Firefox/62.0"
195.154.29.107 - - [06/Apr/2020:10:49:29 +0000] "GET /wp-login.php HTTP/1.1" 200 7144 "-" "Mozilla/5.0 (X11; Ubuntu; Linux x86_64; rv:62.0) Gecko/20100101 Firefox/62.0"
195.154.29.107 - - [06/Apr/2020:10:49:30 +0000] "POST /wp-login.php HTTP/1.1" 200 8053 "-" "Mozilla/5.0 (X11; Ubuntu; Linux x86_64; rv:62.0) Gecko/20100101 Firefox/62.0"
195.154.29.107 - - [06/Apr/2020:10:49:31 +0000] "POST /xmlrpc.php HTTP/1.1" 200 401 "-" "Mozilla/5.0 (X11; Ubuntu; Linux x86_64; rv:62.0) Gecko/20100101 Firefox/62.0"
216.244.66.239 - - [06/Apr/2020:10:51:29 +0000] "GET /test/qbmonthly/vendor/quickbooks/v3-php-sdk/src/XSD2PHP/test/data/expected/ContactPerson1/oasis/?C=N;O=D HTTP/1.1" 200 1152 "-" "Mozilla/5.0 (compatible; DotBot/1.1; http://www.opensiteexplorer.org/dotbot, help@moz.com)"
127.0.0.1 - - [06/Apr/2020:10:53:03 +0000] "POST /wp-cron.php?doing_wp_cron=1586170383.6691100597381591796875 HTTP/1.1" 301 290 "http://www.datos.asia/wp-cron.php?doing_wp_cron=1586170383.6691100597381591796875" "WordPress/5.3.2; https://www.datos.asia"
78.188.50.239 - - [06/Apr/2020:10:53:03 +0000] "GET / HTTP/1.0" 301 - "-" "-"
127.0.0.1 - - [06/Apr/2020:11:03:04 +0000] "POST /wp-cron.php?doing_wp_cron=1586170984.1187899112701416015625 HTTP/1.1" 200 - "https://www.datos.asia/wp-cron.php?doing_wp_cron=1586170984.1187899112701416015625" "WordPress/5.3.2; https://www.datos.asia"
37.59.52.44 - - [06/Apr/2020:11:03:04 +0000] "GET /wp-login.php HTTP/1.1" 200 7144 "-" "Mozilla/5.0 (X11; Ubuntu; Linux x86_64; rv:62.0) Gecko/20100101 Firefox/62.0"
37.59.52.44 - - [06/Apr/2020:11:03:05 +0000] "POST /wp-login.php HTTP/1.1" 200 8204 "-" "Mozilla/5.0 (X11; Ubuntu; Linux x86_64; rv:62.0) Gecko/20100101 Firefox/62.0"
37.59.52.44 - - [06/Apr/2020:11:03:06 +0000] "GET /wp-login.php HTTP/1.1" 200 7144 "-" "Mozilla/5.0 (X11; Ubuntu; Linux x86_64; rv:62.0) Gecko/20100101 Firefox/62.0"
37.59.52.44 - - [06/Apr/2020:11:03:07 +0000] "POST /wp-login.php HTTP/1.1" 200 8053 "-" "Mozilla/5.0 (X11; Ubuntu; Linux x86_64; rv:62.0) Gecko/20100101 Firefox/62.0"
37.59.52.44 - - [06/Apr/2020:11:03:08 +0000] "POST /xmlrpc.php HTTP/1.1" 200 401 "-" "Mozilla/5.0 (X11; Ubuntu; Linux x86_64; rv:62.0) Gecko/20100101 Firefox/62.0"
35.232.75.184 - - [06/Apr/2020:11:17:15 +0000] "GET /wp-login.php HTTP/1.1" 200 7144 "-" "Mozilla/5.0 (X11; Ubuntu; Linux x86_64; rv:62.0) Gecko/20100101 Firefox/62.0"
35.232.75.184 - - [06/Apr/2020:11:17:16 +0000] "POST /wp-login.php HTTP/1.1" 200 8204 "-" "Mozilla/5.0 (X11; Ubuntu; Linux x86_64; rv:62.0) Gecko/20100101 Firefox/62.0"
35.232.75.184 - - [06/Apr/2020:11:17:16 +0000] "GET /wp-login.php HTTP/1.1" 200 7144 "-" "Mozilla/5.0 (X11; Ubuntu; Linux x86_64; rv:62.0) Gecko/20100101 Firefox/62.0"
35.232.75.184 - - [06/Apr/2020:11:17:17 +0000] "POST /wp-login.php HTTP/1.1" 200 8053 "-" "Mozilla/5.0 (X11; Ubuntu; Linux x86_64; rv:62.0) Gecko/20100101 Firefox/62.0"
35.232.75.184 - - [06/Apr/2020:11:17:17 +0000] "POST /xmlrpc.php HTTP/1.1" 200 401 "-" "Mozilla/5.0 (X11; Ubuntu; Linux x86_64; rv:62.0) Gecko/20100101 Firefox/62.0"
216.244.66.239 - - [06/Apr/2020:11:32:32 +0000] "GET /test/qbmonthly/vendor/quickbooks/v3-php-sdk/src/XSD2PHP/test/data/expected/simple1/bindings/price.php HTTP/1.1" 200 - "-" "Mozilla/5.0 (compatible; DotBot/1.1; http://www.opensiteexplorer.org/dotbot, help@moz.com)"
