107.180.120.59 - - [05/Apr/2020:22:07:43 +0000] "POST /xmlrpc.php HTTP/1.1" 200 403 "-" "Mozilla/5.0 (Linux; Android 6.0.1; SAMSUNG SM-J500M Build/MMB29M) AppleWebKit/537.36 (KHTML, like Gecko) SamsungBrowser/7.4 Chrome/59.0.3071.125 Mobile Safari/537.36"
192.99.15.15 - - [05/Apr/2020:22:08:37 +0000] "POST /xmlrpc.php HTTP/1.1" 200 403 "http://www.google.com.hk" "Mozilla/5.0 (Windows NT 6.1; WOW64) AppleWebKit/537.36 (KHTML, like Gecko) Chrome/42.0.2311.90 Safari/537.36"
165.227.86.14 - - [05/Apr/2020:22:08:56 +0000] "GET /wp-login.php HTTP/1.1" 200 7144 "-" "Mozilla/5.0 (X11; Ubuntu; Linux x86_64; rv:62.0) Gecko/20100101 Firefox/62.0"
165.227.86.14 - - [05/Apr/2020:22:08:57 +0000] "POST /wp-login.php HTTP/1.1" 200 8053 "-" "Mozilla/5.0 (X11; Ubuntu; Linux x86_64; rv:62.0) Gecko/20100101 Firefox/62.0"
165.227.86.14 - - [05/Apr/2020:22:08:57 +0000] "POST /xmlrpc.php HTTP/1.1" 200 401 "-" "Mozilla/5.0 (X11; Ubuntu; Linux x86_64; rv:62.0) Gecko/20100101 Firefox/62.0"
173.249.59.239 - - [05/Apr/2020:22:13:47 +0000] "GET /wp-login.php HTTP/1.1" 200 7144 "-" "Mozilla/5.0 (X11; Ubuntu; Linux x86_64; rv:62.0) Gecko/20100101 Firefox/62.0"
173.249.59.239 - - [05/Apr/2020:22:13:48 +0000] "POST /wp-login.php HTTP/1.1" 200 8053 "-" "Mozilla/5.0 (X11; Ubuntu; Linux x86_64; rv:62.0) Gecko/20100101 Firefox/62.0"
173.249.59.239 - - [05/Apr/2020:22:13:48 +0000] "POST /xmlrpc.php HTTP/1.1" 200 401 "-" "Mozilla/5.0 (X11; Ubuntu; Linux x86_64; rv:62.0) Gecko/20100101 Firefox/62.0"
5.101.0.209 - - [05/Apr/2020:22:19:58 +0000] "GET /vendor/phpunit/phpunit/src/Util/PHP/eval-stdin.php HTTP/1.1" 301 - "-" "Mozilla/5.0 (Windows NT 10.0; Win64; x64) AppleWebKit/537.36 (KHTML, like Gecko) Chrome/78.0.3904.108 Safari/537.36"
5.101.0.209 - - [05/Apr/2020:22:19:59 +0000] "GET /vendor/phpunit/phpunit/src/Util/PHP/eval-stdin.php HTTP/1.1" 404 19015 "http://3.114.205.254:80/vendor/phpunit/phpunit/src/Util/PHP/eval-stdin.php" "Mozilla/5.0 (Windows NT 10.0; Win64; x64) AppleWebKit/537.36 (KHTML, like Gecko) Chrome/78.0.3904.108 Safari/537.36"
142.93.253.47 - - [05/Apr/2020:22:25:12 +0000] "GET /wp-login.php HTTP/1.1" 200 7144 "-" "Mozilla/5.0 (X11; Ubuntu; Linux x86_64; rv:62.0) Gecko/20100101 Firefox/62.0"
142.93.253.47 - - [05/Apr/2020:22:25:15 +0000] "POST /wp-login.php HTTP/1.1" 200 8053 "-" "Mozilla/5.0 (X11; Ubuntu; Linux x86_64; rv:62.0) Gecko/20100101 Firefox/62.0"
142.93.253.47 - - [05/Apr/2020:22:25:19 +0000] "POST /xmlrpc.php HTTP/1.1" 200 401 "-" "Mozilla/5.0 (X11; Ubuntu; Linux x86_64; rv:62.0) Gecko/20100101 Firefox/62.0"
159.65.10.148 - - [05/Apr/2020:22:34:01 +0000] "GET /wp-login.php HTTP/1.1" 200 7144 "-" "Mozilla/5.0 (X11; Ubuntu; Linux x86_64; rv:62.0) Gecko/20100101 Firefox/62.0"
159.65.10.148 - - [05/Apr/2020:22:34:01 +0000] "POST /wp-login.php HTTP/1.1" 200 8053 "-" "Mozilla/5.0 (X11; Ubuntu; Linux x86_64; rv:62.0) Gecko/20100101 Firefox/62.0"
159.65.10.148 - - [05/Apr/2020:22:34:02 +0000] "POST /xmlrpc.php HTTP/1.1" 200 401 "-" "Mozilla/5.0 (X11; Ubuntu; Linux x86_64; rv:62.0) Gecko/20100101 Firefox/62.0"
192.95.29.220 - - [05/Apr/2020:22:44:42 +0000] "POST /xmlrpc.php HTTP/1.1" 200 403 "http://www.google.com.hk" "Mozilla/5.0 (Windows NT 6.1; WOW64) AppleWebKit/537.36 (KHTML, like Gecko) Chrome/42.0.2311.90 Safari/537.36"
165.227.86.14 - - [05/Apr/2020:22:45:52 +0000] "GET /wp-login.php HTTP/1.1" 200 7144 "-" "Mozilla/5.0 (X11; Ubuntu; Linux x86_64; rv:62.0) Gecko/20100101 Firefox/62.0"
165.227.86.14 - - [05/Apr/2020:22:45:53 +0000] "POST /wp-login.php HTTP/1.1" 200 8053 "-" "Mozilla/5.0 (X11; Ubuntu; Linux x86_64; rv:62.0) Gecko/20100101 Firefox/62.0"
165.227.86.14 - - [05/Apr/2020:22:45:53 +0000] "POST /xmlrpc.php HTTP/1.1" 200 401 "-" "Mozilla/5.0 (X11; Ubuntu; Linux x86_64; rv:62.0) Gecko/20100101 Firefox/62.0"
198.27.80.123 - - [05/Apr/2020:22:48:44 +0000] "POST /xmlrpc.php HTTP/1.1" 200 403 "http://www.google.com.hk" "Mozilla/5.0 (Windows NT 6.1; WOW64) AppleWebKit/537.36 (KHTML, like Gecko) Chrome/42.0.2311.90 Safari/537.36"
216.244.66.239 - - [05/Apr/2020:22:51:06 +0000] "GET /test/qbmonthly/vendor/quickbooks/v3-php-sdk/src/XSD2PHP/test/data/expected/Xsd2Php/MavenTests/?C=N;O=D HTTP/1.1" 200 1361 "-" "Mozilla/5.0 (compatible; DotBot/1.1; http://www.opensiteexplorer.org/dotbot, help@moz.com)"
127.0.0.1 - - [05/Apr/2020:22:52:01 +0000] "POST /wp-cron.php?doing_wp_cron=1586127121.9046850204467773437500 HTTP/1.1" 200 - "https://www.datos.asia/wp-cron.php?doing_wp_cron=1586127121.9046850204467773437500" "WordPress/5.3.2; https://www.datos.asia"
213.192.75.52 - - [05/Apr/2020:22:52:01 +0000] "GET /wp-login.php HTTP/1.1" 200 7144 "-" "Mozilla/5.0 (X11; Ubuntu; Linux x86_64; rv:62.0) Gecko/20100101 Firefox/62.0"
213.192.75.52 - - [05/Apr/2020:22:52:03 +0000] "POST /wp-login.php HTTP/1.1" 200 8053 "-" "Mozilla/5.0 (X11; Ubuntu; Linux x86_64; rv:62.0) Gecko/20100101 Firefox/62.0"
213.192.75.52 - - [05/Apr/2020:22:52:04 +0000] "POST /xmlrpc.php HTTP/1.1" 200 401 "-" "Mozilla/5.0 (X11; Ubuntu; Linux x86_64; rv:62.0) Gecko/20100101 Firefox/62.0"
45.32.22.17 - - [05/Apr/2020:22:56:41 +0000] "GET /wp-login.php HTTP/1.1" 200 7144 "-" "Mozilla/5.0 (X11; Ubuntu; Linux x86_64; rv:62.0) Gecko/20100101 Firefox/62.0"
45.32.22.17 - - [05/Apr/2020:22:56:46 +0000] "POST /wp-login.php HTTP/1.1" 200 8053 "-" "Mozilla/5.0 (X11; Ubuntu; Linux x86_64; rv:62.0) Gecko/20100101 Firefox/62.0"
45.32.22.17 - - [05/Apr/2020:22:56:51 +0000] "POST /xmlrpc.php HTTP/1.1" 200 401 "-" "Mozilla/5.0 (X11; Ubuntu; Linux x86_64; rv:62.0) Gecko/20100101 Firefox/62.0"
198.27.80.123 - - [05/Apr/2020:23:01:26 +0000] "POST /xmlrpc.php HTTP/1.1" 200 403 "http://www.google.com.hk" "Mozilla/5.0 (Windows NT 6.1; WOW64) AppleWebKit/537.36 (KHTML, like Gecko) Chrome/42.0.2311.90 Safari/537.36"
209.17.97.50 - - [05/Apr/2020:23:02:34 +0000] "GET / HTTP/1.1" 200 22736 "-" "Mozilla/5.0 (compatible; Nimbostratus-Bot/v1.3.2; http://cloudsystemnetworks.com)"
127.0.0.1 - - [05/Apr/2020:23:04:27 +0000] "POST /wp-cron.php?doing_wp_cron=1586127867.6209049224853515625000 HTTP/1.1" 200 - "https://www.datos.asia/wp-cron.php?doing_wp_cron=1586127867.6209049224853515625000" "WordPress/5.3.2; https://www.datos.asia"
167.71.114.229 - - [05/Apr/2020:23:04:27 +0000] "GET /wp-login.php HTTP/1.1" 200 7144 "-" "Mozilla/5.0 (X11; Ubuntu; Linux x86_64; rv:62.0) Gecko/20100101 Firefox/62.0"
167.71.114.229 - - [05/Apr/2020:23:04:28 +0000] "POST /wp-login.php HTTP/1.1" 200 8053 "-" "Mozilla/5.0 (X11; Ubuntu; Linux x86_64; rv:62.0) Gecko/20100101 Firefox/62.0"
167.71.114.229 - - [05/Apr/2020:23:04:28 +0000] "POST /xmlrpc.php HTTP/1.1" 200 401 "-" "Mozilla/5.0 (X11; Ubuntu; Linux x86_64; rv:62.0) Gecko/20100101 Firefox/62.0"
37.187.74.109 - - [05/Apr/2020:23:08:37 +0000] "POST /xmlrpc.php HTTP/1.1" 200 403 "http://www.google.com.hk" "Mozilla/5.0 (Windows NT 6.1; WOW64) AppleWebKit/537.36 (KHTML, like Gecko) Chrome/42.0.2311.90 Safari/537.36"
198.27.80.123 - - [05/Apr/2020:23:11:22 +0000] "POST /xmlrpc.php HTTP/1.1" 200 403 "http://www.google.com.hk" "Mozilla/5.0 (Windows NT 6.1; WOW64) AppleWebKit/537.36 (KHTML, like Gecko) Chrome/42.0.2311.90 Safari/537.36"
167.71.193.24 - - [05/Apr/2020:23:11:52 +0000] "GET /wp-login.php HTTP/1.1" 200 7144 "-" "Mozilla/5.0 (X11; Ubuntu; Linux x86_64; rv:62.0) Gecko/20100101 Firefox/62.0"
167.71.193.24 - - [05/Apr/2020:23:11:53 +0000] "POST /wp-login.php HTTP/1.1" 200 8053 "-" "Mozilla/5.0 (X11; Ubuntu; Linux x86_64; rv:62.0) Gecko/20100101 Firefox/62.0"
167.71.193.24 - - [05/Apr/2020:23:11:53 +0000] "POST /xmlrpc.php HTTP/1.1" 200 401 "-" "Mozilla/5.0 (X11; Ubuntu; Linux x86_64; rv:62.0) Gecko/20100101 Firefox/62.0"
54.36.148.4 - - [05/Apr/2020:23:15:27 +0000] "GET /2015/01/29/lenovo-t440p-repair-guide/feed/ HTTP/1.1" 301 273 "-" "Mozilla/5.0 (compatible; AhrefsBot/6.1; +http://ahrefs.com/robot/)"
192.99.36.177 - - [05/Apr/2020:23:16:38 +0000] "POST /xmlrpc.php HTTP/1.1" 200 403 "http://www.google.com.hk" "Mozilla/5.0 (Windows NT 6.1; WOW64) AppleWebKit/537.36 (KHTML, like Gecko) Chrome/42.0.2311.90 Safari/537.36"
192.99.15.15 - - [05/Apr/2020:23:17:05 +0000] "POST /xmlrpc.php HTTP/1.1" 200 403 "http://www.google.com.hk" "Mozilla/5.0 (Windows NT 6.1; WOW64) AppleWebKit/537.36 (KHTML, like Gecko) Chrome/42.0.2311.90 Safari/537.36"
167.71.84.7 - - [05/Apr/2020:23:21:22 +0000] "GET /wp-login.php HTTP/1.1" 200 7144 "-" "Mozilla/5.0 (X11; Ubuntu; Linux x86_64; rv:62.0) Gecko/20100101 Firefox/62.0"
167.71.84.7 - - [05/Apr/2020:23:21:23 +0000] "POST /wp-login.php HTTP/1.1" 200 8053 "-" "Mozilla/5.0 (X11; Ubuntu; Linux x86_64; rv:62.0) Gecko/20100101 Firefox/62.0"
167.71.84.7 - - [05/Apr/2020:23:21:23 +0000] "POST /xmlrpc.php HTTP/1.1" 200 401 "-" "Mozilla/5.0 (X11; Ubuntu; Linux x86_64; rv:62.0) Gecko/20100101 Firefox/62.0"
162.243.130.175 - - [05/Apr/2020:23:27:09 +0000] "GET / HTTP/1.1" 301 - "-" "Mozilla/5.0 zgrab/0.x"
46.229.168.150 - - [05/Apr/2020:23:31:17 +0000] "GET /robots.txt HTTP/1.1" 200 67 "-" "Mozilla/5.0 (compatible; SemrushBot/6~bl; +http://www.semrush.com/bot.html)"
46.229.168.154 - - [05/Apr/2020:23:31:19 +0000] "GET /test/oauth2/vendor/guzzlehttp/psr7/?C=D%3BO%3DA HTTP/1.1" 200 1606 "-" "Mozilla/5.0 (compatible; SemrushBot/6~bl; +http://www.semrush.com/bot.html)"
216.244.66.239 - - [05/Apr/2020:23:31:51 +0000] "GET /test/qbmonthly/vendor/quickbooks/v3-php-sdk/src/XSD2PHP/test/data/expected/simple1/shiporder.xml HTTP/1.1" 200 448 "-" "Mozilla/5.0 (compatible; DotBot/1.1; http://www.opensiteexplorer.org/dotbot, help@moz.com)"
45.55.62.60 - - [05/Apr/2020:23:33:10 +0000] "GET /wp-login.php HTTP/1.1" 200 7144 "-" "Mozilla/5.0 (X11; Ubuntu; Linux x86_64; rv:62.0) Gecko/20100101 Firefox/62.0"
45.55.62.60 - - [05/Apr/2020:23:33:11 +0000] "POST /wp-login.php HTTP/1.1" 200 8053 "-" "Mozilla/5.0 (X11; Ubuntu; Linux x86_64; rv:62.0) Gecko/20100101 Firefox/62.0"
45.55.62.60 - - [05/Apr/2020:23:33:12 +0000] "POST /xmlrpc.php HTTP/1.1" 200 401 "-" "Mozilla/5.0 (X11; Ubuntu; Linux x86_64; rv:62.0) Gecko/20100101 Firefox/62.0"
54.36.148.219 - - [05/Apr/2020:23:35:26 +0000] "GET /category/jobs/feed/ HTTP/1.1" 301 250 "-" "Mozilla/5.0 (compatible; AhrefsBot/6.1; +http://ahrefs.com/robot/)"
5.101.0.209 - - [05/Apr/2020:23:39:37 +0000] "POST /vendor/phpunit/phpunit/src/Util/PHP/eval-stdin.php HTTP/1.1" 404 19015 "-" "Mozilla/5.0 (Windows NT 10.0; Win64; x64) AppleWebKit/537.36 (KHTML, like Gecko) Chrome/78.0.3904.108 Safari/537.36"
216.244.66.239 - - [05/Apr/2020:23:40:06 +0000] "GET /test/qbmonthly/vendor/quickbooks/v3-php-sdk/src/XSD2PHP/test/data/expected/ubl2.0/?C=D;O=D HTTP/1.1" 200 1747 "-" "Mozilla/5.0 (compatible; DotBot/1.1; http://www.opensiteexplorer.org/dotbot, help@moz.com)"
198.27.80.123 - - [05/Apr/2020:23:41:35 +0000] "POST /xmlrpc.php HTTP/1.1" 200 403 "http://www.google.com.hk" "Mozilla/5.0 (Windows NT 6.1; WOW64) AppleWebKit/537.36 (KHTML, like Gecko) Chrome/42.0.2311.90 Safari/537.36"
37.59.56.107 - - [05/Apr/2020:23:44:16 +0000] "POST /xmlrpc.php HTTP/1.1" 200 403 "http://www.google.com.hk" "Mozilla/5.0 (Windows NT 6.1; WOW64) AppleWebKit/537.36 (KHTML, like Gecko) Chrome/42.0.2311.90 Safari/537.36"
173.249.59.239 - - [05/Apr/2020:23:44:32 +0000] "GET /wp-login.php HTTP/1.1" 200 7144 "-" "Mozilla/5.0 (X11; Ubuntu; Linux x86_64; rv:62.0) Gecko/20100101 Firefox/62.0"
173.249.59.239 - - [05/Apr/2020:23:44:32 +0000] "POST /wp-login.php HTTP/1.1" 200 8053 "-" "Mozilla/5.0 (X11; Ubuntu; Linux x86_64; rv:62.0) Gecko/20100101 Firefox/62.0"
173.249.59.239 - - [05/Apr/2020:23:44:33 +0000] "POST /xmlrpc.php HTTP/1.1" 200 401 "-" "Mozilla/5.0 (X11; Ubuntu; Linux x86_64; rv:62.0) Gecko/20100101 Firefox/62.0"
127.0.0.1 - - [05/Apr/2020:23:52:37 +0000] "POST /wp-cron.php?doing_wp_cron=1586130757.5488688945770263671875 HTTP/1.1" 301 290 "http://www.datos.asia/wp-cron.php?doing_wp_cron=1586130757.5488688945770263671875" "WordPress/5.3.2; https://www.datos.asia"
51.68.120.183 - - [05/Apr/2020:23:52:37 +0000] "GET / HTTP/1.0" 301 - "-" "masscan/1.0 (https://github.com/robertdavidgraham/masscan)"
37.59.56.107 - - [05/Apr/2020:23:52:46 +0000] "POST /xmlrpc.php HTTP/1.1" 200 403 "http://www.google.com.hk" "Mozilla/5.0 (Windows NT 6.1; WOW64) AppleWebKit/537.36 (KHTML, like Gecko) Chrome/42.0.2311.90 Safari/537.36"
127.0.0.1 - - [05/Apr/2020:23:57:39 +0000] "POST /wp-cron.php?doing_wp_cron=1586131059.2921679019927978515625 HTTP/1.1" 200 - "https://www.datos.asia/wp-cron.php?doing_wp_cron=1586131059.2921679019927978515625" "WordPress/5.3.2; https://www.datos.asia"
192.99.15.15 - - [05/Apr/2020:23:57:39 +0000] "POST /xmlrpc.php HTTP/1.1" 200 403 "http://www.google.com.hk" "Mozilla/5.0 (Windows NT 6.1; WOW64) AppleWebKit/537.36 (KHTML, like Gecko) Chrome/42.0.2311.90 Safari/537.36"
206.189.146.232 - - [05/Apr/2020:23:58:00 +0000] "GET /wp-login.php HTTP/1.1" 200 7144 "-" "Mozilla/5.0 (X11; Ubuntu; Linux x86_64; rv:62.0) Gecko/20100101 Firefox/62.0"
206.189.146.232 - - [05/Apr/2020:23:58:00 +0000] "POST /wp-login.php HTTP/1.1" 200 8053 "-" "Mozilla/5.0 (X11; Ubuntu; Linux x86_64; rv:62.0) Gecko/20100101 Firefox/62.0"
206.189.146.232 - - [05/Apr/2020:23:58:01 +0000] "POST /xmlrpc.php HTTP/1.1" 200 401 "-" "Mozilla/5.0 (X11; Ubuntu; Linux x86_64; rv:62.0) Gecko/20100101 Firefox/62.0"
132.232.31.117 - - [06/Apr/2020:00:01:27 +0000] "GET /wp-login.php HTTP/1.1" 302 - "-" "Apache-HttpClient/4.5.2 (Java/1.8.0_151)"
159.65.10.148 - - [06/Apr/2020:00:03:19 +0000] "GET /wp-login.php HTTP/1.1" 200 7144 "-" "Mozilla/5.0 (X11; Ubuntu; Linux x86_64; rv:62.0) Gecko/20100101 Firefox/62.0"
159.65.10.148 - - [06/Apr/2020:00:03:19 +0000] "POST /wp-login.php HTTP/1.1" 200 8053 "-" "Mozilla/5.0 (X11; Ubuntu; Linux x86_64; rv:62.0) Gecko/20100101 Firefox/62.0"
159.65.10.148 - - [06/Apr/2020:00:03:20 +0000] "POST /xmlrpc.php HTTP/1.1" 200 401 "-" "Mozilla/5.0 (X11; Ubuntu; Linux x86_64; rv:62.0) Gecko/20100101 Firefox/62.0"
68.183.5.101 - - [06/Apr/2020:00:07:51 +0000] "GET /wp-login.php HTTP/1.1" 200 7144 "-" "Mozilla/5.0 (X11; Ubuntu; Linux x86_64; rv:62.0) Gecko/20100101 Firefox/62.0"
68.183.5.101 - - [06/Apr/2020:00:07:54 +0000] "POST /wp-login.php HTTP/1.1" 200 8053 "-" "Mozilla/5.0 (X11; Ubuntu; Linux x86_64; rv:62.0) Gecko/20100101 Firefox/62.0"
68.183.5.101 - - [06/Apr/2020:00:07:57 +0000] "POST /xmlrpc.php HTTP/1.1" 200 401 "-" "Mozilla/5.0 (X11; Ubuntu; Linux x86_64; rv:62.0) Gecko/20100101 Firefox/62.0"
37.187.74.109 - - [06/Apr/2020:00:07:59 +0000] "POST /xmlrpc.php HTTP/1.1" 200 403 "http://www.google.com.hk" "Mozilla/5.0 (Windows NT 6.1; WOW64) AppleWebKit/537.36 (KHTML, like Gecko) Chrome/42.0.2311.90 Safari/537.36"
75.149.219.169 - - [06/Apr/2020:00:10:53 +0000] "GET /wp-login.php HTTP/1.1" 200 7144 "-" "Mozilla/5.0 (X11; Ubuntu; Linux x86_64; rv:62.0) Gecko/20100101 Firefox/62.0"
75.149.219.169 - - [06/Apr/2020:00:10:54 +0000] "POST /wp-login.php HTTP/1.1" 200 8053 "-" "Mozilla/5.0 (X11; Ubuntu; Linux x86_64; rv:62.0) Gecko/20100101 Firefox/62.0"
75.149.219.169 - - [06/Apr/2020:00:10:55 +0000] "POST /xmlrpc.php HTTP/1.1" 200 401 "-" "Mozilla/5.0 (X11; Ubuntu; Linux x86_64; rv:62.0) Gecko/20100101 Firefox/62.0"
175.25.185.195 - - [06/Apr/2020:00:12:49 +0000] "GET /TP/public/index.php HTTP/1.1" 301 - "-" "Mozilla/5.0 (Windows; U; Windows NT 6.0;en-US; rv:1.9.2) Gecko/20100115 Firefox/3.6)"
175.25.185.195 - - [06/Apr/2020:00:12:49 +0000] "GET /TP/public/ HTTP/1.1" 404 19015 "http://3.114.205.254/TP/public/index.php" "Mozilla/5.0 (Windows; U; Windows NT 6.0;en-US; rv:1.9.2) Gecko/20100115 Firefox/3.6)"
175.25.185.195 - - [06/Apr/2020:00:12:51 +0000] "GET /TP/index.php HTTP/1.1" 301 - "-" "Mozilla/5.0 (Windows; U; Windows NT 6.0;en-US; rv:1.9.2) Gecko/20100115 Firefox/3.6)"
175.25.185.195 - - [06/Apr/2020:00:12:51 +0000] "GET /TP/ HTTP/1.1" 404 19015 "http://3.114.205.254/TP/index.php" "Mozilla/5.0 (Windows; U; Windows NT 6.0;en-US; rv:1.9.2) Gecko/20100115 Firefox/3.6)"
175.25.185.195 - - [06/Apr/2020:00:12:52 +0000] "GET /thinkphp/html/public/index.php HTTP/1.1" 301 - "-" "Mozilla/5.0 (Windows; U; Windows NT 6.0;en-US; rv:1.9.2) Gecko/20100115 Firefox/3.6)"
175.25.185.195 - - [06/Apr/2020:00:12:52 +0000] "GET /thinkphp/html/public/ HTTP/1.1" 404 19015 "http://3.114.205.254/thinkphp/html/public/index.php" "Mozilla/5.0 (Windows; U; Windows NT 6.0;en-US; rv:1.9.2) Gecko/20100115 Firefox/3.6)"
175.25.185.195 - - [06/Apr/2020:00:12:52 +0000] "GET /html/public/index.php HTTP/1.1" 301 - "-" "Mozilla/5.0 (Windows; U; Windows NT 6.0;en-US; rv:1.9.2) Gecko/20100115 Firefox/3.6)"
175.25.185.195 - - [06/Apr/2020:00:12:54 +0000] "GET /html/public/ HTTP/1.1" 404 19015 "http://3.114.205.254/html/public/index.php" "Mozilla/5.0 (Windows; U; Windows NT 6.0;en-US; rv:1.9.2) Gecko/20100115 Firefox/3.6)"
175.25.185.195 - - [06/Apr/2020:00:12:55 +0000] "GET /public/index.php HTTP/1.1" 301 - "-" "Mozilla/5.0 (Windows; U; Windows NT 6.0;en-US; rv:1.9.2) Gecko/20100115 Firefox/3.6)"
175.25.185.195 - - [06/Apr/2020:00:12:55 +0000] "GET /public/ HTTP/1.1" 404 19015 "http://3.114.205.254/public/index.php" "Mozilla/5.0 (Windows; U; Windows NT 6.0;en-US; rv:1.9.2) Gecko/20100115 Firefox/3.6)"
175.25.185.195 - - [06/Apr/2020:00:12:56 +0000] "GET /TP/html/public/index.php HTTP/1.1" 301 - "-" "Mozilla/5.0 (Windows; U; Windows NT 6.0;en-US; rv:1.9.2) Gecko/20100115 Firefox/3.6)"
175.25.185.195 - - [06/Apr/2020:00:13:01 +0000] "GET / HTTP/1.1" 200 22736 "-" "Mozilla/5.0 (Windows; U; Windows NT 6.0;en-US; rv:1.9.2) Gecko/20100115 Firefox/3.6)"
206.189.133.88 - - [06/Apr/2020:00:13:11 +0000] "GET /wp-login.php HTTP/1.1" 200 7144 "-" "Mozilla/5.0 (X11; Ubuntu; Linux x86_64; rv:62.0) Gecko/20100101 Firefox/62.0"
206.189.133.88 - - [06/Apr/2020:00:13:15 +0000] "POST /wp-login.php HTTP/1.1" 200 8053 "-" "Mozilla/5.0 (X11; Ubuntu; Linux x86_64; rv:62.0) Gecko/20100101 Firefox/62.0"
206.189.133.88 - - [06/Apr/2020:00:13:17 +0000] "POST /xmlrpc.php HTTP/1.1" 200 401 "-" "Mozilla/5.0 (X11; Ubuntu; Linux x86_64; rv:62.0) Gecko/20100101 Firefox/62.0"
37.187.74.109 - - [06/Apr/2020:00:14:29 +0000] "POST /xmlrpc.php HTTP/1.1" 200 403 "http://www.google.com.hk" "Mozilla/5.0 (Windows NT 6.1; WOW64) AppleWebKit/537.36 (KHTML, like Gecko) Chrome/42.0.2311.90 Safari/537.36"
157.230.25.61 - - [06/Apr/2020:00:18:15 +0000] "GET /wp-login.php HTTP/1.1" 200 7144 "-" "Mozilla/5.0 (X11; Ubuntu; Linux x86_64; rv:62.0) Gecko/20100101 Firefox/62.0"
157.230.25.61 - - [06/Apr/2020:00:18:16 +0000] "POST /wp-login.php HTTP/1.1" 200 8053 "-" "Mozilla/5.0 (X11; Ubuntu; Linux x86_64; rv:62.0) Gecko/20100101 Firefox/62.0"
157.230.25.61 - - [06/Apr/2020:00:18:17 +0000] "POST /xmlrpc.php HTTP/1.1" 200 401 "-" "Mozilla/5.0 (X11; Ubuntu; Linux x86_64; rv:62.0) Gecko/20100101 Firefox/62.0"
46.101.251.6 - - [06/Apr/2020:00:22:49 +0000] "GET /wp-login.php HTTP/1.1" 200 7144 "-" "Mozilla/5.0 (X11; Ubuntu; Linux x86_64; rv:62.0) Gecko/20100101 Firefox/62.0"
46.101.251.6 - - [06/Apr/2020:00:22:50 +0000] "POST /wp-login.php HTTP/1.1" 200 8053 "-" "Mozilla/5.0 (X11; Ubuntu; Linux x86_64; rv:62.0) Gecko/20100101 Firefox/62.0"
46.101.251.6 - - [06/Apr/2020:00:22:51 +0000] "POST /xmlrpc.php HTTP/1.1" 200 401 "-" "Mozilla/5.0 (X11; Ubuntu; Linux x86_64; rv:62.0) Gecko/20100101 Firefox/62.0"
37.59.56.107 - - [06/Apr/2020:00:25:08 +0000] "POST /xmlrpc.php HTTP/1.1" 200 403 "http://www.google.com.hk" "Mozilla/5.0 (Windows NT 6.1; WOW64) AppleWebKit/537.36 (KHTML, like Gecko) Chrome/42.0.2311.90 Safari/537.36"
51.254.199.66 - - [06/Apr/2020:00:26:10 +0000] "GET /wp-login.php HTTP/1.1" 200 7144 "-" "Mozilla/5.0 (X11; Ubuntu; Linux x86_64; rv:62.0) Gecko/20100101 Firefox/62.0"
51.254.199.66 - - [06/Apr/2020:00:26:11 +0000] "POST /wp-login.php HTTP/1.1" 200 8053 "-" "Mozilla/5.0 (X11; Ubuntu; Linux x86_64; rv:62.0) Gecko/20100101 Firefox/62.0"
51.254.199.66 - - [06/Apr/2020:00:26:12 +0000] "POST /xmlrpc.php HTTP/1.1" 200 401 "-" "Mozilla/5.0 (X11; Ubuntu; Linux x86_64; rv:62.0) Gecko/20100101 Firefox/62.0"
37.187.74.109 - - [06/Apr/2020:00:42:53 +0000] "POST /xmlrpc.php HTTP/1.1" 200 403 "http://www.google.com.hk" "Mozilla/5.0 (Windows NT 6.1; WOW64) AppleWebKit/537.36 (KHTML, like Gecko) Chrome/42.0.2311.90 Safari/537.36"
167.172.76.253 - - [06/Apr/2020:00:43:48 +0000] "GET /wp-login.php HTTP/1.1" 200 7144 "-" "Mozilla/5.0 (X11; Ubuntu; Linux x86_64; rv:62.0) Gecko/20100101 Firefox/62.0"
167.172.76.253 - - [06/Apr/2020:00:43:48 +0000] "POST /wp-login.php HTTP/1.1" 200 8053 "-" "Mozilla/5.0 (X11; Ubuntu; Linux x86_64; rv:62.0) Gecko/20100101 Firefox/62.0"
167.172.76.253 - - [06/Apr/2020:00:43:49 +0000] "POST /xmlrpc.php HTTP/1.1" 200 401 "-" "Mozilla/5.0 (X11; Ubuntu; Linux x86_64; rv:62.0) Gecko/20100101 Firefox/62.0"
216.244.66.239 - - [06/Apr/2020:00:46:51 +0000] "GET /test/qbmonthly/vendor/quickbooks/v3-php-sdk/src/Core/OAuth/OAuth2/certs/?C=N;O=A HTTP/1.1" 200 1775 "-" "Mozilla/5.0 (compatible; DotBot/1.1; http://www.opensiteexplorer.org/dotbot, help@moz.com)"
171.67.70.85 - - [06/Apr/2020:00:47:05 +0000] "GET / HTTP/1.1" 301 - "-" "Mozilla/5.0 zgrab/0.x"
171.67.70.85 - - [06/Apr/2020:00:47:06 +0000] "GET / HTTP/1.1" 403 202 "http://3.114.205.254/" "Mozilla/5.0 zgrab/0.x"
178.128.161.250 - - [06/Apr/2020:00:49:16 +0000] "GET /wp-login.php HTTP/1.1" 200 7144 "-" "Mozilla/5.0 (X11; Ubuntu; Linux x86_64; rv:62.0) Gecko/20100101 Firefox/62.0"
178.128.161.250 - - [06/Apr/2020:00:49:17 +0000] "POST /wp-login.php HTTP/1.1" 200 8053 "-" "Mozilla/5.0 (X11; Ubuntu; Linux x86_64; rv:62.0) Gecko/20100101 Firefox/62.0"
178.128.161.250 - - [06/Apr/2020:00:49:18 +0000] "POST /xmlrpc.php HTTP/1.1" 200 401 "-" "Mozilla/5.0 (X11; Ubuntu; Linux x86_64; rv:62.0) Gecko/20100101 Firefox/62.0"
127.0.0.1 - - [06/Apr/2020:00:52:27 +0000] "POST /wp-cron.php?doing_wp_cron=1586134347.2590980529785156250000 HTTP/1.1" 200 - "https://www.datos.asia/wp-cron.php?doing_wp_cron=1586134347.2590980529785156250000" "WordPress/5.3.2; https://www.datos.asia"
178.62.10.75 - - [06/Apr/2020:00:52:27 +0000] "GET /wp-login.php HTTP/1.1" 200 7144 "-" "Mozilla/5.0 (X11; Ubuntu; Linux x86_64; rv:62.0) Gecko/20100101 Firefox/62.0"
178.62.10.75 - - [06/Apr/2020:00:52:28 +0000] "POST /wp-login.php HTTP/1.1" 200 8053 "-" "Mozilla/5.0 (X11; Ubuntu; Linux x86_64; rv:62.0) Gecko/20100101 Firefox/62.0"
178.62.10.75 - - [06/Apr/2020:00:52:30 +0000] "POST /xmlrpc.php HTTP/1.1" 200 401 "-" "Mozilla/5.0 (X11; Ubuntu; Linux x86_64; rv:62.0) Gecko/20100101 Firefox/62.0"
216.244.66.239 - - [06/Apr/2020:00:52:39 +0000] "GET /test/qbmonthly/vendor/quickbooks/v3-php-sdk/src/XSD2PHP/test/data/expected/?C=D;O=D HTTP/1.1" 200 2600 "-" "Mozilla/5.0 (compatible; DotBot/1.1; http://www.opensiteexplorer.org/dotbot, help@moz.com)"
157.230.249.122 - - [06/Apr/2020:01:00:45 +0000] "GET /wp-login.php HTTP/1.1" 200 7144 "-" "Mozilla/5.0 (X11; Ubuntu; Linux x86_64; rv:62.0) Gecko/20100101 Firefox/62.0"
157.230.249.122 - - [06/Apr/2020:01:00:45 +0000] "POST /wp-login.php HTTP/1.1" 200 8053 "-" "Mozilla/5.0 (X11; Ubuntu; Linux x86_64; rv:62.0) Gecko/20100101 Firefox/62.0"
157.230.249.122 - - [06/Apr/2020:01:00:45 +0000] "POST /xmlrpc.php HTTP/1.1" 200 401 "-" "Mozilla/5.0 (X11; Ubuntu; Linux x86_64; rv:62.0) Gecko/20100101 Firefox/62.0"
37.59.56.107 - - [06/Apr/2020:01:03:29 +0000] "POST /xmlrpc.php HTTP/1.1" 200 403 "http://www.google.com.hk" "Mozilla/5.0 (Windows NT 6.1; WOW64) AppleWebKit/537.36 (KHTML, like Gecko) Chrome/42.0.2311.90 Safari/537.36"
37.187.74.109 - - [06/Apr/2020:01:05:25 +0000] "POST /xmlrpc.php HTTP/1.1" 200 403 "http://www.google.com.hk" "Mozilla/5.0 (Windows NT 6.1; WOW64) AppleWebKit/537.36 (KHTML, like Gecko) Chrome/42.0.2311.90 Safari/537.36"
45.252.250.106 - - [06/Apr/2020:01:08:16 +0000] "GET /wp-login.php HTTP/1.1" 200 7144 "-" "Mozilla/5.0 (X11; Ubuntu; Linux x86_64; rv:62.0) Gecko/20100101 Firefox/62.0"
45.252.250.106 - - [06/Apr/2020:01:08:17 +0000] "POST /wp-login.php HTTP/1.1" 200 8053 "-" "Mozilla/5.0 (X11; Ubuntu; Linux x86_64; rv:62.0) Gecko/20100101 Firefox/62.0"
45.252.250.106 - - [06/Apr/2020:01:08:17 +0000] "POST /xmlrpc.php HTTP/1.1" 200 401 "-" "Mozilla/5.0 (X11; Ubuntu; Linux x86_64; rv:62.0) Gecko/20100101 Firefox/62.0"
44.224.22.196 - - [06/Apr/2020:01:10:53 +0000] "GET http://example.com/ HTTP/1.1" 301 - "-" "AWS Security Scanner"
44.224.22.196 - - [06/Apr/2020:01:10:53 +0000] "GET http://169.254.169.254/ HTTP/1.1" 301 - "-" "AWS Security Scanner"
44.224.22.196 - - [06/Apr/2020:01:10:54 +0000] "GET http://[::ffff:a9fe:a9fe]/ HTTP/1.1" 301 - "-" "AWS Security Scanner"
44.224.22.196 - - [06/Apr/2020:01:10:54 +0000] "GET http://169.254.169.254/latest/dynamic/instance-identity/document HTTP/1.1" 301 - "-" "AWS Security Scanner"
44.224.22.196 - - [06/Apr/2020:01:10:54 +0000] "GET http://[::ffff:a9fe:a9fe]/latest/dynamic/instance-identity/document HTTP/1.1" 301 - "-" "AWS Security Scanner"
44.224.22.196 - - [06/Apr/2020:01:10:54 +0000] "GET / HTTP/1.1" 301 - "-" "AWS Security Scanner"
44.224.22.196 - - [06/Apr/2020:01:10:54 +0000] "GET / HTTP/1.1" 301 - "-" "AWS Security Scanner"
44.224.22.196 - - [06/Apr/2020:01:10:55 +0000] "GET / HTTP/1.1" 301 - "-" "AWS Security Scanner"
44.224.22.196 - - [06/Apr/2020:01:10:55 +0000] "GET /latest/dynamic/instance-identity/document HTTP/1.1" 404 19015 "-" "AWS Security Scanner"
44.224.22.196 - - [06/Apr/2020:01:10:55 +0000] "GET /latest/dynamic/instance-identity/document HTTP/1.1" 404 19015 "-" "AWS Security Scanner"
44.224.22.196 - - [06/Apr/2020:01:10:56 +0000] "CONNECT 3.114.205.254:80 HTTP/1.0" 404 19015 "-" "-"
44.224.22.196 - - [06/Apr/2020:01:10:56 +0000] "CONNECT 3.114.205.254:80 HTTP/1.0" 404 19015 "-" "-"
44.224.22.196 - - [06/Apr/2020:01:10:56 +0000] "CONNECT 3.114.205.254:80 HTTP/1.0" 404 19015 "-" "-"
44.224.22.196 - - [06/Apr/2020:01:10:57 +0000] "CONNECT 3.114.205.254:80 HTTP/1.0" 404 19015 "-" "-"
44.224.22.196 - - [06/Apr/2020:01:10:57 +0000] "CONNECT 3.114.205.254:80 HTTP/1.0" 404 19015 "-" "-"
44.224.22.196 - - [06/Apr/2020:01:10:57 +0000] "\x16\x03\x01" 400 226 "-" "-"
44.224.22.196 - - [06/Apr/2020:01:10:57 +0000] "\x16\x03\x01" 400 226 "-" "-"
44.224.22.196 - - [06/Apr/2020:01:10:58 +0000] "\x16\x03\x01" 400 226 "-" "-"
44.224.22.196 - - [06/Apr/2020:01:10:58 +0000] "\x16\x03\x01" 400 226 "-" "-"
44.224.22.196 - - [06/Apr/2020:01:10:58 +0000] "\x16\x03\x01" 400 226 "-" "-"
192.95.29.220 - - [06/Apr/2020:01:14:59 +0000] "POST /xmlrpc.php HTTP/1.1" 200 403 "http://www.google.com.hk" "Mozilla/5.0 (Windows NT 6.1; WOW64) AppleWebKit/537.36 (KHTML, like Gecko) Chrome/42.0.2311.90 Safari/537.36"
45.252.248.23 - - [06/Apr/2020:01:20:48 +0000] "GET /wp-login.php HTTP/1.1" 200 7144 "-" "Mozilla/5.0 (X11; Ubuntu; Linux x86_64; rv:62.0) Gecko/20100101 Firefox/62.0"
45.252.248.23 - - [06/Apr/2020:01:20:48 +0000] "POST /wp-login.php HTTP/1.1" 200 8053 "-" "Mozilla/5.0 (X11; Ubuntu; Linux x86_64; rv:62.0) Gecko/20100101 Firefox/62.0"
45.252.248.23 - - [06/Apr/2020:01:20:49 +0000] "POST /xmlrpc.php HTTP/1.1" 200 401 "-" "Mozilla/5.0 (X11; Ubuntu; Linux x86_64; rv:62.0) Gecko/20100101 Firefox/62.0"
206.189.144.78 - - [06/Apr/2020:01:25:49 +0000] "GET /wp-login.php HTTP/1.1" 200 7144 "-" "Mozilla/5.0 (X11; Ubuntu; Linux x86_64; rv:62.0) Gecko/20100101 Firefox/62.0"
206.189.144.78 - - [06/Apr/2020:01:25:50 +0000] "POST /wp-login.php HTTP/1.1" 200 8053 "-" "Mozilla/5.0 (X11; Ubuntu; Linux x86_64; rv:62.0) Gecko/20100101 Firefox/62.0"
206.189.144.78 - - [06/Apr/2020:01:25:50 +0000] "POST /xmlrpc.php HTTP/1.1" 200 401 "-" "Mozilla/5.0 (X11; Ubuntu; Linux x86_64; rv:62.0) Gecko/20100101 Firefox/62.0"
188.166.63.155 - - [06/Apr/2020:01:29:39 +0000] "GET /wp-login.php HTTP/1.1" 200 7144 "-" "Mozilla/5.0 (X11; Ubuntu; Linux x86_64; rv:62.0) Gecko/20100101 Firefox/62.0"
188.166.63.155 - - [06/Apr/2020:01:29:40 +0000] "POST /wp-login.php HTTP/1.1" 200 8053 "-" "Mozilla/5.0 (X11; Ubuntu; Linux x86_64; rv:62.0) Gecko/20100101 Firefox/62.0"
188.166.63.155 - - [06/Apr/2020:01:29:42 +0000] "POST /xmlrpc.php HTTP/1.1" 200 401 "-" "Mozilla/5.0 (X11; Ubuntu; Linux x86_64; rv:62.0) Gecko/20100101 Firefox/62.0"
64.90.36.114 - - [06/Apr/2020:01:29:43 +0000] "GET /wp-login.php HTTP/1.1" 200 7144 "-" "Mozilla/5.0 (X11; Ubuntu; Linux x86_64; rv:62.0) Gecko/20100101 Firefox/62.0"
64.90.36.114 - - [06/Apr/2020:01:29:44 +0000] "POST /wp-login.php HTTP/1.1" 200 8204 "-" "Mozilla/5.0 (X11; Ubuntu; Linux x86_64; rv:62.0) Gecko/20100101 Firefox/62.0"
64.90.36.114 - - [06/Apr/2020:01:29:44 +0000] "GET /wp-login.php HTTP/1.1" 200 7144 "-" "Mozilla/5.0 (X11; Ubuntu; Linux x86_64; rv:62.0) Gecko/20100101 Firefox/62.0"
64.90.36.114 - - [06/Apr/2020:01:29:45 +0000] "POST /wp-login.php HTTP/1.1" 200 8061 "-" "Mozilla/5.0 (X11; Ubuntu; Linux x86_64; rv:62.0) Gecko/20100101 Firefox/62.0"
64.90.36.114 - - [06/Apr/2020:01:29:45 +0000] "POST /xmlrpc.php HTTP/1.1" 200 401 "-" "Mozilla/5.0 (X11; Ubuntu; Linux x86_64; rv:62.0) Gecko/20100101 Firefox/62.0"
198.27.80.123 - - [06/Apr/2020:01:32:36 +0000] "POST /xmlrpc.php HTTP/1.1" 200 403 "http://www.google.com.hk" "Mozilla/5.0 (Windows NT 6.1; WOW64) AppleWebKit/537.36 (KHTML, like Gecko) Chrome/42.0.2311.90 Safari/537.36"
107.180.94.254 - - [06/Apr/2020:01:33:41 +0000] "GET /wp-login.php HTTP/1.1" 200 7144 "-" "Mozilla/5.0 (X11; Ubuntu; Linux x86_64; rv:62.0) Gecko/20100101 Firefox/62.0"
107.180.94.254 - - [06/Apr/2020:01:33:41 +0000] "POST /wp-login.php HTTP/1.1" 200 8053 "-" "Mozilla/5.0 (X11; Ubuntu; Linux x86_64; rv:62.0) Gecko/20100101 Firefox/62.0"
107.180.94.254 - - [06/Apr/2020:01:33:42 +0000] "POST /xmlrpc.php HTTP/1.1" 200 401 "-" "Mozilla/5.0 (X11; Ubuntu; Linux x86_64; rv:62.0) Gecko/20100101 Firefox/62.0"
167.172.21.234 - - [06/Apr/2020:01:38:53 +0000] "GET /wp-login.php HTTP/1.1" 200 7144 "-" "Mozilla/5.0 (X11; Ubuntu; Linux x86_64; rv:62.0) Gecko/20100101 Firefox/62.0"
167.172.21.234 - - [06/Apr/2020:01:38:53 +0000] "POST /wp-login.php HTTP/1.1" 200 8053 "-" "Mozilla/5.0 (X11; Ubuntu; Linux x86_64; rv:62.0) Gecko/20100101 Firefox/62.0"
167.172.21.234 - - [06/Apr/2020:01:38:55 +0000] "POST /xmlrpc.php HTTP/1.1" 200 401 "-" "Mozilla/5.0 (X11; Ubuntu; Linux x86_64; rv:62.0) Gecko/20100101 Firefox/62.0"
198.27.81.94 - - [06/Apr/2020:01:39:29 +0000] "POST /xmlrpc.php HTTP/1.1" 200 403 "http://www.google.com.hk" "Mozilla/5.0 (Windows NT 6.1; WOW64) AppleWebKit/537.36 (KHTML, like Gecko) Chrome/42.0.2311.90 Safari/537.36"
67.225.140.68 - - [06/Apr/2020:01:39:29 +0000] "POST /xmlrpc.php HTTP/1.1" 200 403 "-" "Mozilla/5.0 (Linux; Android 7.0; SM-G892A Build/NRD90M; wv) AppleWebKit/537.36 (KHTML, like Gecko) Version/4.0 Chrome/68.0.3440.1805 Mobile Safari/537.36"
216.244.66.239 - - [06/Apr/2020:01:40:56 +0000] "GET /test/qbmonthly/vendor/quickbooks/v3-php-sdk/src/XSD2PHP/lib/ZF/1.10.7/Zend/Exception.php HTTP/1.1" 200 - "-" "Mozilla/5.0 (compatible; DotBot/1.1; http://www.opensiteexplorer.org/dotbot, help@moz.com)"
45.252.248.13 - - [06/Apr/2020:01:42:27 +0000] "GET /wp-login.php HTTP/1.1" 200 7144 "-" "Mozilla/5.0 (X11; Ubuntu; Linux x86_64; rv:62.0) Gecko/20100101 Firefox/62.0"
45.252.248.13 - - [06/Apr/2020:01:42:27 +0000] "POST /wp-login.php HTTP/1.1" 200 8053 "-" "Mozilla/5.0 (X11; Ubuntu; Linux x86_64; rv:62.0) Gecko/20100101 Firefox/62.0"
45.252.248.13 - - [06/Apr/2020:01:42:28 +0000] "POST /xmlrpc.php HTTP/1.1" 200 401 "-" "Mozilla/5.0 (X11; Ubuntu; Linux x86_64; rv:62.0) Gecko/20100101 Firefox/62.0"
13.75.163.43 - - [06/Apr/2020:01:42:32 +0000] "GET /wp-login.php HTTP/1.1" 200 7144 "-" "Mozilla/5.0 (X11; Ubuntu; Linux x86_64; rv:62.0) Gecko/20100101 Firefox/62.0"
13.75.163.43 - - [06/Apr/2020:01:42:33 +0000] "POST /wp-login.php HTTP/1.1" 200 8204 "-" "Mozilla/5.0 (X11; Ubuntu; Linux x86_64; rv:62.0) Gecko/20100101 Firefox/62.0"
13.75.163.43 - - [06/Apr/2020:01:42:34 +0000] "GET /wp-login.php HTTP/1.1" 200 7144 "-" "Mozilla/5.0 (X11; Ubuntu; Linux x86_64; rv:62.0) Gecko/20100101 Firefox/62.0"
13.75.163.43 - - [06/Apr/2020:01:42:35 +0000] "POST /wp-login.php HTTP/1.1" 200 8061 "-" "Mozilla/5.0 (X11; Ubuntu; Linux x86_64; rv:62.0) Gecko/20100101 Firefox/62.0"
13.75.163.43 - - [06/Apr/2020:01:42:35 +0000] "POST /xmlrpc.php HTTP/1.1" 200 401 "-" "Mozilla/5.0 (X11; Ubuntu; Linux x86_64; rv:62.0) Gecko/20100101 Firefox/62.0"
216.244.66.239 - - [06/Apr/2020:01:44:47 +0000] "GET /test/qbmonthly/vendor/quickbooks/v3-php-sdk/src/XSD2PHP/test/data/expected/ContactPersonWsdl/?C=S;O=D HTTP/1.1" 200 1563 "-" "Mozilla/5.0 (compatible; DotBot/1.1; http://www.opensiteexplorer.org/dotbot, help@moz.com)"
198.27.81.94 - - [06/Apr/2020:01:44:51 +0000] "POST /xmlrpc.php HTTP/1.1" 200 403 "http://www.google.com.hk" "Mozilla/5.0 (Windows NT 6.1; WOW64) AppleWebKit/537.36 (KHTML, like Gecko) Chrome/42.0.2311.90 Safari/537.36"
216.244.66.239 - - [06/Apr/2020:01:44:51 +0000] "GET /test/qbmonthly/vendor/quickbooks/v3-php-sdk/src/XSD2PHP/test/data/expected/ubl2.0/?C=N;O=D HTTP/1.1" 200 1747 "-" "Mozilla/5.0 (compatible; DotBot/1.1; http://www.opensiteexplorer.org/dotbot, help@moz.com)"
178.63.254.76 - - [06/Apr/2020:01:47:57 +0000] "GET /wp-login.php HTTP/1.1" 200 7144 "-" "Mozilla/5.0 (X11; Ubuntu; Linux x86_64; rv:62.0) Gecko/20100101 Firefox/62.0"
178.63.254.76 - - [06/Apr/2020:01:47:58 +0000] "POST /wp-login.php HTTP/1.1" 200 8053 "-" "Mozilla/5.0 (X11; Ubuntu; Linux x86_64; rv:62.0) Gecko/20100101 Firefox/62.0"
178.63.254.76 - - [06/Apr/2020:01:47:59 +0000] "POST /xmlrpc.php HTTP/1.1" 200 401 "-" "Mozilla/5.0 (X11; Ubuntu; Linux x86_64; rv:62.0) Gecko/20100101 Firefox/62.0"
127.0.0.1 - - [06/Apr/2020:01:53:32 +0000] "POST /wp-cron.php?doing_wp_cron=1586138012.9425070285797119140625 HTTP/1.1" 200 - "https://www.datos.asia/wp-cron.php?doing_wp_cron=1586138012.9425070285797119140625" "WordPress/5.3.2; https://www.datos.asia"
103.18.109.168 - - [06/Apr/2020:01:53:32 +0000] "GET /wp-login.php HTTP/1.1" 200 7144 "-" "Mozilla/5.0 (X11; Ubuntu; Linux x86_64; rv:62.0) Gecko/20100101 Firefox/62.0"
103.18.109.168 - - [06/Apr/2020:01:53:33 +0000] "POST /wp-login.php HTTP/1.1" 200 8053 "-" "Mozilla/5.0 (X11; Ubuntu; Linux x86_64; rv:62.0) Gecko/20100101 Firefox/62.0"
103.18.109.168 - - [06/Apr/2020:01:53:34 +0000] "POST /xmlrpc.php HTTP/1.1" 200 401 "-" "Mozilla/5.0 (X11; Ubuntu; Linux x86_64; rv:62.0) Gecko/20100101 Firefox/62.0"
104.130.124.134 - - [06/Apr/2020:01:56:46 +0000] "GET /wp-login.php HTTP/1.1" 200 7144 "-" "Mozilla/5.0 (X11; Ubuntu; Linux x86_64; rv:62.0) Gecko/20100101 Firefox/62.0"
104.130.124.134 - - [06/Apr/2020:01:56:47 +0000] "POST /wp-login.php HTTP/1.1" 200 8204 "-" "Mozilla/5.0 (X11; Ubuntu; Linux x86_64; rv:62.0) Gecko/20100101 Firefox/62.0"
104.130.124.134 - - [06/Apr/2020:01:56:48 +0000] "GET /wp-login.php HTTP/1.1" 200 7144 "-" "Mozilla/5.0 (X11; Ubuntu; Linux x86_64; rv:62.0) Gecko/20100101 Firefox/62.0"
104.130.124.134 - - [06/Apr/2020:01:56:49 +0000] "POST /wp-login.php HTTP/1.1" 200 8061 "-" "Mozilla/5.0 (X11; Ubuntu; Linux x86_64; rv:62.0) Gecko/20100101 Firefox/62.0"
104.130.124.134 - - [06/Apr/2020:01:56:50 +0000] "POST /xmlrpc.php HTTP/1.1" 200 401 "-" "Mozilla/5.0 (X11; Ubuntu; Linux x86_64; rv:62.0) Gecko/20100101 Firefox/62.0"
125.212.217.250 - - [06/Apr/2020:01:58:34 +0000] "GET /wp-login.php HTTP/1.1" 200 7144 "-" "Mozilla/5.0 (X11; Ubuntu; Linux x86_64; rv:62.0) Gecko/20100101 Firefox/62.0"
125.212.217.250 - - [06/Apr/2020:01:58:35 +0000] "POST /wp-login.php HTTP/1.1" 200 8053 "-" "Mozilla/5.0 (X11; Ubuntu; Linux x86_64; rv:62.0) Gecko/20100101 Firefox/62.0"
125.212.217.250 - - [06/Apr/2020:01:58:35 +0000] "POST /xmlrpc.php HTTP/1.1" 200 401 "-" "Mozilla/5.0 (X11; Ubuntu; Linux x86_64; rv:62.0) Gecko/20100101 Firefox/62.0"
144.217.12.123 - - [06/Apr/2020:02:02:56 +0000] "GET /wp-login.php HTTP/1.1" 200 7144 "-" "Mozilla/5.0 (X11; Ubuntu; Linux x86_64; rv:62.0) Gecko/20100101 Firefox/62.0"
144.217.12.123 - - [06/Apr/2020:02:02:58 +0000] "POST /wp-login.php HTTP/1.1" 200 8053 "-" "Mozilla/5.0 (X11; Ubuntu; Linux x86_64; rv:62.0) Gecko/20100101 Firefox/62.0"
144.217.12.123 - - [06/Apr/2020:02:02:59 +0000] "POST /xmlrpc.php HTTP/1.1" 200 401 "-" "Mozilla/5.0 (X11; Ubuntu; Linux x86_64; rv:62.0) Gecko/20100101 Firefox/62.0"
192.99.15.15 - - [06/Apr/2020:02:03:17 +0000] "POST /xmlrpc.php HTTP/1.1" 200 403 "http://www.google.com.hk" "Mozilla/5.0 (Windows NT 6.1; WOW64) AppleWebKit/537.36 (KHTML, like Gecko) Chrome/42.0.2311.90 Safari/537.36"
167.71.193.24 - - [06/Apr/2020:02:08:33 +0000] "GET /wp-login.php HTTP/1.1" 200 7144 "-" "Mozilla/5.0 (X11; Ubuntu; Linux x86_64; rv:62.0) Gecko/20100101 Firefox/62.0"
167.71.193.24 - - [06/Apr/2020:02:08:33 +0000] "POST /wp-login.php HTTP/1.1" 200 8053 "-" "Mozilla/5.0 (X11; Ubuntu; Linux x86_64; rv:62.0) Gecko/20100101 Firefox/62.0"
167.71.193.24 - - [06/Apr/2020:02:08:34 +0000] "POST /xmlrpc.php HTTP/1.1" 200 401 "-" "Mozilla/5.0 (X11; Ubuntu; Linux x86_64; rv:62.0) Gecko/20100101 Firefox/62.0"
192.99.15.15 - - [06/Apr/2020:02:11:05 +0000] "POST /xmlrpc.php HTTP/1.1" 200 403 "http://www.google.com.hk" "Mozilla/5.0 (Windows NT 6.1; WOW64) AppleWebKit/537.36 (KHTML, like Gecko) Chrome/42.0.2311.90 Safari/537.36"
104.236.45.171 - - [06/Apr/2020:02:11:16 +0000] "GET /wp-login.php HTTP/1.1" 200 7144 "-" "Mozilla/5.0 (X11; Ubuntu; Linux x86_64; rv:62.0) Gecko/20100101 Firefox/62.0"
104.236.45.171 - - [06/Apr/2020:02:11:22 +0000] "POST /wp-login.php HTTP/1.1" 200 8204 "-" "Mozilla/5.0 (X11; Ubuntu; Linux x86_64; rv:62.0) Gecko/20100101 Firefox/62.0"
104.236.45.171 - - [06/Apr/2020:02:11:27 +0000] "GET /wp-login.php HTTP/1.1" 200 7144 "-" "Mozilla/5.0 (X11; Ubuntu; Linux x86_64; rv:62.0) Gecko/20100101 Firefox/62.0"
104.236.45.171 - - [06/Apr/2020:02:11:33 +0000] "POST /wp-login.php HTTP/1.1" 200 8061 "-" "Mozilla/5.0 (X11; Ubuntu; Linux x86_64; rv:62.0) Gecko/20100101 Firefox/62.0"
104.236.45.171 - - [06/Apr/2020:02:11:34 +0000] "POST /xmlrpc.php HTTP/1.1" 200 401 "-" "Mozilla/5.0 (X11; Ubuntu; Linux x86_64; rv:62.0) Gecko/20100101 Firefox/62.0"
195.154.237.88 - - [06/Apr/2020:02:13:03 +0000] "GET /wp-login.php HTTP/1.1" 200 7144 "-" "Mozilla/5.0 (X11; Ubuntu; Linux x86_64; rv:62.0) Gecko/20100101 Firefox/62.0"
195.154.237.88 - - [06/Apr/2020:02:13:03 +0000] "POST /wp-login.php HTTP/1.1" 200 8053 "-" "Mozilla/5.0 (X11; Ubuntu; Linux x86_64; rv:62.0) Gecko/20100101 Firefox/62.0"
195.154.237.88 - - [06/Apr/2020:02:13:05 +0000] "POST /xmlrpc.php HTTP/1.1" 200 401 "-" "Mozilla/5.0 (X11; Ubuntu; Linux x86_64; rv:62.0) Gecko/20100101 Firefox/62.0"
198.27.80.123 - - [06/Apr/2020:02:18:35 +0000] "POST /xmlrpc.php HTTP/1.1" 200 403 "http://www.google.com.hk" "Mozilla/5.0 (Windows NT 6.1; WOW64) AppleWebKit/537.36 (KHTML, like Gecko) Chrome/42.0.2311.90 Safari/537.36"
103.74.123.41 - - [06/Apr/2020:02:23:04 +0000] "GET /wp-login.php HTTP/1.1" 200 7144 "-" "Mozilla/5.0 (X11; Ubuntu; Linux x86_64; rv:62.0) Gecko/20100101 Firefox/62.0"
103.74.123.41 - - [06/Apr/2020:02:23:09 +0000] "POST /wp-login.php HTTP/1.1" 200 8053 "-" "Mozilla/5.0 (X11; Ubuntu; Linux x86_64; rv:62.0) Gecko/20100101 Firefox/62.0"
103.74.123.41 - - [06/Apr/2020:02:23:09 +0000] "POST /xmlrpc.php HTTP/1.1" 200 401 "-" "Mozilla/5.0 (X11; Ubuntu; Linux x86_64; rv:62.0) Gecko/20100101 Firefox/62.0"
50.116.96.227 - - [06/Apr/2020:02:24:33 +0000] "GET /wp-login.php HTTP/1.1" 200 7144 "-" "Mozilla/5.0 (X11; Ubuntu; Linux x86_64; rv:62.0) Gecko/20100101 Firefox/62.0"
50.116.96.227 - - [06/Apr/2020:02:24:37 +0000] "POST /wp-login.php HTTP/1.1" 200 8204 "-" "Mozilla/5.0 (X11; Ubuntu; Linux x86_64; rv:62.0) Gecko/20100101 Firefox/62.0"
50.116.96.227 - - [06/Apr/2020:02:24:39 +0000] "GET /wp-login.php HTTP/1.1" 200 7144 "-" "Mozilla/5.0 (X11; Ubuntu; Linux x86_64; rv:62.0) Gecko/20100101 Firefox/62.0"
50.116.96.227 - - [06/Apr/2020:02:24:41 +0000] "POST /wp-login.php HTTP/1.1" 200 8061 "-" "Mozilla/5.0 (X11; Ubuntu; Linux x86_64; rv:62.0) Gecko/20100101 Firefox/62.0"
50.116.96.227 - - [06/Apr/2020:02:24:42 +0000] "POST /xmlrpc.php HTTP/1.1" 200 401 "-" "Mozilla/5.0 (X11; Ubuntu; Linux x86_64; rv:62.0) Gecko/20100101 Firefox/62.0"
159.89.87.10 - - [06/Apr/2020:02:26:52 +0000] "GET /wp-login.php HTTP/1.1" 200 7144 "-" "Mozilla/5.0 (X11; Ubuntu; Linux x86_64; rv:62.0) Gecko/20100101 Firefox/62.0"
159.89.87.10 - - [06/Apr/2020:02:26:53 +0000] "POST /wp-login.php HTTP/1.1" 200 8053 "-" "Mozilla/5.0 (X11; Ubuntu; Linux x86_64; rv:62.0) Gecko/20100101 Firefox/62.0"
159.89.87.10 - - [06/Apr/2020:02:26:53 +0000] "POST /xmlrpc.php HTTP/1.1" 200 401 "-" "Mozilla/5.0 (X11; Ubuntu; Linux x86_64; rv:62.0) Gecko/20100101 Firefox/62.0"
216.244.66.239 - - [06/Apr/2020:02:27:15 +0000] "GET /test/qbmonthly/vendor/quickbooks/v3-php-sdk/src/XSD2PHP/test/data/expected/ContactCompany/dk/ HTTP/1.1" 200 1149 "-" "Mozilla/5.0 (compatible; DotBot/1.1; http://www.opensiteexplorer.org/dotbot, help@moz.com)"
159.65.95.115 - - [06/Apr/2020:02:27:20 +0000] "CONNECT www.google.com:443 HTTP/1.1" 404 18982 "-" "Java/1.8.0_192"
216.244.66.239 - - [06/Apr/2020:02:28:10 +0000] "GET /test/qbmonthly/vendor/quickbooks/v3-php-sdk/src/XSD2PHP/src/com/mikebevz/xsd2php/?C=N;O=A HTTP/1.1" 200 3229 "-" "Mozilla/5.0 (compatible; DotBot/1.1; http://www.opensiteexplorer.org/dotbot, help@moz.com)"
216.244.66.239 - - [06/Apr/2020:02:29:07 +0000] "GET /test/qbmonthly/vendor/quickbooks/v3-php-sdk/src/XSD2PHP/test/data/expected/simple1/?C=D;O=A HTTP/1.1" 200 1542 "-" "Mozilla/5.0 (compatible; DotBot/1.1; http://www.opensiteexplorer.org/dotbot, help@moz.com)"
68.183.182.101 - - [06/Apr/2020:02:31:33 +0000] "GET /wp-login.php HTTP/1.1" 200 7144 "-" "Mozilla/5.0 (X11; Ubuntu; Linux x86_64; rv:62.0) Gecko/20100101 Firefox/62.0"
68.183.182.101 - - [06/Apr/2020:02:31:33 +0000] "POST /wp-login.php HTTP/1.1" 200 8053 "-" "Mozilla/5.0 (X11; Ubuntu; Linux x86_64; rv:62.0) Gecko/20100101 Firefox/62.0"
68.183.182.101 - - [06/Apr/2020:02:31:33 +0000] "POST /xmlrpc.php HTTP/1.1" 200 401 "-" "Mozilla/5.0 (X11; Ubuntu; Linux x86_64; rv:62.0) Gecko/20100101 Firefox/62.0"
216.244.66.239 - - [06/Apr/2020:02:35:43 +0000] "GET /test/qbmonthly/vendor/quickbooks/v3-php-sdk/src/XSD2PHP/lib/ZF/1.10.7/Zend/Console/?C=D;O=A HTTP/1.1" 200 1323 "-" "Mozilla/5.0 (compatible; DotBot/1.1; http://www.opensiteexplorer.org/dotbot, help@moz.com)"
93.174.93.143 - - [06/Apr/2020:02:37:06 +0000] "GET /w00tw00t.at.blackhats.romanian.anti-sec:) HTTP/1.1" 301 - "-" "ZmEu"
93.174.93.143 - - [06/Apr/2020:02:37:06 +0000] "GET /phpmyadmin/scripts/setup.php HTTP/1.1" 404 19015 "-" "ZmEu"
93.174.93.143 - - [06/Apr/2020:02:37:07 +0000] "GET /phpMyAdmin/scripts/setup.php HTTP/1.1" 404 19015 "-" "ZmEu"
93.174.93.143 - - [06/Apr/2020:02:37:07 +0000] "GET /mysqladmin/scripts/setup.php HTTP/1.1" 404 19015 "-" "ZmEu"
93.174.93.143 - - [06/Apr/2020:02:37:08 +0000] "GET /PMA2012/scripts/setup.php HTTP/1.1" 404 19015 "-" "ZmEu"
93.174.93.143 - - [06/Apr/2020:02:37:08 +0000] "GET /pma2012/scripts/setup.php HTTP/1.1" 404 19015 "-" "ZmEu"
93.174.93.143 - - [06/Apr/2020:02:37:09 +0000] "GET /PMA2011/scripts/setup.php HTTP/1.1" 404 19015 "-" "ZmEu"
93.174.93.143 - - [06/Apr/2020:02:37:09 +0000] "GET /pma2011/scripts/setup.php HTTP/1.1" 404 19015 "-" "ZmEu"
93.174.93.143 - - [06/Apr/2020:02:37:10 +0000] "GET /PMA2013/scripts/setup.php HTTP/1.1" 404 19015 "-" "ZmEu"
93.174.93.143 - - [06/Apr/2020:02:37:10 +0000] "GET /pma2013/scripts/setup.php HTTP/1.1" 404 19015 "-" "ZmEu"
93.174.93.143 - - [06/Apr/2020:02:37:11 +0000] "GET /PMA2014/scripts/setup.php HTTP/1.1" 404 19015 "-" "ZmEu"
93.174.93.143 - - [06/Apr/2020:02:37:11 +0000] "GET /pma2014/scripts/setup.php HTTP/1.1" 404 19015 "-" "ZmEu"
93.174.93.143 - - [06/Apr/2020:02:37:12 +0000] "GET /PMA2015/scripts/setup.php HTTP/1.1" 404 19015 "-" "ZmEu"
93.174.93.143 - - [06/Apr/2020:02:37:12 +0000] "GET /pma2015/scripts/setup.php HTTP/1.1" 404 19015 "-" "ZmEu"
93.174.93.143 - - [06/Apr/2020:02:37:13 +0000] "GET /PMA2016/scripts/setup.php HTTP/1.1" 404 19015 "-" "ZmEu"
93.174.93.143 - - [06/Apr/2020:02:37:13 +0000] "GET /pma2016/scripts/setup.php HTTP/1.1" 404 19015 "-" "ZmEu"
93.174.93.143 - - [06/Apr/2020:02:37:13 +0000] "GET /phpmyadmin2/scripts/setup.php HTTP/1.1" 404 19015 "-" "ZmEu"
93.174.93.143 - - [06/Apr/2020:02:37:14 +0000] "GET /phpmyadmin3/scripts/setup.php HTTP/1.1" 404 19015 "-" "ZmEu"
93.174.93.143 - - [06/Apr/2020:02:37:14 +0000] "GET /phpmyadmin4/scripts/setup.php HTTP/1.1" 404 19015 "-" "ZmEu"
93.174.93.143 - - [06/Apr/2020:02:37:15 +0000] "GET /phpmyadmin5/scripts/setup.php HTTP/1.1" 404 19015 "-" "ZmEu"
93.174.93.143 - - [06/Apr/2020:02:37:15 +0000] "GET /phpmyadmin6/scripts/setup.php HTTP/1.1" 404 19015 "-" "ZmEu"
93.174.93.143 - - [06/Apr/2020:02:37:16 +0000] "GET /phpmyadmin7/scripts/setup.php HTTP/1.1" 404 19015 "-" "ZmEu"
93.174.93.143 - - [06/Apr/2020:02:37:16 +0000] "GET /pma/scripts/setup.php HTTP/1.1" 404 19015 "-" "ZmEu"
93.174.93.143 - - [06/Apr/2020:02:37:17 +0000] "GET /myadmin/scripts/setup.php HTTP/1.1" 404 19015 "-" "ZmEu"
93.174.93.143 - - [06/Apr/2020:02:37:17 +0000] "GET /MyAdmin/scripts/setup.php HTTP/1.1" 404 19015 "-" "ZmEu"
93.174.93.143 - - [06/Apr/2020:02:37:18 +0000] "GET /mysql/scripts/setup.php HTTP/1.1" 404 19015 "-" "ZmEu"
93.174.93.143 - - [06/Apr/2020:02:37:18 +0000] "GET /phpMyAdmin-2.10.0.0/scripts/setup.php HTTP/1.1" 404 19015 "-" "ZmEu"
93.174.93.143 - - [06/Apr/2020:02:37:19 +0000] "GET /phpMyAdmin-2.11.11/scripts/setup.php HTTP/1.1" 404 19015 "-" "ZmEu"
93.174.93.143 - - [06/Apr/2020:02:37:19 +0000] "GET /phpMyAdmin-2.11.11.3/scripts/setup.php HTTP/1.1" 404 19015 "-" "ZmEu"
93.174.93.143 - - [06/Apr/2020:02:37:20 +0000] "GET /phpMyAdmin-3.0.0.0-all-languages/scripts/setup.php HTTP/1.1" 404 19015 "-" "ZmEu"
93.174.93.143 - - [06/Apr/2020:02:37:20 +0000] "GET /dbadmin/scripts/setup.php HTTP/1.1" 404 19015 "-" "ZmEu"
93.174.93.143 - - [06/Apr/2020:02:37:21 +0000] "GET /db/scripts/setup.php HTTP/1.1" 404 19015 "-" "ZmEu"
93.174.93.143 - - [06/Apr/2020:02:37:21 +0000] "GET /scripts/setup.php HTTP/1.1" 404 19015 "-" "ZmEu"
93.174.93.143 - - [06/Apr/2020:02:37:22 +0000] "GET /phpMyAdmin-2/scripts/setup.php HTTP/1.1" 404 19015 "-" "ZmEu"
93.174.93.143 - - [06/Apr/2020:02:37:22 +0000] "GET /mysql/scripts/setup.php HTTP/1.1" 404 19015 "-" "ZmEu"
159.65.219.250 - - [06/Apr/2020:02:39:01 +0000] "GET /wp-login.php HTTP/1.1" 200 7144 "-" "Mozilla/5.0 (X11; Ubuntu; Linux x86_64; rv:62.0) Gecko/20100101 Firefox/62.0"
159.65.219.250 - - [06/Apr/2020:02:39:02 +0000] "POST /wp-login.php HTTP/1.1" 200 8204 "-" "Mozilla/5.0 (X11; Ubuntu; Linux x86_64; rv:62.0) Gecko/20100101 Firefox/62.0"
159.65.219.250 - - [06/Apr/2020:02:39:03 +0000] "GET /wp-login.php HTTP/1.1" 200 7144 "-" "Mozilla/5.0 (X11; Ubuntu; Linux x86_64; rv:62.0) Gecko/20100101 Firefox/62.0"
159.65.219.250 - - [06/Apr/2020:02:39:04 +0000] "POST /wp-login.php HTTP/1.1" 200 8061 "-" "Mozilla/5.0 (X11; Ubuntu; Linux x86_64; rv:62.0) Gecko/20100101 Firefox/62.0"
159.65.219.250 - - [06/Apr/2020:02:39:04 +0000] "POST /xmlrpc.php HTTP/1.1" 200 401 "-" "Mozilla/5.0 (X11; Ubuntu; Linux x86_64; rv:62.0) Gecko/20100101 Firefox/62.0"
45.252.248.23 - - [06/Apr/2020:02:39:05 +0000] "GET /wp-login.php HTTP/1.1" 200 7144 "-" "Mozilla/5.0 (X11; Ubuntu; Linux x86_64; rv:62.0) Gecko/20100101 Firefox/62.0"
45.252.248.23 - - [06/Apr/2020:02:39:06 +0000] "POST /wp-login.php HTTP/1.1" 200 8053 "-" "Mozilla/5.0 (X11; Ubuntu; Linux x86_64; rv:62.0) Gecko/20100101 Firefox/62.0"
45.252.248.23 - - [06/Apr/2020:02:39:07 +0000] "POST /xmlrpc.php HTTP/1.1" 200 401 "-" "Mozilla/5.0 (X11; Ubuntu; Linux x86_64; rv:62.0) Gecko/20100101 Firefox/62.0"
37.59.56.107 - - [06/Apr/2020:02:39:50 +0000] "POST /xmlrpc.php HTTP/1.1" 200 403 "http://www.google.com.hk" "Mozilla/5.0 (Windows NT 6.1; WOW64) AppleWebKit/537.36 (KHTML, like Gecko) Chrome/42.0.2311.90 Safari/537.36"
206.189.134.18 - - [06/Apr/2020:02:44:11 +0000] "GET /wp-login.php HTTP/1.1" 200 7144 "-" "Mozilla/5.0 (X11; Ubuntu; Linux x86_64; rv:62.0) Gecko/20100101 Firefox/62.0"
206.189.134.18 - - [06/Apr/2020:02:44:12 +0000] "POST /wp-login.php HTTP/1.1" 200 8053 "-" "Mozilla/5.0 (X11; Ubuntu; Linux x86_64; rv:62.0) Gecko/20100101 Firefox/62.0"
206.189.134.18 - - [06/Apr/2020:02:44:12 +0000] "POST /xmlrpc.php HTTP/1.1" 200 401 "-" "Mozilla/5.0 (X11; Ubuntu; Linux x86_64; rv:62.0) Gecko/20100101 Firefox/62.0"
198.27.80.123 - - [06/Apr/2020:02:45:35 +0000] "POST /xmlrpc.php HTTP/1.1" 200 403 "http://www.google.com.hk" "Mozilla/5.0 (Windows NT 6.1; WOW64) AppleWebKit/537.36 (KHTML, like Gecko) Chrome/42.0.2311.90 Safari/537.36"
157.230.242.76 - - [06/Apr/2020:02:48:52 +0000] "GET /wp-login.php HTTP/1.1" 200 7144 "-" "Mozilla/5.0 (X11; Ubuntu; Linux x86_64; rv:62.0) Gecko/20100101 Firefox/62.0"
157.230.242.76 - - [06/Apr/2020:02:48:52 +0000] "POST /wp-login.php HTTP/1.1" 200 8053 "-" "Mozilla/5.0 (X11; Ubuntu; Linux x86_64; rv:62.0) Gecko/20100101 Firefox/62.0"
157.230.242.76 - - [06/Apr/2020:02:48:52 +0000] "POST /xmlrpc.php HTTP/1.1" 200 401 "-" "Mozilla/5.0 (X11; Ubuntu; Linux x86_64; rv:62.0) Gecko/20100101 Firefox/62.0"
127.0.0.1 - - [06/Apr/2020:02:52:34 +0000] "POST /wp-cron.php?doing_wp_cron=1586141554.4217729568481445312500 HTTP/1.1" 200 - "https://www.datos.asia/wp-cron.php?doing_wp_cron=1586141554.4217729568481445312500" "WordPress/5.3.2; https://www.datos.asia"
178.128.126.157 - - [06/Apr/2020:02:52:34 +0000] "GET /wp-login.php HTTP/1.1" 200 7144 "-" "Mozilla/5.0 (X11; Ubuntu; Linux x86_64; rv:62.0) Gecko/20100101 Firefox/62.0"
178.128.126.157 - - [06/Apr/2020:02:52:34 +0000] "POST /wp-login.php HTTP/1.1" 200 8053 "-" "Mozilla/5.0 (X11; Ubuntu; Linux x86_64; rv:62.0) Gecko/20100101 Firefox/62.0"
178.128.126.157 - - [06/Apr/2020:02:52:35 +0000] "POST /xmlrpc.php HTTP/1.1" 200 401 "-" "Mozilla/5.0 (X11; Ubuntu; Linux x86_64; rv:62.0) Gecko/20100101 Firefox/62.0"
116.206.233.146 - - [06/Apr/2020:02:52:47 +0000] "GET /wp-login.php HTTP/1.1" 200 7144 "-" "Mozilla/5.0 (X11; Ubuntu; Linux x86_64; rv:62.0) Gecko/20100101 Firefox/62.0"
116.206.233.146 - - [06/Apr/2020:02:52:48 +0000] "POST /wp-login.php HTTP/1.1" 200 8204 "-" "Mozilla/5.0 (X11; Ubuntu; Linux x86_64; rv:62.0) Gecko/20100101 Firefox/62.0"
116.206.233.146 - - [06/Apr/2020:02:52:48 +0000] "GET /wp-login.php HTTP/1.1" 200 7144 "-" "Mozilla/5.0 (X11; Ubuntu; Linux x86_64; rv:62.0) Gecko/20100101 Firefox/62.0"
